Archive member included because of file (symbol)

ym/microbit/source/microbit.a(MicroBit.cpp.o)
                              source/CMakeFiles/sd.dir/C_/Users/paulfo/Documents/Git/lanc/SD/source/main.cpp.o (MicroBit::MicroBit())
ym/microbit-dal/source/microbit-dal.a(MicroBitDevice.cpp.o)
                              ym/microbit/source/microbit.a(MicroBit.cpp.o) (microbit_reset())
ym/microbit-dal/source/microbit-dal.a(MicroBitFiber.cpp.o)
                              ym/microbit/source/microbit.a(MicroBit.cpp.o) (scheduler_init(EventModel&))
ym/microbit-dal/source/microbit-dal.a(MicroBitFont.cpp.o)
                              ym/microbit-dal/source/microbit-dal.a(MicroBitDevice.cpp.o) (MicroBitFont::defaultFont)
ym/microbit-dal/source/microbit-dal.a(MicroBitHeapAllocator.cpp.o)
                              ym/microbit/source/microbit.a(MicroBit.cpp.o) (microbit_create_nested_heap(float))
ym/microbit-dal/source/microbit-dal.a(MicroBitListener.cpp.o)
                              ym/microbit-dal/source/microbit-dal.a(MicroBitFiber.cpp.o) (MicroBitListener::MicroBitListener(unsigned short, unsigned short, void (*)(MicroBitEvent), unsigned short))
ym/microbit-dal/source/microbit-dal.a(MicroBitSystemTimer.cpp.o)
                              ym/microbit-dal/source/microbit-dal.a(MicroBitFiber.cpp.o) (system_timer_current_time())
ym/microbit-dal/source/microbit-dal.a(ManagedString.cpp.o)
                              source/CMakeFiles/sd.dir/C_/Users/paulfo/Documents/Git/lanc/SD/source/main.cpp.o (ManagedString::~ManagedString())
ym/microbit-dal/source/microbit-dal.a(MicroBitEvent.cpp.o)
                              ym/microbit/source/microbit.a(MicroBit.cpp.o) (MicroBitEvent::MicroBitEvent())
ym/microbit-dal/source/microbit-dal.a(PacketBuffer.cpp.o)
                              ym/microbit-dal/source/microbit-dal.a(ManagedString.cpp.o) (PacketBuffer::getBytes())
ym/microbit-dal/source/microbit-dal.a(RefCounted.cpp.o)
                              ym/microbit-dal/source/microbit-dal.a(ManagedString.cpp.o) (RefCounted::init())
ym/microbit-dal/source/microbit-dal.a(MicroBitAccelerometer.cpp.o)
                              source/CMakeFiles/sd.dir/C_/Users/paulfo/Documents/Git/lanc/SD/source/main.cpp.o (MicroBitAccelerometer::~MicroBitAccelerometer())
ym/microbit-dal/source/microbit-dal.a(MicroBitButton.cpp.o)
                              source/CMakeFiles/sd.dir/C_/Users/paulfo/Documents/Git/lanc/SD/source/main.cpp.o (MicroBitButton::~MicroBitButton())
ym/microbit-dal/source/microbit-dal.a(MicroBitCompass.cpp.o)
                              source/CMakeFiles/sd.dir/C_/Users/paulfo/Documents/Git/lanc/SD/source/main.cpp.o (MicroBitCompass::~MicroBitCompass())
ym/microbit-dal/source/microbit-dal.a(MicroBitCompassCalibrator.cpp.o)
                              ym/microbit/source/microbit.a(MicroBit.cpp.o) (MicroBitCompassCalibrator::MicroBitCompassCalibrator(MicroBitCompass&, MicroBitAccelerometer&, MicroBitDisplay&))
ym/microbit-dal/source/microbit-dal.a(MicroBitDisplay.cpp.o)
                              source/CMakeFiles/sd.dir/C_/Users/paulfo/Documents/Git/lanc/SD/source/main.cpp.o (MicroBitDisplay::~MicroBitDisplay())
ym/microbit-dal/source/microbit-dal.a(MicroBitI2C.cpp.o)
                              ym/microbit/source/microbit.a(MicroBit.cpp.o) (MicroBitI2C::MicroBitI2C(PinName, PinName))
ym/microbit-dal/source/microbit-dal.a(MicroBitIO.cpp.o)
                              ym/microbit/source/microbit.a(MicroBit.cpp.o) (MicroBitIO::MicroBitIO(int, int, int, int, int, int, int, int, int, int, int, int, int, int, int, int, int, int, int))
ym/microbit-dal/source/microbit-dal.a(MicroBitLightSensor.cpp.o)
                              ym/microbit-dal/source/microbit-dal.a(MicroBitDisplay.cpp.o) (MicroBitLightSensor::read())
ym/microbit-dal/source/microbit-dal.a(MicroBitMessageBus.cpp.o)
                              ym/microbit/source/microbit.a(MicroBit.cpp.o) (MicroBitMessageBus::add(MicroBitListener*))
ym/microbit-dal/source/microbit-dal.a(MicroBitMultiButton.cpp.o)
                              ym/microbit/source/microbit.a(MicroBit.cpp.o) (MicroBitMultiButton::setEventConfiguration(MicroBitButtonEventConfiguration))
ym/microbit-dal/source/microbit-dal.a(MicroBitPin.cpp.o)
                              ym/microbit-dal/source/microbit-dal.a(MicroBitIO.cpp.o) (MicroBitPin::MicroBitPin(int, PinName, PinCapability))
ym/microbit-dal/source/microbit-dal.a(MicroBitRadio.cpp.o)
                              ym/microbit/source/microbit.a(MicroBit.cpp.o) (MicroBitRadio::MicroBitRadio(unsigned short))
ym/microbit-dal/source/microbit-dal.a(MicroBitRadioDatagram.cpp.o)
                              ym/microbit-dal/source/microbit-dal.a(MicroBitRadio.cpp.o) (MicroBitRadioDatagram::MicroBitRadioDatagram(MicroBitRadio&))
ym/microbit-dal/source/microbit-dal.a(MicroBitRadioEvent.cpp.o)
[...]
Memory Configuration

Name             Origin             Length             Attributes
FLASH            0x00000000         0x00040000         xr
RAM              0x20000000         0x00004000         xrw
*default*        0x00000000         0xffffffff

Linker script and memory map

LOAD c:/yotta/gcc/bin/../lib/gcc/arm-none-eabi/4.9.3/armv6-m/crti.o
LOAD c:/yotta/gcc/bin/../lib/gcc/arm-none-eabi/4.9.3/armv6-m/crtbegin.o
LOAD c:/yotta/gcc/bin/../lib/gcc/arm-none-eabi/4.9.3/../../../../arm-none-eabi/lib/armv6-m/crt0.o
START GROUP
LOAD source/CMakeFiles/sd.dir/C_/Users/paulfo/Documents/Git/lanc/SD/source/FATDirHandle.cpp.o
LOAD source/CMakeFiles/sd.dir/C_/Users/paulfo/Documents/Git/lanc/SD/source/FATFileHandle.cpp.o
LOAD source/CMakeFiles/sd.dir/C_/Users/paulfo/Documents/Git/lanc/SD/source/ccsbcs.cpp.o
LOAD source/CMakeFiles/sd.dir/C_/Users/paulfo/Documents/Git/lanc/SD/source/main.cpp.o
LOAD source/CMakeFiles/sd.dir/C_/Users/paulfo/Documents/Git/lanc/SD/source/FATFileSystem.cpp.o
LOAD source/CMakeFiles/sd.dir/C_/Users/paulfo/Documents/Git/lanc/SD/source/ff.cpp.o
LOAD source/CMakeFiles/sd.dir/C_/Users/paulfo/Documents/Git/lanc/SD/source/SDFileSystem.cpp.o
LOAD source/CMakeFiles/sd.dir/C_/Users/paulfo/Documents/Git/lanc/SD/source/diskio.cpp.o
LOAD ym/microbit/source/microbit.a
LOAD ym/microbit-dal/source/microbit-dal.a
LOAD ym/ble/source/ble.a
LOAD ym/ble-nrf51822/source/ble-nrf51822.a
LOAD ym/ble/source/ble.a
LOAD ym/ble-nrf51822/source/ble-nrf51822.a
LOAD ym/nrf51-sdk/source/nrf51-sdk.a
LOAD ym/mbed-classic/existing/mbed-classic.a
LOAD c:/yotta/gcc/bin/../lib/gcc/arm-none-eabi/4.9.3/../../../../arm-none-eabi/lib/armv6-m\libnosys.a
LOAD c:/yotta/gcc/bin/../lib/gcc/arm-none-eabi/4.9.3/../../../../arm-none-eabi/lib/armv6-m\libstdc++_nano.a
LOAD c:/yotta/gcc/bin/../lib/gcc/arm-none-eabi/4.9.3/../../../../arm-none-eabi/lib/armv6-m\libsupc++_nano.a
LOAD c:/yotta/gcc/bin/../lib/gcc/arm-none-eabi/4.9.3/armv6-m\libgcc.a
LOAD c:/yotta/gcc/bin/../lib/gcc/arm-none-eabi/4.9.3/../../../../arm-none-eabi/lib/armv6-m\libstdc++_nano.a
LOAD c:/yotta/gcc/bin/../lib/gcc/arm-none-eabi/4.9.3/../../../../arm-none-eabi/lib/armv6-m\libsupc++_nano.a
LOAD c:/yotta/gcc/bin/../lib/gcc/arm-none-eabi/4.9.3/../../../../arm-none-eabi/lib/armv6-m\libm.a
LOAD c:/yotta/gcc/bin/../lib/gcc/arm-none-eabi/4.9.3/../../../../arm-none-eabi/lib/armv6-m\libc_nano.a
LOAD c:/yotta/gcc/bin/../lib/gcc/arm-none-eabi/4.9.3/armv6-m\libgcc.a
END GROUP
LOAD c:/yotta/gcc/bin/../lib/gcc/arm-none-eabi/4.9.3/../../../../arm-none-eabi/lib/armv6-m\libstdc++_nano.a
LOAD c:/yotta/gcc/bin/../lib/gcc/arm-none-eabi/4.9.3/../../../../arm-none-eabi/lib/armv6-m\libm.a
LOAD c:/yotta/gcc/bin/../lib/gcc/arm-none-eabi/4.9.3/../../../../arm-none-eabi/lib/armv6-m\libc_nano.a
START GROUP
LOAD c:/yotta/gcc/bin/../lib/gcc/arm-none-eabi/4.9.3/armv6-m\libgcc.a
LOAD c:/yotta/gcc/bin/../lib/gcc/arm-none-eabi/4.9.3/../../../../arm-none-eabi/lib/armv6-m\libc_nano.a
END GROUP
START GROUP
LOAD c:/yotta/gcc/bin/../lib/gcc/arm-none-eabi/4.9.3/armv6-m\libgcc.a
LOAD c:/yotta/gcc/bin/../lib/gcc/arm-none-eabi/4.9.3/../../../../arm-none-eabi/lib/armv6-m\libc_nano.a
END GROUP
LOAD c:/yotta/gcc/bin/../lib/gcc/arm-none-eabi/4.9.3/armv6-m/crtend.o
LOAD c:/yotta/gcc/bin/../lib/gcc/arm-none-eabi/4.9.3/armv6-m/crtn.o

.text           0x00000000    0x145ac
 *(SORT(.Vectors))
 .Vectors       0x00000000       0xc0 ym/mbed-classic/existing/mbed-classic.a(startup_NRF51822.S.obj)
                0x00000000                __Vectors
 *(SORT(.text*))
 .text          0x000000c0       0x60 c:/yotta/gcc/bin/../lib/gcc/arm-none-eabi/4.9.3/armv6-m/crtbegin.o
 .text          0x00000120       0x78 c:/yotta/gcc/bin/../lib/gcc/arm-none-eabi/4.9.3/../../../../arm-none-eabi/lib/armv6-m/crt0.o
                0x00000120                _start
                0x00000120                _mainCRTStartup
 .text._ZN12FATDirHandleC2ERK9FATFS_DIR
                0x00000198       0x1c source/CMakeFiles/sd.dir/C_/Users/paulfo/Documents/Git/lanc/SD/source/FATDirHandle.cpp.o
                0x00000198                FATDirHandle::FATDirHandle(FATFS_DIR const&)
                0x00000198                FATDirHandle::FATDirHandle(FATFS_DIR const&)
 .text._ZN13FATFileHandleD2Ev
                0x000001b4       0x18 source/CMakeFiles/sd.dir/C_/Users/paulfo/Documents/Git/lanc/SD/source/FATFileHandle.cpp.o
                0x000001b4                FATFileHandle::~FATFileHandle()
                0x000001b4                FATFileHandle::~FATFileHandle()
 .text._ZN13FATFileHandle5writeEPKvj
                0x000001cc       0x20 source/CMakeFiles/sd.dir/C_/Users/paulfo/Documents/Git/lanc/SD/source/FATFileHandle.cpp.o
                0x000001cc                FATFileHandle::write(void const*, unsigned int)
 .text._ZN13FATFileHandle4readEPvj
                0x000001ec       0x20 source/CMakeFiles/sd.dir/C_/Users/paulfo/Documents/Git/lanc/SD/source/FATFileHandle.cpp.o
                0x000001ec                FATFileHandle::read(void*, unsigned int)
 .text._ZN13FATFileHandle5lseekEli
                0x0000020c       0x40 source/CMakeFiles/sd.dir/C_/Users/paulfo/Documents/Git/lanc/SD/source/FATFileHandle.cpp.o
                0x0000020c                FATFileHandle::lseek(long, int)
 .text._ZN13FATFileHandle5fsyncEv
                0x0000024c       0x20 source/CMakeFiles/sd.dir/C_/Users/paulfo/Documents/Git/lanc/SD/source/FATFileHandle.cpp.o
                0x0000024c                FATFileHandle::fsync()
 .text._ZN13FATFileHandleC2E3FIL
                0x0000026c       0x2c source/CMakeFiles/sd.dir/C_/Users/paulfo/Documents/Git/lanc/SD/source/FATFileHandle.cpp.o
                0x0000026c                FATFileHandle::FATFileHandle(FIL)
                0x0000026c                FATFileHandle::FATFileHandle(FIL)
 .text.ff_convert
                0x00000298       0x3c source/CMakeFiles/sd.dir/C_/Users/paulfo/Documents/Git/lanc/SD/source/ccsbcs.cpp.o
                0x00000298                ff_convert
 .text.ff_wtoupper
                0x000002d4       0x50 source/CMakeFiles/sd.dir/C_/Users/paulfo/Documents/Git/lanc/SD/source/ccsbcs.cpp.o
                0x000002d4                ff_wtoupper
 .text._ZN14MicroBitSerialD2Ev
                0x00000324       0x18 source/CMakeFiles/sd.dir/C_/Users/paulfo/Documents/Git/lanc/SD/source/main.cpp.o
                0x00000324                MicroBitSerial::~MicroBitSerial()
                0x00000324                MicroBitSerial::~MicroBitSerial()
 .text._ZN12SDFileSystemD2Ev
                0x0000033c       0x14 source/CMakeFiles/sd.dir/C_/Users/paulfo/Documents/Git/lanc/SD/source/main.cpp.o
                0x0000033c                SDFileSystem::~SDFileSystem()
                0x0000033c                SDFileSystem::~SDFileSystem()
 .text.startup.main
                0x00000350       0x90 source/CMakeFiles/sd.dir/C_/Users/paulfo/Documents/Git/lanc/SD/source/main.cpp.o
                0x00000350                main
 .text.startup._GLOBAL__sub_I_uBit
                0x000003e0       0x50 source/CMakeFiles/sd.dir/C_/Users/paulfo/Documents/Git/lanc/SD/source/main.cpp.o
 .text._ZN8MicroBitD2Ev
                0x00000430       0x6c source/CMakeFiles/sd.dir/C_/Users/paulfo/Documents/Git/lanc/SD/source/main.cpp.o
                0x00000430                MicroBit::~MicroBit()
                0x00000430                MicroBit::~MicroBit()
 .text._ZN13FATFileSystem4openEPKci
                0x0000049c       0xb8 source/CMakeFiles/sd.dir/C_/Users/paulfo/Documents/Git/lanc/SD/source/FATFileSystem.cpp.o
                0x0000049c                FATFileSystem::open(char const*, int)
 .text._ZN13FATFileSystem6removeEPKc
                0x00000554       0x20 source/CMakeFiles/sd.dir/C_/Users/paulfo/Documents/Git/lanc/SD/source/FATFileSystem.cpp.o
                0x00000554                FATFileSystem::remove(char const*)
 .text._ZN13FATFileSystem6renameEPKcS1_
                0x00000574       0x24 source/CMakeFiles/sd.dir/C_/Users/paulfo/Documents/Git/lanc/SD/source/FATFileSystem.cpp.o
                0x00000574                FATFileSystem::rename(char const*, char const*)
 .text._ZN13FATFileSystem6formatEv
                0x00000598       0x2c source/CMakeFiles/sd.dir/C_/Users/paulfo/Documents/Git/lanc/SD/source/FATFileSystem.cpp.o
                0x00000598                FATFileSystem::format()
 .text._ZN13FATFileSystemC2EPKc
                0x000005c4       0x5c source/CMakeFiles/sd.dir/C_/Users/paulfo/Documents/Git/lanc/SD/source/FATFileSystem.cpp.o
                0x000005c4                FATFileSystem::FATFileSystem(char const*)
                0x000005c4                FATFileSystem::FATFileSystem(char const*)
 .text._ZN13FATFileSystemD2Ev
                0x00000620       0x34 source/CMakeFiles/sd.dir/C_/Users/paulfo/Documents/Git/lanc/SD/source/FATFileSystem.cpp.o
                0x00000620                FATFileSystem::~FATFileSystem()
                0x00000620                FATFileSystem::~FATFileSystem()
 .text._ZL12get_fileinfoP9FATFS_DIRP7FILINFO
                0x00000654       0xd4 source/CMakeFiles/sd.dir/C_/Users/paulfo/Documents/Git/lanc/SD/source/ff.cpp.o
 .text._ZL7sync_fsP5FATFS
                0x00000728       0xe4 source/CMakeFiles/sd.dir/C_/Users/paulfo/Documents/Git/lanc/SD/source/ff.cpp.o
 .text._ZL8check_fsP5FATFSm
                0x0000080c       0xa4 source/CMakeFiles/sd.dir/C_/Users/paulfo/Documents/Git/lanc/SD/source/ff.cpp.o
 .text._ZL11find_volumePP5FATFSPPKch
                0x000008b0      0x380 source/CMakeFiles/sd.dir/C_/Users/paulfo/Documents/Git/lanc/SD/source/ff.cpp.o
 .text._ZL12create_chainP5FATFSm
                0x00000c30       0xb0 source/CMakeFiles/sd.dir/C_/Users/paulfo/Documents/Git/lanc/SD/source/ff.cpp.o
 .text._ZL8dir_findP9FATFS_DIR.part.6
                0x00000ce0      0x14c source/CMakeFiles/sd.dir/C_/Users/paulfo/Documents/Git/lanc/SD/source/ff.cpp.o
 .text._ZL11follow_pathP9FATFS_DIRPKc
                0x00000e2c      0x284 source/CMakeFiles/sd.dir/C_/Users/paulfo/Documents/Git/lanc/SD/source/ff.cpp.o
 .text._ZL12dir_registerP9FATFS_DIR
                0x000010b0      0x238 source/CMakeFiles/sd.dir/C_/Users/paulfo/Documents/Git/lanc/SD/source/ff.cpp.o
 .text._ZL10dir_removeP9FATFS_DIR
                0x000012e8       0x60 source/CMakeFiles/sd.dir/C_/Users/paulfo/Documents/Git/lanc/SD/source/ff.cpp.o
 .text._ZL8dir_readP9FATFS_DIRi.constprop.8
                0x00001348      0x110 source/CMakeFiles/sd.dir/C_/Users/paulfo/Documents/Git/lanc/SD/source/ff.cpp.o
 .text.f_mount  0x00001458       0x50 source/CMakeFiles/sd.dir/C_/Users/paulfo/Documents/Git/lanc/SD/source/ff.cpp.o
                0x00001458                f_mount
 .text.f_open   0x000014a8      0x14c source/CMakeFiles/sd.dir/C_/Users/paulfo/Documents/Git/lanc/SD/source/ff.cpp.o
                0x000014a8                f_open
 .text.f_opendir
                0x000015f4       0x80 source/CMakeFiles/sd.dir/C_/Users/paulfo/Documents/Git/lanc/SD/source/ff.cpp.o
                0x000015f4                f_opendir
 .text.f_readdir
                0x00001674       0x5c source/CMakeFiles/sd.dir/C_/Users/paulfo/Documents/Git/lanc/SD/source/ff.cpp.o
                0x00001674                f_readdir
 .text.f_unlink
                0x000016d0       0xa0 source/CMakeFiles/sd.dir/C_/Users/paulfo/Documents/Git/lanc/SD/source/ff.cpp.o
                0x000016d0                f_unlink
 .text.f_mkdir  0x00001770      0x18c source/CMakeFiles/sd.dir/C_/Users/paulfo/Documents/Git/lanc/SD/source/ff.cpp.o
                0x00001770                f_mkdir
 .text.f_rename
                0x000018fc      0x10c source/CMakeFiles/sd.dir/C_/Users/paulfo/Documents/Git/lanc/SD/source/ff.cpp.o
                0x000018fc                f_rename
 .text.f_mkfs   0x00001a08      0x5fc source/CMakeFiles/sd.dir/C_/Users/paulfo/Documents/Git/lanc/SD/source/ff.cpp.o
                0x00001a08                f_mkfs
 .text._ZN12SDFileSystemC2E7PinNameS0_S0_S0_PKc
                0x00002004       0x84 source/CMakeFiles/sd.dir/C_/Users/paulfo/Documents/Git/lanc/SD/source/SDFileSystem.cpp.o
                0x00002004                SDFileSystem::SDFileSystem(PinName, PinName, PinName, PinName, char const*)
                0x00002004                SDFileSystem::SDFileSystem(PinName, PinName, PinName, PinName, char const*)
 .text._ZN12SDFileSystem4_cmdEii
                0x00002088       0x88 source/CMakeFiles/sd.dir/C_/Users/paulfo/Documents/Git/lanc/SD/source/SDFileSystem.cpp.o
                0x00002088                SDFileSystem::_cmd(int, int)
 .text._ZN12SDFileSystem18initialise_card_v1Ev
                0x00002110       0x50 source/CMakeFiles/sd.dir/C_/Users/paulfo/Documents/Git/lanc/SD/source/SDFileSystem.cpp.o
                0x00002110                SDFileSystem::initialise_card_v1()
 .text._ZN12SDFileSystem5_cmdxEii
                0x00002160       0x74 source/CMakeFiles/sd.dir/C_/Users/paulfo/Documents/Git/lanc/SD/source/SDFileSystem.cpp.o
                0x00002160                SDFileSystem::_cmdx(int, int)
 .text._ZN12SDFileSystem6_cmd58Ev
                0x000021d4       0xa4 source/CMakeFiles/sd.dir/C_/Users/paulfo/Documents/Git/lanc/SD/source/SDFileSystem.cpp.o
                0x000021d4                SDFileSystem::_cmd58()
 .text._ZN12SDFileSystem18initialise_card_v2Ev
                0x00002278       0x60 source/CMakeFiles/sd.dir/C_/Users/paulfo/Documents/Git/lanc/SD/source/SDFileSystem.cpp.o
                0x00002278                SDFileSystem::initialise_card_v2()
 .text._ZN12SDFileSystem5_cmd8Ev
                0x000022d8       0xa0 source/CMakeFiles/sd.dir/C_/Users/paulfo/Documents/Git/lanc/SD/source/SDFileSystem.cpp.o
                0x000022d8                SDFileSystem::_cmd8()
 .text._ZN12SDFileSystem15initialise_cardEv
                0x00002378       0x74 source/CMakeFiles/sd.dir/C_/Users/paulfo/Documents/Git/lanc/SD/source/SDFileSystem.cpp.o
                0x00002378                SDFileSystem::initialise_card()
 .text._ZN12SDFileSystem11_sd_sectorsEv
                0x000023ec       0xb0 source/CMakeFiles/sd.dir/C_/Users/paulfo/Documents/Git/lanc/SD/source/SDFileSystem.cpp.o
                0x000023ec                SDFileSystem::_sd_sectors()
 .text._ZN12SDFileSystem15disk_initializeEv
                0x0000249c       0x60 source/CMakeFiles/sd.dir/C_/Users/paulfo/Documents/Git/lanc/SD/source/SDFileSystem.cpp.o
                0x0000249c                SDFileSystem::disk_initialize()
 .text.disk_status
                0x000024fc       0x18 source/CMakeFiles/sd.dir/C_/Users/paulfo/Documents/Git/lanc/SD/source/diskio.cpp.o
                0x000024fc                disk_status
 .text.disk_initialize
                0x00002514       0x18 source/CMakeFiles/sd.dir/C_/Users/paulfo/Documents/Git/lanc/SD/source/diskio.cpp.o
                0x00002514                disk_initialize
 .text.disk_read
                0x0000252c       0x1c source/CMakeFiles/sd.dir/C_/Users/paulfo/Documents/Git/lanc/SD/source/diskio.cpp.o
                0x0000252c                disk_read
 .text.disk_write
                0x00002548       0x1c source/CMakeFiles/sd.dir/C_/Users/paulfo/Documents/Git/lanc/SD/source/diskio.cpp.o
                0x00002548                disk_write
 .text.disk_ioctl
                0x00002564       0x5c source/CMakeFiles/sd.dir/C_/Users/paulfo/Documents/Git/lanc/SD/source/diskio.cpp.o
                0x00002564                disk_ioctl
 .text._ZN8MicroBitC2Ev
                0x000025c0      0x180 ym/microbit/source/microbit.a(MicroBit.cpp.o)
                0x000025c0                MicroBit::MicroBit()
                0x000025c0                MicroBit::MicroBit()
 .text._ZN8MicroBit4initEv
                0x00002740       0xa8 ym/microbit/source/microbit.a(MicroBit.cpp.o)
                0x00002740                MicroBit::init()
 .text.NVIC_SystemReset
                0x000027e8       0x18 ym/microbit-dal/source/microbit-dal.a(MicroBitDevice.cpp.o)
 .text._Z14microbit_panici
                0x00002800      0x158 ym/microbit-dal/source/microbit-dal.a(MicroBitDevice.cpp.o)
                0x00002800                microbit_panic(int)
 .text._Z20microbit_seed_randomv
                0x00002958       0x64 ym/microbit-dal/source/microbit-dal.a(MicroBitDevice.cpp.o)
                0x00002958                microbit_seed_random()
 .text._ZN10EventModel6listenEiiPFv13MicroBitEventEt
                0x000029bc       0x60 ym/microbit-dal/source/microbit-dal.a(MicroBitFiber.cpp.o)
                0x000029bc                EventModel::listen(int, int, void (*)(MicroBitEvent), unsigned short)
 .text._Z14scheduler_tickv
                0x00002a1c       0x34 ym/microbit-dal/source/microbit-dal.a(MicroBitFiber.cpp.o)
                0x00002a1c                scheduler_tick()
 .text._Z15scheduler_event13MicroBitEvent
                0x00002a50       0xc8 ym/microbit-dal/source/microbit-dal.a(MicroBitFiber.cpp.o)
                0x00002a50                scheduler_event(MicroBitEvent)
 .text._Z15getFiberContextv
                0x00002b18       0x3c ym/microbit-dal/source/microbit-dal.a(MicroBitFiber.cpp.o)
                0x00002b18                getFiberContext()
 .text._Z23fiber_scheduler_runningv
                0x00002b54       0x10 ym/microbit-dal/source/microbit-dal.a(MicroBitFiber.cpp.o)
                0x00002b54                fiber_scheduler_running()
 .text._Z14scheduler_initR10EventModel
                0x00002b64       0xa8 ym/microbit-dal/source/microbit-dal.a(MicroBitFiber.cpp.o)
                0x00002b64                scheduler_init(EventModel&)
 .text._Z14__create_fibermmmi
                0x00002c0c       0x50 ym/microbit-dal/source/microbit-dal.a(MicroBitFiber.cpp.o)
                0x00002c0c                __create_fiber(unsigned long, unsigned long, unsigned long, int)
 .text._Z24scheduler_runqueue_emptyv
                0x00002c5c       0x10 ym/microbit-dal/source/microbit-dal.a(MicroBitFiber.cpp.o)
                0x00002c5c                scheduler_runqueue_empty()
 .text._Z24fiber_add_idle_componentP17MicroBitComponent
                0x00002c6c       0x1c ym/microbit-dal/source/microbit-dal.a(MicroBitFiber.cpp.o)
                0x00002c6c                fiber_add_idle_component(MicroBitComponent*)
 .text._Z27fiber_remove_idle_componentP17MicroBitComponent
                0x00002c88       0x1c ym/microbit-dal/source/microbit-dal.a(MicroBitFiber.cpp.o)
                0x00002c88                fiber_remove_idle_component(MicroBitComponent*)
 .text._Z4idlev
                0x00002ca4       0x2c ym/microbit-dal/source/microbit-dal.a(MicroBitFiber.cpp.o)
                0x00002ca4                idle()
 .text._Z8schedulev
                0x00002cd0       0xd0 ym/microbit-dal/source/microbit-dal.a(MicroBitFiber.cpp.o)
                0x00002cd0                schedule()
 .text._Z11fiber_sleepm
                0x00002da0       0x54 ym/microbit-dal/source/microbit-dal.a(MicroBitFiber.cpp.o)
                0x00002da0                fiber_sleep(unsigned long)
 .text._Z19fiber_wake_on_eventtt
                0x00002df4       0x9c ym/microbit-dal/source/microbit-dal.a(MicroBitFiber.cpp.o)
                0x00002df4                fiber_wake_on_event(unsigned short, unsigned short)
 .text._Z13release_fiberv
                0x00002e90       0x28 ym/microbit-dal/source/microbit-dal.a(MicroBitFiber.cpp.o)
                0x00002e90                release_fiber()
 .text._Z6invokePFvPvES_
                0x00002eb8       0x80 ym/microbit-dal/source/microbit-dal.a(MicroBitFiber.cpp.o)
                0x00002eb8                invoke(void (*)(void*), void*)
 .text._ZN12MicroBitFont13getSystemFontEv
                0x00002f38       0x10 ym/microbit-dal/source/microbit-dal.a(MicroBitFont.cpp.o)
                0x00002f38                MicroBitFont::getSystemFont()
 .text.startup._GLOBAL__sub_I__ZN12MicroBitFont11defaultFontE
                0x00002f48       0x18 ym/microbit-dal/source/microbit-dal.a(MicroBitFont.cpp.o)
 .text._Z20microbit_create_heapmm
                0x00002f60       0x5c ym/microbit-dal/source/microbit-dal.a(MicroBitHeapAllocator.cpp.o)
                0x00002f60                microbit_create_heap(unsigned long, unsigned long)
 .text._Z27microbit_create_nested_heapf
                0x00002fbc       0x70 ym/microbit-dal/source/microbit-dal.a(MicroBitHeapAllocator.cpp.o)
                0x00002fbc                microbit_create_nested_heap(float)
 .text._Z15microbit_mallocj
                0x0000302c       0x44 ym/microbit-dal/source/microbit-dal.a(MicroBitHeapAllocator.cpp.o)
                0x0000302c                microbit_malloc(unsigned int)
 .text._Z13microbit_freePv
                0x00003070       0x44 ym/microbit-dal/source/microbit-dal.a(MicroBitHeapAllocator.cpp.o)
                0x00003070                microbit_free(void*)
 .text._Z17system_timer_tickv
                0x000030b4       0x34 ym/microbit-dal/source/microbit-dal.a(MicroBitSystemTimer.cpp.o)
                0x000030b4                system_timer_tick()
 .text._Z23system_timer_set_periodi
                0x000030e8       0x48 ym/microbit-dal/source/microbit-dal.a(MicroBitSystemTimer.cpp.o)
                0x000030e8                system_timer_set_period(int)
 .text._Z17system_timer_initi
                0x00003130       0x34 ym/microbit-dal/source/microbit-dal.a(MicroBitSystemTimer.cpp.o)
                0x00003130                system_timer_init(int)
 .text._Z23system_timer_get_periodv
                0x00003164        0xc ym/microbit-dal/source/microbit-dal.a(MicroBitSystemTimer.cpp.o)
                0x00003164                system_timer_get_period()
 .text._Z25system_timer_current_timev
                0x00003170        0xc ym/microbit-dal/source/microbit-dal.a(MicroBitSystemTimer.cpp.o)
                0x00003170                system_timer_current_time()
 .text._Z26system_timer_add_componentP17MicroBitComponent
                0x0000317c       0x30 ym/microbit-dal/source/microbit-dal.a(MicroBitSystemTimer.cpp.o)
                0x0000317c                system_timer_add_component(MicroBitComponent*)
 .text._Z29system_timer_remove_componentP17MicroBitComponent
                0x000031ac       0x1c ym/microbit-dal/source/microbit-dal.a(MicroBitSystemTimer.cpp.o)
                0x000031ac                system_timer_remove_component(MicroBitComponent*)
 .text._ZN13ManagedStringC2EPKc
                0x000031c8       0x20 ym/microbit-dal/source/microbit-dal.a(ManagedString.cpp.o)
                0x000031c8                ManagedString::ManagedString(char const*)
                0x000031c8                ManagedString::ManagedString(char const*)
 .text._ZN13ManagedStringC2Ev
                0x000031e8        0xc ym/microbit-dal/source/microbit-dal.a(ManagedString.cpp.o)
                0x000031e8                ManagedString::ManagedString()
                0x000031e8                ManagedString::ManagedString()
 .text.startup._GLOBAL__sub_I__ZN13ManagedString9initEmptyEv
                0x000031f4       0x28 ym/microbit-dal/source/microbit-dal.a(ManagedString.cpp.o)
 .text._ZN13MicroBitEvent4fireEv
                0x0000321c       0x1c ym/microbit-dal/source/microbit-dal.a(MicroBitEvent.cpp.o)
                0x0000321c                MicroBitEvent::fire()
 .text.startup._GLOBAL__sub_I__ZN12PacketBuffer11EmptyPacketE
                0x00003238       0x24 ym/microbit-dal/source/microbit-dal.a(PacketBuffer.cpp.o)
 .text._ZL16isReadOnlyInlineP10RefCounted
                0x0000325c       0x24 ym/microbit-dal/source/microbit-dal.a(RefCounted.cpp.o)
 .text._ZN21MicroBitAccelerometerD2Ev
                0x00003280       0x18 ym/microbit-dal/source/microbit-dal.a(MicroBitAccelerometer.cpp.o)
                0x00003280                MicroBitAccelerometer::~MicroBitAccelerometer()
                0x00003280                MicroBitAccelerometer::~MicroBitAccelerometer()
 .text._ZN21MicroBitAccelerometer9configureEv
                0x00003298       0xbc ym/microbit-dal/source/microbit-dal.a(MicroBitAccelerometer.cpp.o)
                0x00003298                MicroBitAccelerometer::configure()
 .text._ZN21MicroBitAccelerometer11readCommandEhPhi
                0x00003354       0x4c ym/microbit-dal/source/microbit-dal.a(MicroBitAccelerometer.cpp.o)
                0x00003354                MicroBitAccelerometer::readCommand(unsigned char, unsigned char*, int)
 .text._ZN21MicroBitAccelerometerC2ER11MicroBitI2Ctt
                0x000033a0       0x7c ym/microbit-dal/source/microbit-dal.a(MicroBitAccelerometer.cpp.o)
                0x000033a0                MicroBitAccelerometer::MicroBitAccelerometer(MicroBitI2C&, unsigned short, unsigned short)
                0x000033a0                MicroBitAccelerometer::MicroBitAccelerometer(MicroBitI2C&, unsigned short, unsigned short)
 .text._ZN21MicroBitAccelerometer12updateSampleEv
                0x0000341c       0x84 ym/microbit-dal/source/microbit-dal.a(MicroBitAccelerometer.cpp.o)
                0x0000341c                MicroBitAccelerometer::updateSample()
 .text._ZN21MicroBitAccelerometer20instantaneousPostureEv
                0x000034a0      0x1ec ym/microbit-dal/source/microbit-dal.a(MicroBitAccelerometer.cpp.o)
                0x000034a0                MicroBitAccelerometer::instantaneousPosture()
 .text._ZN14MicroBitButton10systemTickEv
                0x0000368c       0xc8 ym/microbit-dal/source/microbit-dal.a(MicroBitButton.cpp.o)
                0x0000368c                MicroBitButton::systemTick()
 .text._ZN14MicroBitButtonD2Ev
                0x00003754       0x18 ym/microbit-dal/source/microbit-dal.a(MicroBitButton.cpp.o)
                0x00003754                MicroBitButton::~MicroBitButton()
                0x00003754                MicroBitButton::~MicroBitButton()
 .text._ZN14MicroBitButtonC2E7PinNamet32MicroBitButtonEventConfiguration7PinMode
                0x0000376c       0x5c ym/microbit-dal/source/microbit-dal.a(MicroBitButton.cpp.o)
                0x0000376c                MicroBitButton::MicroBitButton(PinName, unsigned short, MicroBitButtonEventConfiguration, PinMode)
                0x0000376c                MicroBitButton::MicroBitButton(PinName, unsigned short, MicroBitButtonEventConfiguration, PinMode)
 .text._ZN15MicroBitCompassD2Ev
                0x000037c8       0x18 ym/microbit-dal/source/microbit-dal.a(MicroBitCompass.cpp.o)
                0x000037c8                MicroBitCompass::~MicroBitCompass()
                0x000037c8                MicroBitCompass::~MicroBitCompass()
 .text._ZN15MicroBitCompass11readCommandEhPhi
                0x000037e0       0x4c ym/microbit-dal/source/microbit-dal.a(MicroBitCompass.cpp.o)
                0x000037e0                MicroBitCompass::readCommand(unsigned char, unsigned char*, int)
 .text._ZN15MicroBitCompass6read16Eh
                0x0000382c       0x4c ym/microbit-dal/source/microbit-dal.a(MicroBitCompass.cpp.o)
                0x0000382c                MicroBitCompass::read16(unsigned char)
 .text._ZN15MicroBitCompass5read8Eh
                0x00003878       0x24 ym/microbit-dal/source/microbit-dal.a(MicroBitCompass.cpp.o)
                0x00003878                MicroBitCompass::read8(unsigned char)
 .text._ZN15MicroBitCompass12basicBearingEv
                0x0000389c       0x84 ym/microbit-dal/source/microbit-dal.a(MicroBitCompass.cpp.o)
                0x0000389c                MicroBitCompass::basicBearing()
 .text._ZN15MicroBitCompass22tiltCompensatedBearingEv
                0x00003920      0x13c ym/microbit-dal/source/microbit-dal.a(MicroBitCompass.cpp.o)
                0x00003920                MicroBitCompass::tiltCompensatedBearing()
 .text._ZN15MicroBitCompass9configureEv
                0x00003a5c       0x8c ym/microbit-dal/source/microbit-dal.a(MicroBitCompass.cpp.o)
                0x00003a5c                MicroBitCompass::configure()
 .text._ZN15MicroBitCompass9calibrateEv
                0x00003ae8       0x48 ym/microbit-dal/source/microbit-dal.a(MicroBitCompass.cpp.o)
                0x00003ae8                MicroBitCompass::calibrate()
 .text._ZN15MicroBitCompass7headingEv
                0x00003b30       0x30 ym/microbit-dal/source/microbit-dal.a(MicroBitCompass.cpp.o)
                0x00003b30                MicroBitCompass::heading()
 .text._ZN15MicroBitCompass14setCalibrationE13CompassSample
                0x00003b60       0x44 ym/microbit-dal/source/microbit-dal.a(MicroBitCompass.cpp.o)
                0x00003b60                MicroBitCompass::setCalibration(CompassSample)
 .text._ZN15MicroBitCompass4initEtt
                0x00003ba4       0x6c ym/microbit-dal/source/microbit-dal.a(MicroBitCompass.cpp.o)
                0x00003ba4                MicroBitCompass::init(unsigned short, unsigned short)
 .text._ZN15MicroBitCompassC2ER11MicroBitI2CR21MicroBitAccelerometerR15MicroBitStoragett
                0x00003c10       0x50 ym/microbit-dal/source/microbit-dal.a(MicroBitCompass.cpp.o)
                0x00003c10                MicroBitCompass::MicroBitCompass(MicroBitI2C&, MicroBitAccelerometer&, MicroBitStorage&, unsigned short, unsigned short)
                0x00003c10                MicroBitCompass::MicroBitCompass(MicroBitI2C&, MicroBitAccelerometer&, MicroBitStorage&, unsigned short, unsigned short)
 .text._ZN25MicroBitCompassCalibrator9calibrateE13MicroBitEvent
                0x00003c60      0x368 ym/microbit-dal/source/microbit-dal.a(MicroBitCompassCalibrator.cpp.o)
                0x00003c60                MicroBitCompassCalibrator::calibrate(MicroBitEvent)
 .text._ZN25MicroBitCompassCalibratorC2ER15MicroBitCompassR21MicroBitAccelerometerR15MicroBitDisplay
                0x00003fc8       0x94 ym/microbit-dal/source/microbit-dal.a(MicroBitCompassCalibrator.cpp.o)
                0x00003fc8                MicroBitCompassCalibrator::MicroBitCompassCalibrator(MicroBitCompass&, MicroBitAccelerometer&, MicroBitDisplay&)
                0x00003fc8                MicroBitCompassCalibrator::MicroBitCompassCalibrator(MicroBitCompass&, MicroBitAccelerometer&, MicroBitDisplay&)
 .text._ZN15MicroBitDisplay15renderGreyscaleEv
                0x0000405c       0xe0 ym/microbit-dal/source/microbit-dal.a(MicroBitDisplay.cpp.o)
                0x0000405c                MicroBitDisplay::renderGreyscale()
 .text._ZN4mbed6TickerD2Ev
                0x0000413c       0x1c ym/microbit-dal/source/microbit-dal.a(MicroBitDisplay.cpp.o)
                0x0000413c                mbed::Ticker::~Ticker()
                0x0000413c                mbed::Ticker::~Ticker()
 .text._ZN15MicroBitDisplayD2Ev
                0x00004158       0x48 ym/microbit-dal/source/microbit-dal.a(MicroBitDisplay.cpp.o)
                0x00004158                MicroBitDisplay::~MicroBitDisplay()
                0x00004158                MicroBitDisplay::~MicroBitDisplay()
 .text._ZN15MicroBitDisplayC2EtRK9MatrixMap
                0x000041a0       0xd4 ym/microbit-dal/source/microbit-dal.a(MicroBitDisplay.cpp.o)
                0x000041a0                MicroBitDisplay::MicroBitDisplay(unsigned short, MatrixMap const&)
                0x000041a0                MicroBitDisplay::MicroBitDisplay(unsigned short, MatrixMap const&)
 .text._ZN15MicroBitDisplay6renderEv
                0x00004274       0xe4 ym/microbit-dal/source/microbit-dal.a(MicroBitDisplay.cpp.o)
                0x00004274                MicroBitDisplay::render()
 .text._ZN15MicroBitDisplay26sendAnimationCompleteEventEv
                0x00004358       0x20 ym/microbit-dal/source/microbit-dal.a(MicroBitDisplay.cpp.o)
                0x00004358                MicroBitDisplay::sendAnimationCompleteEvent()
 .text._ZN15MicroBitDisplay13stopAnimationEv
                0x00004378       0x38 ym/microbit-dal/source/microbit-dal.a(MicroBitDisplay.cpp.o)
                0x00004378                MicroBitDisplay::stopAnimation()
 .text._ZN15MicroBitDisplay18waitForFreeDisplayEv
                0x000043b0       0x20 ym/microbit-dal/source/microbit-dal.a(MicroBitDisplay.cpp.o)
                0x000043b0                MicroBitDisplay::waitForFreeDisplay()
 .text._ZN15MicroBitDisplay9fiberWaitEv
                0x000043d0       0x2c ym/microbit-dal/source/microbit-dal.a(MicroBitDisplay.cpp.o)
                0x000043d0                MicroBitDisplay::fiberWait()
 .text._ZN15MicroBitDisplay10printAsyncE13MicroBitImageiiii
                0x000043fc       0x58 ym/microbit-dal/source/microbit-dal.a(MicroBitDisplay.cpp.o)
                0x000043fc                MicroBitDisplay::printAsync(MicroBitImage, int, int, int, int)
 .text._ZN15MicroBitDisplay11scrollAsyncE13ManagedStringi
                0x00004454       0x54 ym/microbit-dal/source/microbit-dal.a(MicroBitDisplay.cpp.o)
                0x00004454                MicroBitDisplay::scrollAsync(ManagedString, int)
 .text._ZN15MicroBitDisplay6scrollE13ManagedStringi
                0x000044a8       0x50 ym/microbit-dal/source/microbit-dal.a(MicroBitDisplay.cpp.o)
                0x000044a8                MicroBitDisplay::scroll(ManagedString, int)
 .text._ZN11MicroBitI2C4readEiPcib
                0x000044f8       0x94 ym/microbit-dal/source/microbit-dal.a(MicroBitI2C.cpp.o)
                0x000044f8                MicroBitI2C::read(int, char*, int, bool)
 .text._ZN11MicroBitI2C5writeEiPKcib
                0x0000458c       0x94 ym/microbit-dal/source/microbit-dal.a(MicroBitI2C.cpp.o)
                0x0000458c                MicroBitI2C::write(int, char const*, int, bool)
 .text._ZThn4_N18MicroBitMessageBus20isIdleCallbackNeededEv
                0x00004620       0x10 ym/microbit-dal/source/microbit-dal.a(MicroBitMessageBus.cpp.o)
                0x00004620                non-virtual thunk to MicroBitMessageBus::isIdleCallbackNeeded()
 .text._ZN18MicroBitMessageBus6removeEP16MicroBitListener
                0x00004630       0x7c ym/microbit-dal/source/microbit-dal.a(MicroBitMessageBus.cpp.o)
                0x00004630                MicroBitMessageBus::remove(MicroBitListener*)
 .text._ZN18MicroBitMessageBus3addEP16MicroBitListener
                0x000046ac       0xd0 ym/microbit-dal/source/microbit-dal.a(MicroBitMessageBus.cpp.o)
                0x000046ac                MicroBitMessageBus::add(MicroBitListener*)
 .text._ZN18MicroBitMessageBusD2Ev
                0x0000477c       0x20 ym/microbit-dal/source/microbit-dal.a(MicroBitMessageBus.cpp.o)
                0x0000477c                MicroBitMessageBus::~MicroBitMessageBus()
                0x0000477c                MicroBitMessageBus::~MicroBitMessageBus()
 .text._ZThn4_N18MicroBitMessageBusD1Ev
                0x0000479c       0x10 ym/microbit-dal/source/microbit-dal.a(MicroBitMessageBus.cpp.o)
                0x0000479c                non-virtual thunk to MicroBitMessageBus::~MicroBitMessageBus()
 .text._ZThn4_N18MicroBitMessageBusD0Ev
                0x000047ac       0x10 ym/microbit-dal/source/microbit-dal.a(MicroBitMessageBus.cpp.o)
                0x000047ac                non-virtual thunk to MicroBitMessageBus::~MicroBitMessageBus()
 .text._ZN18MicroBitMessageBusC2Ev
                0x000047bc       0x3c ym/microbit-dal/source/microbit-dal.a(MicroBitMessageBus.cpp.o)
                0x000047bc                MicroBitMessageBus::MicroBitMessageBus()
                0x000047bc                MicroBitMessageBus::MicroBitMessageBus()
 .text._ZN18MicroBitMessageBus7processER13MicroBitEventb
                0x000047f8       0x84 ym/microbit-dal/source/microbit-dal.a(MicroBitMessageBus.cpp.o)
                0x000047f8                MicroBitMessageBus::process(MicroBitEvent&, bool)
 .text._ZThn4_N18MicroBitMessageBus8idleTickEv
                0x0000487c       0x10 ym/microbit-dal/source/microbit-dal.a(MicroBitMessageBus.cpp.o)
                0x0000487c                non-virtual thunk to MicroBitMessageBus::idleTick()
 .text._ZN10EventModel6listenI19MicroBitMultiButtonEEittPT_MS2_Fv13MicroBitEventEt
                0x0000488c       0xac ym/microbit-dal/source/microbit-dal.a(MicroBitMultiButton.cpp.o)
                0x0000488c                int EventModel::listen<MicroBitMultiButton>(unsigned short, unsigned short, MicroBitMultiButton*, void (MicroBitMultiButton::*)(MicroBitEvent), unsigned short)
 .text._ZN19MicroBitMultiButtonC2Ettt
                0x00004938       0x70 ym/microbit-dal/source/microbit-dal.a(MicroBitMultiButton.cpp.o)
                0x00004938                MicroBitMultiButton::MicroBitMultiButton(unsigned short, unsigned short, unsigned short)
                0x00004938                MicroBitMultiButton::MicroBitMultiButton(unsigned short, unsigned short, unsigned short)
 .text._ZN11MicroBitPinC2Ei7PinName13PinCapability
                0x000049a8       0x18 ym/microbit-dal/source/microbit-dal.a(MicroBitPin.cpp.o)
                0x000049a8                MicroBitPin::MicroBitPin(int, PinName, PinCapability)
                0x000049a8                MicroBitPin::MicroBitPin(int, PinName, PinCapability)
 .text._ZN13MicroBitRadioC2Et
                0x000049c0       0x44 ym/microbit-dal/source/microbit-dal.a(MicroBitRadio.cpp.o)
                0x000049c0                MicroBitRadio::MicroBitRadio(unsigned short)
                0x000049c0                MicroBitRadio::MicroBitRadio(unsigned short)
 .text._ZN13MicroBitRadio7setRSSIEh
                0x00004a04       0x14 ym/microbit-dal/source/microbit-dal.a(MicroBitRadio.cpp.o)
                0x00004a04                MicroBitRadio::setRSSI(unsigned char)
 .text._ZN13MicroBitRadio7getRSSIEv
                0x00004a18       0x14 ym/microbit-dal/source/microbit-dal.a(MicroBitRadio.cpp.o)
                0x00004a18                MicroBitRadio::getRSSI()
 .text._ZN13MicroBitRadio10queueRxBufEv
                0x00004a2c       0x60 ym/microbit-dal/source/microbit-dal.a(MicroBitRadio.cpp.o)
                0x00004a2c                MicroBitRadio::queueRxBuf()
 .text.RADIO_IRQHandler
                0x00004a8c       0x60 ym/microbit-dal/source/microbit-dal.a(MicroBitRadio.cpp.o)
                0x00004a8c                RADIO_IRQHandler
 .text._ZN14MicroBitSerial4baudEi
                0x00004aec       0x14 ym/microbit-dal/source/microbit-dal.a(MicroBitSerial.cpp.o)
                0x00004aec                MicroBitSerial::baud(int)
 .text._ZN14MicroBitSerialC2E7PinNameS0_hh
                0x00004b00       0x4c ym/microbit-dal/source/microbit-dal.a(MicroBitSerial.cpp.o)
                0x00004b00                MicroBitSerial::MicroBitSerial(PinName, PinName, unsigned char, unsigned char)
                0x00004b00                MicroBitSerial::MicroBitSerial(PinName, PinName, unsigned char, unsigned char)
 .text._ZN15MicroBitStorage14flashPageEraseEPm
                0x00004b4c       0x40 ym/microbit-dal/source/microbit-dal.a(MicroBitStorage.cpp.o)
                0x00004b4c                MicroBitStorage::flashPageErase(unsigned long*)
 .text._ZN15MicroBitStorage9flashCopyEPmS0_i
                0x00004b8c       0x48 ym/microbit-dal/source/microbit-dal.a(MicroBitStorage.cpp.o)
                0x00004b8c                MicroBitStorage::flashCopy(unsigned long*, unsigned long*, int)
 .text._ZN15MicroBitStorage14flashWordWriteEPmm
                0x00004bd4       0x38 ym/microbit-dal/source/microbit-dal.a(MicroBitStorage.cpp.o)
                0x00004bd4                MicroBitStorage::flashWordWrite(unsigned long*, unsigned long)
 .text._ZN15MicroBitStorage4sizeEv
                0x00004c0c       0x60 ym/microbit-dal/source/microbit-dal.a(MicroBitStorage.cpp.o)
                0x00004c0c                MicroBitStorage::size()
 .text._ZN15MicroBitStorage3putEPKcPh
                0x00004c6c      0x170 ym/microbit-dal/source/microbit-dal.a(MicroBitStorage.cpp.o)
                0x00004c6c                MicroBitStorage::put(char const*, unsigned char*)
 .text._ZN19MicroBitThermometerC2ER15MicroBitStoraget
                0x00004ddc       0x5c ym/microbit-dal/source/microbit-dal.a(MicroBitThermometer.cpp.o)
                0x00004ddc                MicroBitThermometer::MicroBitThermometer(MicroBitStorage&, unsigned short)
                0x00004ddc                MicroBitThermometer::MicroBitThermometer(MicroBitStorage&, unsigned short)
 .text._ZN19MicroBitThermometer12updateSampleEv
                0x00004e38       0x8c ym/microbit-dal/source/microbit-dal.a(MicroBitThermometer.cpp.o)
                0x00004e38                MicroBitThermometer::updateSample()
 .text._ZN18MicroBitBLEManagerD2Ev
                0x00004ec4       0x20 ym/microbit-dal/source/microbit-dal.a(MicroBitBLEManager.cpp.o)
                0x00004ec4                MicroBitBLEManager::~MicroBitBLEManager()
                0x00004ec4                MicroBitBLEManager::~MicroBitBLEManager()
 .text._ZN18MicroBitBLEManager8idleTickEv
                0x00004ee4       0x28 ym/microbit-dal/source/microbit-dal.a(MicroBitBLEManager.cpp.o)
                0x00004ee4                MicroBitBLEManager::idleTick()
 .text._ZN18MicroBitBLEManagerC2ER15MicroBitStorage
                0x00004f0c       0x34 ym/microbit-dal/source/microbit-dal.a(MicroBitBLEManager.cpp.o)
                0x00004f0c                MicroBitBLEManager::MicroBitBLEManager(MicroBitStorage&)
                0x00004f0c                MicroBitBLEManager::MicroBitBLEManager(MicroBitStorage&)
 .text          0x00004f40      0x124 ym/microbit-dal/source/microbit-dal.a(CortexContextSwitch.s.obj)
                0x00004f40                swap_context
                0x00004fc2                save_context
                0x00005006                save_register_context
                0x00005036                restore_register_context
 .text._ZN13MicroBitImageC2Ev
                0x00005064        0xc ym/microbit-dal/source/microbit-dal.a(MicroBitImage.cpp.o)
                0x00005064                MicroBitImage::MicroBitImage()
                0x00005064                MicroBitImage::MicroBitImage()
 .text._ZN13MicroBitImage13setPixelValueEssh
                0x00005070       0x2c ym/microbit-dal/source/microbit-dal.a(MicroBitImage.cpp.o)
                0x00005070                MicroBitImage::setPixelValue(short, short, unsigned char)
 .text._ZN13MicroBitImage10printImageEssPKh
                0x0000509c       0x5c ym/microbit-dal/source/microbit-dal.a(MicroBitImage.cpp.o)
                0x0000509c                MicroBitImage::printImage(short, short, unsigned char const*)
 .text._ZN13MicroBitImage4initEssPKh
                0x000050f8       0x4c ym/microbit-dal/source/microbit-dal.a(MicroBitImage.cpp.o)
                0x000050f8                MicroBitImage::init(short, short, unsigned char const*)
 .text._ZN13MicroBitImageC2EPKc
                0x00005144       0xa4 ym/microbit-dal/source/microbit-dal.a(MicroBitImage.cpp.o)
                0x00005144                MicroBitImage::MicroBitImage(char const*)
                0x00005144                MicroBitImage::MicroBitImage(char const*)
 .text._ZN13MicroBitImage5printEcss
                0x000051e8       0x94 ym/microbit-dal/source/microbit-dal.a(MicroBitImage.cpp.o)
                0x000051e8                MicroBitImage::print(char, short, short)
 .text._ZN13MicroBitImage9shiftLeftEs
                0x0000527c       0x54 ym/microbit-dal/source/microbit-dal.a(MicroBitImage.cpp.o)
                0x0000527c                MicroBitImage::shiftLeft(short)
 .text.startup._GLOBAL__sub_I__ZN13MicroBitImage10EmptyImageE
                0x000052d0       0x28 ym/microbit-dal/source/microbit-dal.a(MicroBitImage.cpp.o)
 .text._ZNK3BLE3gapEv
                0x000052f8       0x20 ym/ble/source/ble.a(BLE.cpp.o)
                0x000052f8                BLE::gap() const
 .text._ZN3BLE3gapEv
                0x00005318       0x20 ym/ble/source/ble.a(BLE.cpp.o)
                0x00005318                BLE::gap()
 .text.app_error_handler
                0x00005338       0x20 ym/ble-nrf51822/source/ble-nrf51822.a(btle.cpp.o)
                0x00005338                app_error_handler
 .text.SWI1_IRQHandler
                0x00005358       0x20 ym/nrf51-sdk/source/nrf51-sdk.a(ble_radio_notification.c.o)
                0x00005358                SWI1_IRQHandler
 .text.intern_softdevice_events_execute
                0x00005378       0xb0 ym/nrf51-sdk/source/nrf51-sdk.a(softdevice_handler.c.o)
                0x00005378                intern_softdevice_events_execute
 .text.SWI2_IRQHandler
                0x00005428       0x24 ym/nrf51-sdk/source/nrf51-sdk.a(softdevice_handler.c.o)
                0x00005428                SWI2_IRQHandler
 .text._ZN4mbed14FileSystemLikeC2EPKc
                0x0000544c       0x18 ym/mbed-classic/existing/mbed-classic.a(FileSystemLike.cpp.o)
                0x0000544c                mbed::FileSystemLike::FileSystemLike(char const*)
                0x0000544c                mbed::FileSystemLike::FileSystemLike(char const*)
 .text._ZN4mbed14FileSystemLikeD2Ev
                0x00005464       0x18 ym/mbed-classic/existing/mbed-classic.a(FileSystemLike.cpp.o)
                0x00005464                mbed::FileSystemLike::~FileSystemLike()
                0x00005464                mbed::FileSystemLike::~FileSystemLike()
 .text._ZN4mbed14FileSystemLike7opendirEv
                0x0000547c       0x28 ym/mbed-classic/existing/mbed-classic.a(FileSystemLike.cpp.o)
                0x0000547c                mbed::FileSystemLike::opendir()
 .text._ZN4mbed3I2CC2E7PinNameS1_
                0x000054a4       0x30 ym/mbed-classic/existing/mbed-classic.a(I2C.cpp.o)
                0x000054a4                mbed::I2C::I2C(PinName, PinName)
                0x000054a4                mbed::I2C::I2C(PinName, PinName)
 .text._ZN4mbed3I2C6aquireEv
                0x000054d4       0x1c ym/mbed-classic/existing/mbed-classic.a(I2C.cpp.o)
                0x000054d4                mbed::I2C::aquire()
 .text._ZN4mbed11InterruptInD2Ev
                0x000054f0       0x18 ym/mbed-classic/existing/mbed-classic.a(InterruptIn.cpp.o)
                0x000054f0                mbed::InterruptIn::~InterruptIn()
                0x000054f0                mbed::InterruptIn::~InterruptIn()
 .text._ZN4mbed11InterruptInC2E7PinName
                0x00005508       0x48 ym/mbed-classic/existing/mbed-classic.a(InterruptIn.cpp.o)
                0x00005508                mbed::InterruptIn::InterruptIn(PinName)
                0x00005508                mbed::InterruptIn::InterruptIn(PinName)
 .text._ZN4mbed9RawSerialC2E7PinNameS1_
                0x00005550       0x14 ym/mbed-classic/existing/mbed-classic.a(RawSerial.cpp.o)
                0x00005550                mbed::RawSerial::RawSerial(PinName, PinName)
                0x00005550                mbed::RawSerial::RawSerial(PinName, PinName)
 .text._ZL11init_serialv
                0x00005564       0x20 ym/mbed-classic/existing/mbed-classic.a(retarget.cpp.o)
 .text._ZN4mbed10FileHandleD2Ev
                0x00005584       0x28 ym/mbed-classic/existing/mbed-classic.a(retarget.cpp.o)
                0x00005584                mbed::FileHandle::~FileHandle()
                0x00005584                mbed::FileHandle::~FileHandle()
 .text._open    0x000055ac       0xd8 ym/mbed-classic/existing/mbed-classic.a(retarget.cpp.o)
                0x000055ac                _open
 .text._close   0x00005684       0x2c ym/mbed-classic/existing/mbed-classic.a(retarget.cpp.o)
                0x00005684                _close
 .text._write   0x000056b0       0x54 ym/mbed-classic/existing/mbed-classic.a(retarget.cpp.o)
                0x000056b0                _write
 .text._read    0x00005704       0x48 ym/mbed-classic/existing/mbed-classic.a(retarget.cpp.o)
                0x00005704                _read
 .text._isatty  0x0000574c       0x28 ym/mbed-classic/existing/mbed-classic.a(retarget.cpp.o)
                0x0000574c                _isatty
 .text._lseek   0x00005774       0x28 ym/mbed-classic/existing/mbed-classic.a(retarget.cpp.o)
                0x00005774                _lseek
 .text._ZN9__gnu_cxx27__verbose_terminate_handlerEv
                0x0000579c       0x10 ym/mbed-classic/existing/mbed-classic.a(retarget.cpp.o)
                0x0000579c                __gnu_cxx::__verbose_terminate_handler()
 .text._sbrk    0x000057ac       0x28 ym/mbed-classic/existing/mbed-classic.a(retarget.cpp.o)
                0x000057ac                _sbrk
 .text._ZN4mbed10SerialBaseC2E7PinNameS1_
                0x000057d4       0x3c ym/mbed-classic/existing/mbed-classic.a(SerialBase.cpp.o)
                0x000057d4                mbed::SerialBase::SerialBase(PinName, PinName)
                0x000057d4                mbed::SerialBase::SerialBase(PinName, PinName)
 .text._ZN4mbed3SPIC2E7PinNameS1_S1_S1_
                0x00005810       0x4c ym/mbed-classic/existing/mbed-classic.a(SPI.cpp.o)
                0x00005810                mbed::SPI::SPI(PinName, PinName, PinName, PinName)
                0x00005810                mbed::SPI::SPI(PinName, PinName, PinName, PinName)
 .text._ZN4mbed3SPI6aquireEv
                0x0000585c       0x2c ym/mbed-classic/existing/mbed-classic.a(SPI.cpp.o)
                0x0000585c                mbed::SPI::aquire()
 .text._ZN4mbed3SPI9frequencyEi
                0x00005888       0x14 ym/mbed-classic/existing/mbed-classic.a(SPI.cpp.o)
                0x00005888                mbed::SPI::frequency(int)
 .text._ZN4mbed7TimeoutD2Ev
                0x0000589c       0x1c ym/mbed-classic/existing/mbed-classic.a(Timeout.cpp.o)
                0x0000589c                mbed::Timeout::~Timeout()
                0x0000589c                mbed::Timeout::~Timeout()
 .text._ZN4mbed10TimerEventC2Ev
                0x000058b8       0x2c ym/mbed-classic/existing/mbed-classic.a(TimerEvent.cpp.o)
                0x000058b8                mbed::TimerEvent::TimerEvent()
                0x000058b8                mbed::TimerEvent::TimerEvent()
 .text._ZN4mbed10TimerEventD2Ev
                0x000058e4       0x18 ym/mbed-classic/existing/mbed-classic.a(TimerEvent.cpp.o)
                0x000058e4                mbed::TimerEvent::~TimerEvent()
                0x000058e4                mbed::TimerEvent::~TimerEvent()
 .text.set_time
                0x000058fc       0x24 ym/mbed-classic/existing/mbed-classic.a(rtc_time.c.o)
                0x000058fc                set_time
 .text.time     0x00005920       0x30 ym/mbed-classic/existing/mbed-classic.a(rtc_time.c.o)
                0x00005920                time
 .text.get_us_ticker_data
                0x00005950        0x8 ym/mbed-classic/existing/mbed-classic.a(us_ticker_api.c.o)
                0x00005950                get_us_ticker_data
 .text.us_ticker_irq_handler
                0x00005958       0x10 ym/mbed-classic/existing/mbed-classic.a(us_ticker_api.c.o)
                0x00005958                us_ticker_irq_handler
 .text          0x00005968       0x48 ym/mbed-classic/existing/mbed-classic.a(startup_NRF51822.S.obj)
                0x00005968                Reset_Handler
                0x000059a4                NMI_Handler
                0x000059a6                HardFault_Handler
                0x000059a8                SVC_Handler
                0x000059aa                PendSV_Handler
                0x000059ac                SysTick_Handler
                0x000059ae                POWER_CLOCK_IRQHandler
                0x000059ae                RTC0_IRQHandler
                0x000059ae                SWI4_IRQHandler
                0x000059ae                TEMP_IRQHandler
                0x000059ae                QDEC_IRQHandler
                0x000059ae                SWI5_IRQHandler
                0x000059ae                TIMER0_IRQHandler
                0x000059ae                LPCOMP_IRQHandler
                0x000059ae                SWI0_IRQHandler
                0x000059ae                ECB_IRQHandler
                0x000059ae                Default_Handler
                0x000059ae                ADC_IRQHandler
                0x000059ae                SWI3_IRQHandler
                0x000059ae                CCM_AAR_IRQHandler
                0x000059ae                WDT_IRQHandler
                0x000059ae                SPI0_TWI0_IRQHandler
                0x000059ae                RNG_IRQHandler
                0x000059ae                SPI1_TWI1_IRQHandler
                0x000059ae                RTC1_IRQHandler
 .text.gpio_init
                0x000059b0       0x30 ym/mbed-classic/existing/mbed-classic.a(gpio_api.c.o)
                0x000059b0                gpio_init
 .text.GPIOTE_IRQHandler
                0x000059e0       0xf4 ym/mbed-classic/existing/mbed-classic.a(gpio_irq_api.c.o)
                0x000059e0                GPIOTE_IRQHandler
 .text.gpio_irq_init
                0x00005ad4       0x60 ym/mbed-classic/existing/mbed-classic.a(gpio_irq_api.c.o)
                0x00005ad4                gpio_irq_init
 .text.gpio_irq_free
                0x00005b34       0x10 ym/mbed-classic/existing/mbed-classic.a(gpio_irq_api.c.o)
                0x00005b34                gpio_irq_free
 .text.gpio_irq_set
                0x00005b44       0xa4 ym/mbed-classic/existing/mbed-classic.a(gpio_irq_api.c.o)
                0x00005b44                gpio_irq_set
 .text.i2c_do_write
                0x00005be8       0x2c ym/mbed-classic/existing/mbed-classic.a(i2c_api.c.o)
                0x00005be8                i2c_do_write
 .text.i2c_do_read
                0x00005c14       0x3c ym/mbed-classic/existing/mbed-classic.a(i2c_api.c.o)
                0x00005c14                i2c_do_read
 .text.i2c_frequency
                0x00005c50       0x48 ym/mbed-classic/existing/mbed-classic.a(i2c_api.c.o)
                0x00005c50                i2c_frequency
 .text.twi_master_init
                0x00005c98       0x44 ym/mbed-classic/existing/mbed-classic.a(i2c_api.c.o)
                0x00005c98                twi_master_init
 .text.i2c_init
                0x00005cdc       0xc4 ym/mbed-classic/existing/mbed-classic.a(i2c_api.c.o)
                0x00005cdc                i2c_init
 .text.i2c_reset
                0x00005da0       0x34 ym/mbed-classic/existing/mbed-classic.a(i2c_api.c.o)
                0x00005da0                i2c_reset
 .text.i2c_stop
                0x00005dd4       0x34 ym/mbed-classic/existing/mbed-classic.a(i2c_api.c.o)
                0x00005dd4                i2c_stop
 .text.checkError
                0x00005e08       0x28 ym/mbed-classic/existing/mbed-classic.a(i2c_api.c.o)
                0x00005e08                checkError
 .text.port_init
                0x00005e30       0x28 ym/mbed-classic/existing/mbed-classic.a(port_api.c.o)
                0x00005e30                port_init
 .text.TIMER2_IRQHandler
                0x00005e58       0x64 ym/mbed-classic/existing/mbed-classic.a(pwmout_api.c.o)
                0x00005e58                TIMER2_IRQHandler
 .text.serial_baud.part.0
                0x00005ebc       0x38 ym/mbed-classic/existing/mbed-classic.a(serial_api.c.o)
 .text.serial_init
                0x00005ef4       0xb8 ym/mbed-classic/existing/mbed-classic.a(serial_api.c.o)
                0x00005ef4                serial_init
 .text.serial_baud
                0x00005fac       0x20 ym/mbed-classic/existing/mbed-classic.a(serial_api.c.o)
                0x00005fac                serial_baud
 .text.UART0_IRQHandler
                0x00005fcc       0x4c ym/mbed-classic/existing/mbed-classic.a(serial_api.c.o)
                0x00005fcc                UART0_IRQHandler
 .text.serial_irq_handler
                0x00006018       0x18 ym/mbed-classic/existing/mbed-classic.a(serial_api.c.o)
                0x00006018                serial_irq_handler
 .text.serial_putc
                0x00006030       0x1c ym/mbed-classic/existing/mbed-classic.a(serial_api.c.o)
                0x00006030                serial_putc
 .text.spi_format
                0x0000604c       0x70 ym/mbed-classic/existing/mbed-classic.a(spi_api.c.o)
                0x0000604c                spi_format
 .text.spi_frequency
                0x000060bc       0x84 ym/mbed-classic/existing/mbed-classic.a(spi_api.c.o)
                0x000060bc                spi_frequency
 .text.spi_init
                0x00006140      0x1d4 ym/mbed-classic/existing/mbed-classic.a(spi_api.c.o)
                0x00006140                spi_init
 .text.spi_master_write
                0x00006314       0x28 ym/mbed-classic/existing/mbed-classic.a(spi_api.c.o)
                0x00006314                spi_master_write
 .text.twi_master_clear_bus
                0x0000633c       0xb4 ym/mbed-classic/existing/mbed-classic.a(twi_master.c.o)
 .text.twi_master_init_and_clear
                0x000063f0       0x74 ym/mbed-classic/existing/mbed-classic.a(twi_master.c.o)
                0x000063f0                twi_master_init_and_clear
 .text.tmr1_getCounter64
                0x00006464       0x30 ym/mbed-classic/existing/mbed-classic.a(us_ticker.c.o)
 .text.TIMER1_IRQHandler
                0x00006494       0x50 ym/mbed-classic/existing/mbed-classic.a(us_ticker.c.o)
                0x00006494                TIMER1_IRQHandler
 .text.us_ticker_init
                0x000064e4       0x8c ym/mbed-classic/existing/mbed-classic.a(us_ticker.c.o)
                0x000064e4                us_ticker_init
 .text.us_ticker_read
                0x00006570       0x18 ym/mbed-classic/existing/mbed-classic.a(us_ticker.c.o)
                0x00006570                us_ticker_read
 .text.us_ticker_set_interrupt
                0x00006588       0x54 ym/mbed-classic/existing/mbed-classic.a(us_ticker.c.o)
                0x00006588                us_ticker_set_interrupt
 .text._ZN4mbed8FileBaseD2Ev
                0x000065dc       0x34 ym/mbed-classic/existing/mbed-classic.a(FileBase.cpp.o)
                0x000065dc                mbed::FileBase::~FileBase()
                0x000065dc                mbed::FileBase::~FileBase()
 .text._ZN4mbed8FileBaseC2EPKcNS_8PathTypeE
                0x00006610       0x24 ym/mbed-classic/existing/mbed-classic.a(FileBase.cpp.o)
                0x00006610                mbed::FileBase::FileBase(char const*, mbed::PathType)
                0x00006610                mbed::FileBase::FileBase(char const*, mbed::PathType)
 .text._ZN4mbed8FileBase6lookupEPKcj
                0x00006634       0x38 ym/mbed-classic/existing/mbed-classic.a(FileBase.cpp.o)
                0x00006634                mbed::FileBase::lookup(char const*, unsigned int)
 .text._ZN4mbed8FileBase3getEi
                0x0000666c       0x1c ym/mbed-classic/existing/mbed-classic.a(FileBase.cpp.o)
                0x0000666c                mbed::FileBase::get(int)
 .text.SystemInit
                0x00006688       0xb0 ym/mbed-classic/existing/mbed-classic.a(system_nrf51.c.o)
                0x00006688                SystemInit
 .text._ZSt9terminatev
                0x00006738       0x10 c:/yotta/gcc/bin/../lib/gcc/arm-none-eabi/4.9.3/../../../../arm-none-eabi/lib/armv6-m\libstdc++_nano.a(eh_terminate.o)
                0x00006738                std::terminate()
 .text._ZSt10unexpectedv
                0x00006748       0x10 c:/yotta/gcc/bin/../lib/gcc/arm-none-eabi/4.9.3/../../../../arm-none-eabi/lib/armv6-m\libstdc++_nano.a(eh_terminate.o)
                0x00006748                std::unexpected()
 .text.__cxa_type_match
                0x00006758       0xb8 c:/yotta/gcc/bin/../lib/gcc/arm-none-eabi/4.9.3/../../../../arm-none-eabi/lib/armv6-m\libstdc++_nano.a(eh_arm.o)
                0x00006758                __cxa_type_match
 .text._ZSt15get_new_handlerv
                0x00006810        0xc c:/yotta/gcc/bin/../lib/gcc/arm-none-eabi/4.9.3/../../../../arm-none-eabi/lib/armv6-m\libstdc++_nano.a(new_handler.o)
                0x00006810                std::get_new_handler()
 .text.__cxa_get_globals
                0x0000681c        0x8 c:/yotta/gcc/bin/../lib/gcc/arm-none-eabi/4.9.3/../../../../arm-none-eabi/lib/armv6-m\libstdc++_nano.a(eh_globals.o)
                0x0000681c                __cxa_get_globals
 .text._ZN10__cxxabiv117__class_type_infoD2Ev
                0x00006824       0x18 c:/yotta/gcc/bin/../lib/gcc/arm-none-eabi/4.9.3/../../../../arm-none-eabi/lib/armv6-m\libstdc++_nano.a(class_type_info.o)
                0x00006824                __cxxabiv1::__class_type_info::~__class_type_info()
                0x00006824                __cxxabiv1::__class_type_info::~__class_type_info()
 .text._ZN10__cxxabiv120__si_class_type_infoD2Ev
                0x0000683c       0x18 c:/yotta/gcc/bin/../lib/gcc/arm-none-eabi/4.9.3/../../../../arm-none-eabi/lib/armv6-m\libstdc++_nano.a(si_class_type_info.o)
                0x0000683c                __cxxabiv1::__si_class_type_info::~__si_class_type_info()
                0x0000683c                __cxxabiv1::__si_class_type_info::~__si_class_type_info()
 .text          0x00006854       0x14 c:/yotta/gcc/bin/../lib/gcc/arm-none-eabi/4.9.3/armv6-m\libgcc.a(_thumb1_case_sqi.o)
                0x00006854                __gnu_thumb1_case_sqi
 .text          0x00006868       0x14 c:/yotta/gcc/bin/../lib/gcc/arm-none-eabi/4.9.3/armv6-m\libgcc.a(_thumb1_case_uqi.o)
                0x00006868                __gnu_thumb1_case_uqi
 .text          0x0000687c      0x120 c:/yotta/gcc/bin/../lib/gcc/arm-none-eabi/4.9.3/armv6-m\libgcc.a(_udivsi3.o)
                0x0000687c                __aeabi_uidiv
                0x0000687c                __udivsi3
                0x00006988                __aeabi_uidivmod
 .text          0x0000699c      0x1e0 c:/yotta/gcc/bin/../lib/gcc/arm-none-eabi/4.9.3/armv6-m\libgcc.a(_divsi3.o)
                0x0000699c                __divsi3
                0x0000699c                __aeabi_idiv
                0x00006b68                __aeabi_idivmod
 .text          0x00006b7c        0x4 c:/yotta/gcc/bin/../lib/gcc/arm-none-eabi/4.9.3/armv6-m\libgcc.a(_dvmd_tls.o)
                0x00006b7c                __aeabi_idiv0
                0x00006b7c                __aeabi_ldiv0
 .text          0x00006b80       0x74 c:/yotta/gcc/bin/../lib/gcc/arm-none-eabi/4.9.3/armv6-m\libgcc.a(_arm_cmpsf2.o)
                0x00006b80                __aeabi_cfrcmple
                0x00006b88                __aeabi_cfcmpeq
                0x00006b88                __aeabi_cfcmple
                0x00006b98                __aeabi_fcmpeq
                0x00006ba4                __aeabi_fcmplt
                0x00006bb8                __aeabi_fcmple
                0x00006bcc                __aeabi_fcmpgt
                0x00006be0                __aeabi_fcmpge
 .text          0x00006bf4       0x30 c:/yotta/gcc/bin/../lib/gcc/arm-none-eabi/4.9.3/armv6-m\libgcc.a(_fixunssfsi.o)
                0x00006bf4                __fixunssfsi
                0x00006bf4                __aeabi_f2uiz
 .text          0x00006c24      0x2f8 c:/yotta/gcc/bin/../lib/gcc/arm-none-eabi/4.9.3/armv6-m\libgcc.a(addsf3.o)
                0x00006c24                __aeabi_fadd
 .text          0x00006f1c      0x270 c:/yotta/gcc/bin/../lib/gcc/arm-none-eabi/4.9.3/armv6-m\libgcc.a(divsf3.o)
                0x00006f1c                __aeabi_fdiv
 .text          0x0000718c       0x54 c:/yotta/gcc/bin/../lib/gcc/arm-none-eabi/4.9.3/armv6-m\libgcc.a(eqsf2.o)
                0x0000718c                __eqsf2
                0x0000718c                __nesf2
 .text          0x000071e0       0x94 c:/yotta/gcc/bin/../lib/gcc/arm-none-eabi/4.9.3/armv6-m\libgcc.a(gesf2.o)
                0x000071e0                __gesf2
                0x000071e0                __gtsf2
 .text          0x00007274       0x8c c:/yotta/gcc/bin/../lib/gcc/arm-none-eabi/4.9.3/armv6-m\libgcc.a(lesf2.o)
                0x00007274                __ltsf2
                0x00007274                __lesf2
 .text          0x00007300      0x264 c:/yotta/gcc/bin/../lib/gcc/arm-none-eabi/4.9.3/armv6-m\libgcc.a(mulsf3.o)
                0x00007300                __aeabi_fmul
 .text          0x00007564      0x2fc c:/yotta/gcc/bin/../lib/gcc/arm-none-eabi/4.9.3/armv6-m\libgcc.a(subsf3.o)
                0x00007564                __aeabi_fsub
 .text          0x00007860       0x40 c:/yotta/gcc/bin/../lib/gcc/arm-none-eabi/4.9.3/armv6-m\libgcc.a(fixsfsi.o)
                0x00007860                __aeabi_f2iz
 .text          0x000078a0       0x90 c:/yotta/gcc/bin/../lib/gcc/arm-none-eabi/4.9.3/armv6-m\libgcc.a(floatsisf.o)
                0x000078a0                __aeabi_i2f
 .text          0x00007930       0x90 c:/yotta/gcc/bin/../lib/gcc/arm-none-eabi/4.9.3/armv6-m\libgcc.a(floatunsisf.o)
                0x00007930                __aeabi_ui2f
 .text          0x000079c0      0x650 c:/yotta/gcc/bin/../lib/gcc/arm-none-eabi/4.9.3/armv6-m\libgcc.a(adddf3.o)
                0x000079c0                __aeabi_dadd
 .text          0x00008010      0x648 c:/yotta/gcc/bin/../lib/gcc/arm-none-eabi/4.9.3/armv6-m\libgcc.a(divdf3.o)
                0x00008010                __aeabi_ddiv
 .text          0x00008658      0x534 c:/yotta/gcc/bin/../lib/gcc/arm-none-eabi/4.9.3/armv6-m\libgcc.a(muldf3.o)
                0x00008658                __aeabi_dmul
 .text          0x00008b8c      0x6f4 c:/yotta/gcc/bin/../lib/gcc/arm-none-eabi/4.9.3/armv6-m\libgcc.a(subdf3.o)
                0x00008b8c                __aeabi_dsub
 .text          0x00009280       0x6c c:/yotta/gcc/bin/../lib/gcc/arm-none-eabi/4.9.3/armv6-m\libgcc.a(fixdfsi.o)
                0x00009280                __aeabi_d2iz
 .text          0x000092ec       0x78 c:/yotta/gcc/bin/../lib/gcc/arm-none-eabi/4.9.3/armv6-m\libgcc.a(floatsidf.o)
                0x000092ec                __aeabi_i2d
 .text          0x00009364       0xa8 c:/yotta/gcc/bin/../lib/gcc/arm-none-eabi/4.9.3/armv6-m\libgcc.a(extendsfdf2.o)
                0x00009364                __aeabi_f2d
 .text          0x0000940c      0x120 c:/yotta/gcc/bin/../lib/gcc/arm-none-eabi/4.9.3/armv6-m\libgcc.a(truncdfsf2.o)
                0x0000940c                __aeabi_d2f
 .text          0x0000952c      0xa70 c:/yotta/gcc/bin/../lib/gcc/arm-none-eabi/4.9.3/armv6-m\libgcc.a(unwind-arm.o)
                0x00009804                _Unwind_GetCFA
                0x00009808                __gnu_Unwind_RaiseException
                0x0000985c                __gnu_Unwind_ForcedUnwind
                0x00009870                __gnu_Unwind_Resume
                0x000098b8                __gnu_Unwind_Resume_or_Rethrow
                0x000098d4                _Unwind_Complete
                0x000098d8                _Unwind_DeleteException
                0x000098e8                _Unwind_VRS_Get
                0x00009934                _Unwind_VRS_Set
                0x00009984                __gnu_Unwind_Backtrace
                0x00009ce4                __aeabi_unwind_cpp_pr0
                0x00009cf0                __aeabi_unwind_cpp_pr1
                0x00009cfc                __aeabi_unwind_cpp_pr2
                0x00009d08                _Unwind_VRS_Pop
 .text          0x00009f9c      0x144 c:/yotta/gcc/bin/../lib/gcc/arm-none-eabi/4.9.3/armv6-m\libgcc.a(libunwind.o)
                0x00009f9c                __restore_core_regs
                0x00009f9c                restore_core_regs
                0x00009fc8                __gnu_Unwind_Restore_VFP
                0x00009fcc                __gnu_Unwind_Save_VFP
                0x00009fd0                __gnu_Unwind_Restore_VFP_D
                0x00009fd4                __gnu_Unwind_Save_VFP_D
                0x00009fd8                __gnu_Unwind_Restore_VFP_D_16_to_31
                0x00009fdc                __gnu_Unwind_Save_VFP_D_16_to_31
                0x00009fe0                __gnu_Unwind_Restore_WMMXD
                0x00009fe4                __gnu_Unwind_Save_WMMXD
                0x00009fe8                __gnu_Unwind_Restore_WMMXC
                0x00009fec                __gnu_Unwind_Save_WMMXC
                0x00009ff0                ___Unwind_RaiseException
                0x00009ff0                _Unwind_RaiseException
                0x0000a020                _Unwind_Resume
                0x0000a020                ___Unwind_Resume
                0x0000a050                _Unwind_Resume_or_Rethrow
                0x0000a050                ___Unwind_Resume_or_Rethrow
                0x0000a080                _Unwind_ForcedUnwind
                0x0000a080                ___Unwind_ForcedUnwind
                0x0000a0b0                ___Unwind_Backtrace
                0x0000a0b0                _Unwind_Backtrace
 .text          0x0000a0e0      0x3b0 c:/yotta/gcc/bin/../lib/gcc/arm-none-eabi/4.9.3/armv6-m\libgcc.a(pr-support.o)
                0x0000a134                __gnu_unwind_execute
                0x0000a438                __gnu_unwind_frame
                0x0000a460                _Unwind_GetRegionStart
                0x0000a46c                _Unwind_GetLanguageSpecificData
                0x0000a480                _Unwind_GetDataRelBase
                0x0000a488                _Unwind_GetTextRelBase
 .text          0x0000a490       0x3c c:/yotta/gcc/bin/../lib/gcc/arm-none-eabi/4.9.3/armv6-m\libgcc.a(_clzsi2.o)
                0x0000a490                __clzsi2
 .text.atan     0x0000a4cc      0x33c c:/yotta/gcc/bin/../lib/gcc/arm-none-eabi/4.9.3/../../../../arm-none-eabi/lib/armv6-m\libm.a(lib_a-s_atan.o)
                0x0000a4cc                atan
 .text.cos      0x0000a808       0x9c c:/yotta/gcc/bin/../lib/gcc/arm-none-eabi/4.9.3/../../../../arm-none-eabi/lib/armv6-m\libm.a(lib_a-s_cos.o)
                0x0000a808                cos
 .text.fabs     0x0000a8a4        0x8 c:/yotta/gcc/bin/../lib/gcc/arm-none-eabi/4.9.3/../../../../arm-none-eabi/lib/armv6-m\libm.a(lib_a-s_fabs.o)
                0x0000a8a4                fabs
 .text.sin      0x0000a8ac       0xa0 c:/yotta/gcc/bin/../lib/gcc/arm-none-eabi/4.9.3/../../../../arm-none-eabi/lib/armv6-m\libm.a(lib_a-s_sin.o)
                0x0000a8ac                sin
 .text.atan2    0x0000a94c        0x8 c:/yotta/gcc/bin/../lib/gcc/arm-none-eabi/4.9.3/../../../../arm-none-eabi/lib/armv6-m\libm.a(lib_a-w_atan2.o)
                0x0000a94c                atan2
 .text.__ieee754_atan2
                0x0000a954      0x1a8 c:/yotta/gcc/bin/../lib/gcc/arm-none-eabi/4.9.3/../../../../arm-none-eabi/lib/armv6-m\libm.a(lib_a-e_atan2.o)
                0x0000a954                __ieee754_atan2
 .text.__ieee754_rem_pio2
                0x0000aafc      0x430 c:/yotta/gcc/bin/../lib/gcc/arm-none-eabi/4.9.3/../../../../arm-none-eabi/lib/armv6-m\libm.a(lib_a-e_rem_pio2.o)
                0x0000aafc                __ieee754_rem_pio2
 .text.__kernel_cos
                0x0000af2c      0x234 c:/yotta/gcc/bin/../lib/gcc/arm-none-eabi/4.9.3/../../../../arm-none-eabi/lib/armv6-m\libm.a(lib_a-k_cos.o)
                0x0000af2c                __kernel_cos
 .text.__kernel_rem_pio2
                0x0000b160      0x890 c:/yotta/gcc/bin/../lib/gcc/arm-none-eabi/4.9.3/../../../../arm-none-eabi/lib/armv6-m\libm.a(lib_a-k_rem_pio2.o)
                0x0000b160                __kernel_rem_pio2
 .text.__kernel_sin
                0x0000b9f0      0x160 c:/yotta/gcc/bin/../lib/gcc/arm-none-eabi/4.9.3/../../../../arm-none-eabi/lib/armv6-m\libm.a(lib_a-k_sin.o)
                0x0000b9f0                __kernel_sin
 .text.floor    0x0000bb50      0x14c c:/yotta/gcc/bin/../lib/gcc/arm-none-eabi/4.9.3/../../../../arm-none-eabi/lib/armv6-m\libm.a(lib_a-s_floor.o)
                0x0000bb50                floor
 .text.scalbn   0x0000bc9c       0xf8 c:/yotta/gcc/bin/../lib/gcc/arm-none-eabi/4.9.3/../../../../arm-none-eabi/lib/armv6-m\libm.a(lib_a-s_scalbn.o)
                0x0000bc9c                scalbn
 .text.copysign
                0x0000bd94       0x10 c:/yotta/gcc/bin/../lib/gcc/arm-none-eabi/4.9.3/../../../../arm-none-eabi/lib/armv6-m\libm.a(lib_a-s_copysign.o)
                0x0000bd94                copysign
 .text.__cxa_atexit
                0x0000bda4       0x1c c:/yotta/gcc/bin/../lib/gcc/arm-none-eabi/4.9.3/../../../../arm-none-eabi/lib/armv6-m\libc_nano.a(lib_a-cxa_atexit.o)
                0x0000bda4                __cxa_atexit
 .text.__errno  0x0000bdc0        0xc c:/yotta/gcc/bin/../lib/gcc/arm-none-eabi/4.9.3/../../../../arm-none-eabi/lib/armv6-m\libc_nano.a(lib_a-errno.o)
                0x0000bdc0                __errno
 .text.exit     0x0000bdcc       0x2c c:/yotta/gcc/bin/../lib/gcc/arm-none-eabi/4.9.3/../../../../arm-none-eabi/lib/armv6-m\libc_nano.a(lib_a-exit.o)
                0x0000bdcc                exit
 .text._fclose_r
                0x0000bdf8       0xb0 c:/yotta/gcc/bin/../lib/gcc/arm-none-eabi/4.9.3/../../../../arm-none-eabi/lib/armv6-m\libc_nano.a(lib_a-fclose.o)
                0x0000bdf8                _fclose_r
 .text.fclose   0x0000bea8       0x14 c:/yotta/gcc/bin/../lib/gcc/arm-none-eabi/4.9.3/../../../../arm-none-eabi/lib/armv6-m\libc_nano.a(lib_a-fclose.o)
                0x0000bea8                fclose
 .text._fflush_r
                0x0000bebc       0x58 c:/yotta/gcc/bin/../lib/gcc/arm-none-eabi/4.9.3/../../../../arm-none-eabi/lib/armv6-m\libc_nano.a(lib_a-fflush.o)
                0x0000bebc                _fflush_r
 .text._cleanup_r
                0x0000bf14       0x10 c:/yotta/gcc/bin/../lib/gcc/arm-none-eabi/4.9.3/../../../../arm-none-eabi/lib/armv6-m\libc_nano.a(lib_a-findfp.o)
                0x0000bf14                _cleanup_r
 .text.std.isra.0
                0x0000bf24       0x48 c:/yotta/gcc/bin/../lib/gcc/arm-none-eabi/4.9.3/../../../../arm-none-eabi/lib/armv6-m\libc_nano.a(lib_a-findfp.o)
 .text.__sinit  0x0000bf6c       0x64 c:/yotta/gcc/bin/../lib/gcc/arm-none-eabi/4.9.3/../../../../arm-none-eabi/lib/armv6-m\libc_nano.a(lib_a-findfp.o)
                0x0000bf6c                __sinit
 .text.__sfp    0x0000bfd0       0x7c c:/yotta/gcc/bin/../lib/gcc/arm-none-eabi/4.9.3/../../../../arm-none-eabi/lib/armv6-m\libc_nano.a(lib_a-findfp.o)
                0x0000bfd0                __sfp
 .text._fopen_r
                0x0000c04c       0x7c c:/yotta/gcc/bin/../lib/gcc/arm-none-eabi/4.9.3/../../../../arm-none-eabi/lib/armv6-m\libc_nano.a(lib_a-fopen.o)
                0x0000c04c                _fopen_r
 .text.fopen    0x0000c0c8       0x18 c:/yotta/gcc/bin/../lib/gcc/arm-none-eabi/4.9.3/../../../../arm-none-eabi/lib/armv6-m\libc_nano.a(lib_a-fopen.o)
                0x0000c0c8                fopen
 .text._fputs_r
                0x0000c0e0       0xa8 c:/yotta/gcc/bin/../lib/gcc/arm-none-eabi/4.9.3/../../../../arm-none-eabi/lib/armv6-m\libc_nano.a(lib_a-fputs.o)
                0x0000c0e0                _fputs_r
 .text.fputs    0x0000c188       0x18 c:/yotta/gcc/bin/../lib/gcc/arm-none-eabi/4.9.3/../../../../arm-none-eabi/lib/armv6-m\libc_nano.a(lib_a-fputs.o)
                0x0000c188                fputs
 .text._fseeko_r
                0x0000c1a0      0x130 c:/yotta/gcc/bin/../lib/gcc/arm-none-eabi/4.9.3/../../../../arm-none-eabi/lib/armv6-m\libc_nano.a(lib_a-fseeko.o)
                0x0000c1a0                _fseeko_r
 .text.__libc_init_array
                0x0000c2d0       0x4c c:/yotta/gcc/bin/../lib/gcc/arm-none-eabi/4.9.3/../../../../arm-none-eabi/lib/armv6-m\libc_nano.a(lib_a-init.o)
                0x0000c2d0                __libc_init_array
 .text.localtime
                0x0000c31c       0x24 c:/yotta/gcc/bin/../lib/gcc/arm-none-eabi/4.9.3/../../../../arm-none-eabi/lib/armv6-m\libc_nano.a(lib_a-lcltime.o)
                0x0000c31c                localtime
 .text.localtime_r
                0x0000c340      0x1e0 c:/yotta/gcc/bin/../lib/gcc/arm-none-eabi/4.9.3/../../../../arm-none-eabi/lib/armv6-m\libc_nano.a(lib_a-lcltime_r.o)
                0x0000c340                localtime_r
 .text.__smakebuf_r
                0x0000c520       0xb0 c:/yotta/gcc/bin/../lib/gcc/arm-none-eabi/4.9.3/../../../../arm-none-eabi/lib/armv6-m\libc_nano.a(lib_a-makebuf.o)
                0x0000c520                __smakebuf_r
 .text.malloc   0x0000c5d0       0x14 c:/yotta/gcc/bin/../lib/gcc/arm-none-eabi/4.9.3/../../../../arm-none-eabi/lib/armv6-m\libc_nano.a(lib_a-malloc.o)
                0x0000c5d0                malloc
 .text.free     0x0000c5e4       0x14 c:/yotta/gcc/bin/../lib/gcc/arm-none-eabi/4.9.3/../../../../arm-none-eabi/lib/armv6-m\libc_nano.a(lib_a-malloc.o)
                0x0000c5e4                free
 .text._free_r  0x0000c5f8       0x8c c:/yotta/gcc/bin/../lib/gcc/arm-none-eabi/4.9.3/../../../../arm-none-eabi/lib/armv6-m\libc_nano.a(lib_a-nano-freer.o)
                0x0000c5f8                _free_r
 .text._malloc_r
                0x0000c684       0xb0 c:/yotta/gcc/bin/../lib/gcc/arm-none-eabi/4.9.3/../../../../arm-none-eabi/lib/armv6-m\libc_nano.a(lib_a-nano-mallocr.o)
                0x0000c684                _malloc_r
 .text._open_r  0x0000c734       0x28 c:/yotta/gcc/bin/../lib/gcc/arm-none-eabi/4.9.3/../../../../arm-none-eabi/lib/armv6-m\libc_nano.a(lib_a-openr.o)
                0x0000c734                _open_r
 .text.printf   0x0000c75c       0x34 c:/yotta/gcc/bin/../lib/gcc/arm-none-eabi/4.9.3/../../../../arm-none-eabi/lib/armv6-m\libc_nano.a(lib_a-printf.o)
                0x0000c75c                iprintf
                0x0000c75c                printf
 .text.puts     0x0000c790       0x14 c:/yotta/gcc/bin/../lib/gcc/arm-none-eabi/4.9.3/../../../../arm-none-eabi/lib/armv6-m\libc_nano.a(lib_a-puts.o)
                0x0000c790                puts
 .text._sbrk_r  0x0000c7a4       0x24 c:/yotta/gcc/bin/../lib/gcc/arm-none-eabi/4.9.3/../../../../arm-none-eabi/lib/armv6-m\libc_nano.a(lib_a-sbrkr.o)
                0x0000c7a4                _sbrk_r
 .text.raise    0x0000c7c8       0x14 c:/yotta/gcc/bin/../lib/gcc/arm-none-eabi/4.9.3/../../../../arm-none-eabi/lib/armv6-m\libc_nano.a(lib_a-signal.o)
                0x0000c7c8                raise
 .text._kill_r  0x0000c7dc       0x24 c:/yotta/gcc/bin/../lib/gcc/arm-none-eabi/4.9.3/../../../../arm-none-eabi/lib/armv6-m\libc_nano.a(lib_a-signalr.o)
                0x0000c7dc                _kill_r
 .text.sprintf  0x0000c800       0x44 c:/yotta/gcc/bin/../lib/gcc/arm-none-eabi/4.9.3/../../../../arm-none-eabi/lib/armv6-m\libc_nano.a(lib_a-sprintf.o)
                0x0000c800                siprintf
                0x0000c800                sprintf
 .text.sscanf   0x0000c844       0x50 c:/yotta/gcc/bin/../lib/gcc/arm-none-eabi/4.9.3/../../../../arm-none-eabi/lib/armv6-m\libc_nano.a(lib_a-sscanf.o)
                0x0000c844                siscanf
                0x0000c844                sscanf
 .text.__sread  0x0000c894       0x28 c:/yotta/gcc/bin/../lib/gcc/arm-none-eabi/4.9.3/../../../../arm-none-eabi/lib/armv6-m\libc_nano.a(lib_a-stdio.o)
                0x0000c894                __sread
 .text.__swrite
                0x0000c8bc       0x38 c:/yotta/gcc/bin/../lib/gcc/arm-none-eabi/4.9.3/../../../../arm-none-eabi/lib/armv6-m\libc_nano.a(lib_a-stdio.o)
                0x0000c8bc                __swrite
 .text.__sseek  0x0000c8f4       0x2c c:/yotta/gcc/bin/../lib/gcc/arm-none-eabi/4.9.3/../../../../arm-none-eabi/lib/armv6-m\libc_nano.a(lib_a-stdio.o)
                0x0000c8f4                __sseek
 .text._strtol_r
                0x0000c920      0x120 c:/yotta/gcc/bin/../lib/gcc/arm-none-eabi/4.9.3/../../../../arm-none-eabi/lib/armv6-m\libc_nano.a(lib_a-strtol.o)
                0x0000c920                _strtol_r
 .text.strtol   0x0000ca40       0x1c c:/yotta/gcc/bin/../lib/gcc/arm-none-eabi/4.9.3/../../../../arm-none-eabi/lib/armv6-m\libc_nano.a(lib_a-strtol.o)
                0x0000ca40                strtol
 .text.__tzcalc_limits
                0x0000ca5c      0x160 c:/yotta/gcc/bin/../lib/gcc/arm-none-eabi/4.9.3/../../../../arm-none-eabi/lib/armv6-m\libc_nano.a(lib_a-tzcalc_limits.o)
                0x0000ca5c                __tzcalc_limits
 .text._tzset_unlocked
                0x0000cbbc       0x10 c:/yotta/gcc/bin/../lib/gcc/arm-none-eabi/4.9.3/../../../../arm-none-eabi/lib/armv6-m\libc_nano.a(lib_a-tzset.o)
                0x0000cbbc                _tzset_unlocked
 .text._tzset_unlocked_r
                0x0000cbcc      0x300 c:/yotta/gcc/bin/../lib/gcc/arm-none-eabi/4.9.3/../../../../arm-none-eabi/lib/armv6-m\libc_nano.a(lib_a-tzset_r.o)
                0x0000cbcc                _tzset_unlocked_r
 .text.__swbuf_r
                0x0000cecc       0xb0 c:/yotta/gcc/bin/../lib/gcc/arm-none-eabi/4.9.3/../../../../arm-none-eabi/lib/armv6-m\libc_nano.a(lib_a-wbuf.o)
                0x0000cecc                __swbuf_r
 .text._write_r
                0x0000cf7c       0x28 c:/yotta/gcc/bin/../lib/gcc/arm-none-eabi/4.9.3/../../../../arm-none-eabi/lib/armv6-m\libc_nano.a(lib_a-writer.o)
                0x0000cf7c                _write_r
 .text.__swsetup_r
                0x0000cfa4       0xe8 c:/yotta/gcc/bin/../lib/gcc/arm-none-eabi/4.9.3/../../../../arm-none-eabi/lib/armv6-m\libc_nano.a(lib_a-wsetup.o)
                0x0000cfa4                __swsetup_r
 .text._close_r
                0x0000d08c       0x24 c:/yotta/gcc/bin/../lib/gcc/arm-none-eabi/4.9.3/../../../../arm-none-eabi/lib/armv6-m\libc_nano.a(lib_a-closer.o)
                0x0000d08c                _close_r
 .text._fstat_r
                0x0000d0b0       0x24 c:/yotta/gcc/bin/../lib/gcc/arm-none-eabi/4.9.3/../../../../arm-none-eabi/lib/armv6-m\libc_nano.a(lib_a-fstatr.o)
                0x0000d0b0                _fstat_r
 .text._findenv_r
                0x0000d0d4       0x78 c:/yotta/gcc/bin/../lib/gcc/arm-none-eabi/4.9.3/../../../../arm-none-eabi/lib/armv6-m\libc_nano.a(lib_a-getenv_r.o)
                0x0000d0d4                _findenv_r
 .text.__gettzinfo
                0x0000d14c        0x8 c:/yotta/gcc/bin/../lib/gcc/arm-none-eabi/4.9.3/../../../../arm-none-eabi/lib/armv6-m\libc_nano.a(lib_a-gettzinfo.o)
                0x0000d14c                __gettzinfo
 .text.gmtime_r
                0x0000d154      0x158 c:/yotta/gcc/bin/../lib/gcc/arm-none-eabi/4.9.3/../../../../arm-none-eabi/lib/armv6-m\libc_nano.a(lib_a-gmtime_r.o)
                0x0000d154                gmtime_r
 .text._isatty_r
                0x0000d2ac       0x24 c:/yotta/gcc/bin/../lib/gcc/arm-none-eabi/4.9.3/../../../../arm-none-eabi/lib/armv6-m\libc_nano.a(lib_a-isattyr.o)
                0x0000d2ac                _isatty_r
 .text._lseek_r
                0x0000d2d0       0x28 c:/yotta/gcc/bin/../lib/gcc/arm-none-eabi/4.9.3/../../../../arm-none-eabi/lib/armv6-m\libc_nano.a(lib_a-lseekr.o)
                0x0000d2d0                _lseek_r
 .text.__ssputs_r
                0x0000d2f8       0xc0 c:/yotta/gcc/bin/../lib/gcc/arm-none-eabi/4.9.3/../../../../arm-none-eabi/lib/armv6-m\libc_nano.a(lib_a-nano-svfprintf.o)
                0x0000d2f8                __ssputs_r
 .text._svfprintf_r
                0x0000d3b8      0x1ec c:/yotta/gcc/bin/../lib/gcc/arm-none-eabi/4.9.3/../../../../arm-none-eabi/lib/armv6-m\libc_nano.a(lib_a-nano-svfprintf.o)
                0x0000d3b8                _svfiprintf_r
                0x0000d3b8                _svfprintf_r
 .text.__ssvfscanf_r
                0x0000d5a4      0x2f0 c:/yotta/gcc/bin/../lib/gcc/arm-none-eabi/4.9.3/../../../../arm-none-eabi/lib/armv6-m\libc_nano.a(lib_a-nano-svfscanf.o)
                0x0000d5a4                __ssvfiscanf_r
                0x0000d5a4                __ssvfscanf_r
 .text._vfprintf_r
                0x0000d894      0x220 c:/yotta/gcc/bin/../lib/gcc/arm-none-eabi/4.9.3/../../../../arm-none-eabi/lib/armv6-m\libc_nano.a(lib_a-nano-vfprintf.o)
                0x0000d894                _vfprintf_r
                0x0000d894                _vfiprintf_r
 .text._printf_i
                0x0000dab4      0x230 c:/yotta/gcc/bin/../lib/gcc/arm-none-eabi/4.9.3/../../../../arm-none-eabi/lib/armv6-m\libc_nano.a(lib_a-nano-vfprintf_i.o)
                0x0000dab4                _printf_i
 .text._scanf_chars
                0x0000dce4       0xbc c:/yotta/gcc/bin/../lib/gcc/arm-none-eabi/4.9.3/../../../../arm-none-eabi/lib/armv6-m\libc_nano.a(lib_a-nano-vfscanf_i.o)
                0x0000dce4                _scanf_chars
 .text._scanf_i
                0x0000dda0      0x1f4 c:/yotta/gcc/bin/../lib/gcc/arm-none-eabi/4.9.3/../../../../arm-none-eabi/lib/armv6-m\libc_nano.a(lib_a-nano-vfscanf_i.o)
                0x0000dda0                _scanf_i
 .text._read_r  0x0000df94       0x28 c:/yotta/gcc/bin/../lib/gcc/arm-none-eabi/4.9.3/../../../../arm-none-eabi/lib/armv6-m\libc_nano.a(lib_a-readr.o)
                0x0000df94                _read_r
 .text._strtoul_r
                0x0000dfbc      0x104 c:/yotta/gcc/bin/../lib/gcc/arm-none-eabi/4.9.3/../../../../arm-none-eabi/lib/armv6-m\libc_nano.a(lib_a-strtoul.o)
                0x0000dfbc                _strtoul_r
 .text.strtoul  0x0000e0c0       0x1c c:/yotta/gcc/bin/../lib/gcc/arm-none-eabi/4.9.3/../../../../arm-none-eabi/lib/armv6-m\libc_nano.a(lib_a-strtoul.o)
                0x0000e0c0                strtoul
 .text.__submore
                0x0000e0dc       0x7c c:/yotta/gcc/bin/../lib/gcc/arm-none-eabi/4.9.3/../../../../arm-none-eabi/lib/armv6-m\libc_nano.a(lib_a-ungetc.o)
                0x0000e0dc                __submore
 .text          0x0000e158       0x7c c:/yotta/gcc/bin/../lib/gcc/arm-none-eabi/4.9.3/armv6-m\libgcc.a(_arm_cmpdf2.o)
                0x0000e158                __aeabi_cdrcmple
                0x0000e168                __aeabi_cdcmple
                0x0000e168                __aeabi_cdcmpeq
                0x0000e178                __aeabi_dcmpeq
                0x0000e184                __aeabi_dcmplt
                0x0000e198                __aeabi_dcmple
                0x0000e1ac                __aeabi_dcmpgt
                0x0000e1c0                __aeabi_dcmpge
 .text          0x0000e1d4       0x88 c:/yotta/gcc/bin/../lib/gcc/arm-none-eabi/4.9.3/armv6-m\libgcc.a(eqdf2.o)
                0x0000e1d4                __nedf2
                0x0000e1d4                __eqdf2
 .text          0x0000e25c       0xe0 c:/yotta/gcc/bin/../lib/gcc/arm-none-eabi/4.9.3/armv6-m\libgcc.a(gedf2.o)
                0x0000e25c                __gedf2
                0x0000e25c                __gtdf2
 .text          0x0000e33c       0xcc c:/yotta/gcc/bin/../lib/gcc/arm-none-eabi/4.9.3/armv6-m\libgcc.a(ledf2.o)
                0x0000e33c                __ledf2
                0x0000e33c                __ltdf2
 .text._getpid  0x0000e408       0x10 c:/yotta/gcc/bin/../lib/gcc/arm-none-eabi/4.9.3/../../../../arm-none-eabi/lib/armv6-m\libnosys.a(getpid.o)
                0x0000e408                _getpid
 .text._kill    0x0000e418       0x10 c:/yotta/gcc/bin/../lib/gcc/arm-none-eabi/4.9.3/../../../../arm-none-eabi/lib/armv6-m\libnosys.a(kill.o)
                0x0000e418                _kill
 .text._ZN12FATDirHandle9rewinddirEv
                0x0000e428        0x6 source/CMakeFiles/sd.dir/C_/Users/paulfo/Documents/Git/lanc/SD/source/FATDirHandle.cpp.o
                0x0000e428                FATDirHandle::rewinddir()
 .text._ZN12FATDirHandle7telldirEv
                0x0000e42e        0x4 source/CMakeFiles/sd.dir/C_/Users/paulfo/Documents/Git/lanc/SD/source/FATDirHandle.cpp.o
                0x0000e42e                FATDirHandle::telldir()
 .text._ZN12FATDirHandle7seekdirEl
                0x0000e432        0x4 source/CMakeFiles/sd.dir/C_/Users/paulfo/Documents/Git/lanc/SD/source/FATDirHandle.cpp.o
                0x0000e432                FATDirHandle::seekdir(long)
 .text._ZN12FATDirHandleD2Ev
                0x0000e436        0x2 source/CMakeFiles/sd.dir/C_/Users/paulfo/Documents/Git/lanc/SD/source/FATDirHandle.cpp.o
                0x0000e436                FATDirHandle::~FATDirHandle()
                0x0000e436                FATDirHandle::~FATDirHandle()
 .text._ZN12FATDirHandle8closedirEv
                0x0000e438       0x1c source/CMakeFiles/sd.dir/C_/Users/paulfo/Documents/Git/lanc/SD/source/FATDirHandle.cpp.o
                0x0000e438                FATDirHandle::closedir()
 .text._ZN12FATDirHandleD0Ev
                0x0000e454        0xc source/CMakeFiles/sd.dir/C_/Users/paulfo/Documents/Git/lanc/SD/source/FATDirHandle.cpp.o
                0x0000e454                FATDirHandle::~FATDirHandle()
 .text._ZN12FATDirHandle7readdirEv
                0x0000e460       0x40 source/CMakeFiles/sd.dir/C_/Users/paulfo/Documents/Git/lanc/SD/source/FATDirHandle.cpp.o
                0x0000e460                FATDirHandle::readdir()
 .text._ZN13FATFileHandle6isattyEv
                0x0000e4a0        0x4 source/CMakeFiles/sd.dir/C_/Users/paulfo/Documents/Git/lanc/SD/source/FATFileHandle.cpp.o
                0x0000e4a0                FATFileHandle::isatty()
 .text._ZN13FATFileHandle4flenEv
                0x0000e4a4        0x4 source/CMakeFiles/sd.dir/C_/Users/paulfo/Documents/Git/lanc/SD/source/FATFileHandle.cpp.o
                0x0000e4a4                FATFileHandle::flen()
 .text._ZN13FATFileHandle5closeEv
                0x0000e4a8       0x1c source/CMakeFiles/sd.dir/C_/Users/paulfo/Documents/Git/lanc/SD/source/FATFileHandle.cpp.o
                0x0000e4a8                FATFileHandle::close()
 .text._ZN13FATFileHandleD0Ev
                0x0000e4c4       0x12 source/CMakeFiles/sd.dir/C_/Users/paulfo/Documents/Git/lanc/SD/source/FATFileHandle.cpp.o
                0x0000e4c4                FATFileHandle::~FATFileHandle()
 .text._ZN4mbed10SerialBaseD2Ev
                0x0000e4d6        0x2 source/CMakeFiles/sd.dir/C_/Users/paulfo/Documents/Git/lanc/SD/source/main.cpp.o
                0x0000e4d6                mbed::SerialBase::~SerialBase()
                0x0000e4d6                mbed::SerialBase::~SerialBase()
 .text._ZN17MicroBitComponent10systemTickEv
                0x0000e4d8        0x2 source/CMakeFiles/sd.dir/C_/Users/paulfo/Documents/Git/lanc/SD/source/main.cpp.o
                0x0000e4d8                MicroBitComponent::systemTick()
 .text._ZN17MicroBitComponent8idleTickEv
                0x0000e4da        0x2 source/CMakeFiles/sd.dir/C_/Users/paulfo/Documents/Git/lanc/SD/source/main.cpp.o
                0x0000e4da                MicroBitComponent::idleTick()
 .text._ZN17MicroBitComponent20isIdleCallbackNeededEv
                0x0000e4dc        0x4 source/CMakeFiles/sd.dir/C_/Users/paulfo/Documents/Git/lanc/SD/source/main.cpp.o
                0x0000e4dc                MicroBitComponent::isIdleCallbackNeeded()
 .text._ZN4mbed9RawSerialD2Ev
                0x0000e4e0        0x2 source/CMakeFiles/sd.dir/C_/Users/paulfo/Documents/Git/lanc/SD/source/main.cpp.o
                0x0000e4e0                mbed::RawSerial::~RawSerial()
                0x0000e4e0                mbed::RawSerial::~RawSerial()
 .text._ZN19MicroBitMultiButtonD2Ev
                0x0000e4e2        0x2 source/CMakeFiles/sd.dir/C_/Users/paulfo/Documents/Git/lanc/SD/source/main.cpp.o
                0x0000e4e2                MicroBitMultiButton::~MicroBitMultiButton()
                0x0000e4e2                MicroBitMultiButton::~MicroBitMultiButton()
 .text._ZN11MicroBitPinD2Ev
                0x0000e4e4        0x2 source/CMakeFiles/sd.dir/C_/Users/paulfo/Documents/Git/lanc/SD/source/main.cpp.o
                0x0000e4e4                MicroBitPin::~MicroBitPin()
                0x0000e4e4                MicroBitPin::~MicroBitPin()
 .text._ZN11MicroBitPinD0Ev
                0x0000e4e6        0xc source/CMakeFiles/sd.dir/C_/Users/paulfo/Documents/Git/lanc/SD/source/main.cpp.o
                0x0000e4e6                MicroBitPin::~MicroBitPin()
 .text._ZN19MicroBitMultiButtonD0Ev
                0x0000e4f2        0xc source/CMakeFiles/sd.dir/C_/Users/paulfo/Documents/Git/lanc/SD/source/main.cpp.o
                0x0000e4f2                MicroBitMultiButton::~MicroBitMultiButton()
 .text._ZN4mbed9RawSerialD0Ev
                0x0000e4fe        0xc source/CMakeFiles/sd.dir/C_/Users/paulfo/Documents/Git/lanc/SD/source/main.cpp.o
                0x0000e4fe                mbed::RawSerial::~RawSerial()
 .text._ZN4mbed10SerialBaseD0Ev
                0x0000e50a        0xc source/CMakeFiles/sd.dir/C_/Users/paulfo/Documents/Git/lanc/SD/source/main.cpp.o
                0x0000e50a                mbed::SerialBase::~SerialBase()
 .text._ZN14MicroBitSerialD0Ev
                0x0000e516       0x12 source/CMakeFiles/sd.dir/C_/Users/paulfo/Documents/Git/lanc/SD/source/main.cpp.o
                0x0000e516                MicroBitSerial::~MicroBitSerial()
 .text._ZN12SDFileSystemD0Ev
                0x0000e528       0x12 source/CMakeFiles/sd.dir/C_/Users/paulfo/Documents/Git/lanc/SD/source/main.cpp.o
                0x0000e528                SDFileSystem::~SDFileSystem()
 .text._ZN13FATFileSystem15disk_initializeEv
                0x0000e53a        0x4 source/CMakeFiles/sd.dir/C_/Users/paulfo/Documents/Git/lanc/SD/source/FATFileSystem.cpp.o
                0x0000e53a                FATFileSystem::disk_initialize()
 .text._ZN13FATFileSystem11disk_statusEv
                0x0000e53e        0x4 source/CMakeFiles/sd.dir/C_/Users/paulfo/Documents/Git/lanc/SD/source/FATFileSystem.cpp.o
                0x0000e53e                FATFileSystem::disk_status()
 .text._ZN13FATFileSystem9disk_syncEv
                0x0000e542        0x4 source/CMakeFiles/sd.dir/C_/Users/paulfo/Documents/Git/lanc/SD/source/FATFileSystem.cpp.o
                0x0000e542                FATFileSystem::disk_sync()
 .text._ZN13FATFileSystem5mountEv
                0x0000e546       0x1a source/CMakeFiles/sd.dir/C_/Users/paulfo/Documents/Git/lanc/SD/source/FATFileSystem.cpp.o
                0x0000e546                FATFileSystem::mount()
 .text._ZN13FATFileSystem7unmountEv
                0x0000e560       0x26 source/CMakeFiles/sd.dir/C_/Users/paulfo/Documents/Git/lanc/SD/source/FATFileSystem.cpp.o
                0x0000e560                FATFileSystem::unmount()
 .text._ZN13FATFileSystem7opendirEPKc
                0x0000e586       0x34 source/CMakeFiles/sd.dir/C_/Users/paulfo/Documents/Git/lanc/SD/source/FATFileSystem.cpp.o
                0x0000e586                FATFileSystem::opendir(char const*)
 .text._ZN13FATFileSystem5mkdirEPKcj
                0x0000e5ba       0x10 source/CMakeFiles/sd.dir/C_/Users/paulfo/Documents/Git/lanc/SD/source/FATFileSystem.cpp.o
                0x0000e5ba                FATFileSystem::mkdir(char const*, unsigned int)
 .text.get_fattime
                0x0000e5ca       0x3e source/CMakeFiles/sd.dir/C_/Users/paulfo/Documents/Git/lanc/SD/source/FATFileSystem.cpp.o
                0x0000e5ca                get_fattime
 .text._ZL7mem_cpyPvPKvj
                0x0000e608       0x12 source/CMakeFiles/sd.dir/C_/Users/paulfo/Documents/Git/lanc/SD/source/ff.cpp.o
 .text._ZL7mem_setPvij
                0x0000e61a        0xe source/CMakeFiles/sd.dir/C_/Users/paulfo/Documents/Git/lanc/SD/source/ff.cpp.o
 .text._ZL8st_clustPhm