Archive member included because of file (symbol)

ym/microbit/source/microbit.a(MicroBit.cpp.o)
                              source/CMakeFiles/spaceracerocket.dir/C_/Users/paulfo/Documents/Git/SpaceRaceRocket/source/main.cpp.o (MicroBit::MicroBit())
ym/microbit-dal/source/microbit-dal.a(MicroBitDevice.cpp.o)
                              ym/microbit/source/microbit.a(MicroBit.cpp.o) (microbit_serial_number())
ym/microbit-dal/source/microbit-dal.a(MicroBitFiber.cpp.o)
                              ym/microbit/source/microbit.a(MicroBit.cpp.o) (scheduler_init(EventModel&))
ym/microbit-dal/source/microbit-dal.a(MicroBitFont.cpp.o)
                              ym/microbit-dal/source/microbit-dal.a(MicroBitDevice.cpp.o) (MicroBitFont::defaultFont)
ym/microbit-dal/source/microbit-dal.a(MicroBitHeapAllocator.cpp.o)
                              ym/microbit/source/microbit.a(MicroBit.cpp.o) (microbit_create_heap(unsigned long, unsigned long))
ym/microbit-dal/source/microbit-dal.a(MicroBitListener.cpp.o)
                              ym/microbit-dal/source/microbit-dal.a(MicroBitFiber.cpp.o) (MicroBitListener::MicroBitListener(unsigned short, unsigned short, void (*)(MicroBitEvent), unsigned short))
ym/microbit-dal/source/microbit-dal.a(MicroBitSystemTimer.cpp.o)
                              ym/microbit-dal/source/microbit-dal.a(MicroBitFiber.cpp.o) (system_timer_current_time())
ym/microbit-dal/source/microbit-dal.a(ManagedString.cpp.o)
                              source/CMakeFiles/spaceracerocket.dir/C_/Users/paulfo/Documents/Git/SpaceRaceRocket/source/main.cpp.o (ManagedString::~ManagedString())
ym/microbit-dal/source/microbit-dal.a(MicroBitEvent.cpp.o)
                              ym/microbit/source/microbit.a(MicroBit.cpp.o) (MicroBitEvent::MicroBitEvent())
ym/microbit-dal/source/microbit-dal.a(PacketBuffer.cpp.o)
                              ym/microbit-dal/source/microbit-dal.a(ManagedString.cpp.o) (PacketBuffer::getBytes())
ym/microbit-dal/source/microbit-dal.a(RefCounted.cpp.o)
                              ym/microbit-dal/source/microbit-dal.a(ManagedString.cpp.o) (RefCounted::init())
ym/microbit-dal/source/microbit-dal.a(MicroBitAccelerometer.cpp.o)
                              source/CMakeFiles/spaceracerocket.dir/C_/Users/paulfo/Documents/Git/SpaceRaceRocket/source/main.cpp.o (MicroBitAccelerometer::~MicroBitAccelerometer())
ym/microbit-dal/source/microbit-dal.a(MicroBitButton.cpp.o)
                              source/CMakeFiles/spaceracerocket.dir/C_/Users/paulfo/Documents/Git/SpaceRaceRocket/source/main.cpp.o (MicroBitButton::~MicroBitButton())
ym/microbit-dal/source/microbit-dal.a(MicroBitCompass.cpp.o)
                              source/CMakeFiles/spaceracerocket.dir/C_/Users/paulfo/Documents/Git/SpaceRaceRocket/source/main.cpp.o (MicroBitCompass::~MicroBitCompass())
ym/microbit-dal/source/microbit-dal.a(MicroBitCompassCalibrator.cpp.o)
                              ym/microbit/source/microbit.a(MicroBit.cpp.o) (MicroBitCompassCalibrator::MicroBitCompassCalibrator(MicroBitCompass&, MicroBitAccelerometer&, MicroBitDisplay&))
ym/microbit-dal/source/microbit-dal.a(MicroBitDisplay.cpp.o)
                              source/CMakeFiles/spaceracerocket.dir/C_/Users/paulfo/Documents/Git/SpaceRaceRocket/source/main.cpp.o (MicroBitDisplay::~MicroBitDisplay())
ym/microbit-dal/source/microbit-dal.a(MicroBitI2C.cpp.o)
                              ym/microbit/source/microbit.a(MicroBit.cpp.o) (MicroBitI2C::MicroBitI2C(PinName, PinName))
ym/microbit-dal/source/microbit-dal.a(MicroBitIO.cpp.o)
                              ym/microbit/source/microbit.a(MicroBit.cpp.o) (MicroBitIO::MicroBitIO(int, int, int, int, int, int, int, int, int, int, int, int, int, int, int, int, int, int, int))
ym/microbit-dal/source/microbit-dal.a(MicroBitLightSensor.cpp.o)
                              ym/microbit-dal/source/microbit-dal.a(MicroBitDisplay.cpp.o) (MicroBitLightSensor::read())
ym/microbit-dal/source/microbit-dal.a(MicroBitMessageBus.cpp.o)
                              ym/microbit/source/microbit.a(MicroBit.cpp.o) (MicroBitMessageBus::add(MicroBitListener*))
ym/microbit-dal/source/microbit-dal.a(MicroBitMultiButton.cpp.o)
                              ym/microbit/source/microbit.a(MicroBit.cpp.o) (MicroBitMultiButton::setEventConfiguration(MicroBitButtonEventConfiguration))
ym/microbit-dal/source/microbit-dal.a(MicroBitPin.cpp.o)
                              ym/microbit-dal/source/microbit-dal.a(MicroBitIO.cpp.o) (MicroBitPin::MicroBitPin(int, PinName, PinCapability))
ym/microbit-dal/source/microbit-dal.a(MicroBitRadio.cpp.o)
                              ym/microbit/source/microbit.a(MicroBit.cpp.o) (MicroBitRadio::MicroBitRadio(unsigned short))
ym/microbit-dal/source/microbit-dal.a(MicroBitRadioDatagram.cpp.o)
                              ym/microbit-dal/source/microbit-dal.a(MicroBitRadio.cpp.o) (MicroBitRadioDatagram::MicroBitRadioDatagram(MicroBitRadio&))
[...]
Memory Configuration

Name             Origin             Length             Attributes
FLASH            0x00018000         0x00028000         xr
RAM              0x20002000         0x00002000         xrw
*default*        0x00000000         0xffffffff

Linker script and memory map

LOAD c:/yotta/gcc/bin/../lib/gcc/arm-none-eabi/4.9.3/armv6-m/crti.o
LOAD c:/yotta/gcc/bin/../lib/gcc/arm-none-eabi/4.9.3/armv6-m/crtbegin.o
LOAD c:/yotta/gcc/bin/../lib/gcc/arm-none-eabi/4.9.3/../../../../arm-none-eabi/lib/armv6-m/crt0.o
START GROUP
LOAD source/CMakeFiles/spaceracerocket.dir/C_/Users/paulfo/Documents/Git/SpaceRaceRocket/source/SDFileSystem.cpp.o
LOAD source/CMakeFiles/spaceracerocket.dir/C_/Users/paulfo/Documents/Git/SpaceRaceRocket/source/FATFileHandle.cpp.o
LOAD source/CMakeFiles/spaceracerocket.dir/C_/Users/paulfo/Documents/Git/SpaceRaceRocket/source/I2CCommon.cpp.o
LOAD source/CMakeFiles/spaceracerocket.dir/C_/Users/paulfo/Documents/Git/SpaceRaceRocket/source/SC16IS750.cpp.o
LOAD source/CMakeFiles/spaceracerocket.dir/C_/Users/paulfo/Documents/Git/SpaceRaceRocket/source/FATFileSystem.cpp.o
LOAD source/CMakeFiles/spaceracerocket.dir/C_/Users/paulfo/Documents/Git/SpaceRaceRocket/source/camera_basic.cpp.o
LOAD source/CMakeFiles/spaceracerocket.dir/C_/Users/paulfo/Documents/Git/SpaceRaceRocket/source/FATDirHandle.cpp.o
LOAD source/CMakeFiles/spaceracerocket.dir/C_/Users/paulfo/Documents/Git/SpaceRaceRocket/source/ff.cpp.o
LOAD source/CMakeFiles/spaceracerocket.dir/C_/Users/paulfo/Documents/Git/SpaceRaceRocket/source/diskio.cpp.o
LOAD source/CMakeFiles/spaceracerocket.dir/C_/Users/paulfo/Documents/Git/SpaceRaceRocket/source/main.cpp.o
LOAD ym/microbit/source/microbit.a
LOAD ym/microbit-dal/source/microbit-dal.a
LOAD ym/ble/source/ble.a
LOAD ym/ble-nrf51822/source/ble-nrf51822.a
LOAD ym/ble/source/ble.a
LOAD ym/ble-nrf51822/source/ble-nrf51822.a
LOAD ym/nrf51-sdk/source/nrf51-sdk.a
LOAD ym/mbed-classic/existing/mbed-classic.a
LOAD c:/yotta/gcc/bin/../lib/gcc/arm-none-eabi/4.9.3/../../../../arm-none-eabi/lib/armv6-m\libnosys.a
LOAD c:/yotta/gcc/bin/../lib/gcc/arm-none-eabi/4.9.3/../../../../arm-none-eabi/lib/armv6-m\libstdc++_nano.a
LOAD c:/yotta/gcc/bin/../lib/gcc/arm-none-eabi/4.9.3/../../../../arm-none-eabi/lib/armv6-m\libsupc++_nano.a
LOAD c:/yotta/gcc/bin/../lib/gcc/arm-none-eabi/4.9.3/armv6-m\libgcc.a
LOAD c:/yotta/gcc/bin/../lib/gcc/arm-none-eabi/4.9.3/../../../../arm-none-eabi/lib/armv6-m\libstdc++_nano.a
LOAD c:/yotta/gcc/bin/../lib/gcc/arm-none-eabi/4.9.3/../../../../arm-none-eabi/lib/armv6-m\libsupc++_nano.a
LOAD c:/yotta/gcc/bin/../lib/gcc/arm-none-eabi/4.9.3/../../../../arm-none-eabi/lib/armv6-m\libm.a
LOAD c:/yotta/gcc/bin/../lib/gcc/arm-none-eabi/4.9.3/../../../../arm-none-eabi/lib/armv6-m\libc_nano.a
LOAD c:/yotta/gcc/bin/../lib/gcc/arm-none-eabi/4.9.3/armv6-m\libgcc.a
END GROUP
LOAD c:/yotta/gcc/bin/../lib/gcc/arm-none-eabi/4.9.3/../../../../arm-none-eabi/lib/armv6-m\libstdc++_nano.a
LOAD c:/yotta/gcc/bin/../lib/gcc/arm-none-eabi/4.9.3/../../../../arm-none-eabi/lib/armv6-m\libm.a
LOAD c:/yotta/gcc/bin/../lib/gcc/arm-none-eabi/4.9.3/../../../../arm-none-eabi/lib/armv6-m\libc_nano.a
START GROUP
LOAD c:/yotta/gcc/bin/../lib/gcc/arm-none-eabi/4.9.3/armv6-m\libgcc.a
LOAD c:/yotta/gcc/bin/../lib/gcc/arm-none-eabi/4.9.3/../../../../arm-none-eabi/lib/armv6-m\libc_nano.a
END GROUP
START GROUP
LOAD c:/yotta/gcc/bin/../lib/gcc/arm-none-eabi/4.9.3/armv6-m\libgcc.a
LOAD c:/yotta/gcc/bin/../lib/gcc/arm-none-eabi/4.9.3/../../../../arm-none-eabi/lib/armv6-m\libc_nano.a
END GROUP
LOAD c:/yotta/gcc/bin/../lib/gcc/arm-none-eabi/4.9.3/armv6-m/crtend.o
LOAD c:/yotta/gcc/bin/../lib/gcc/arm-none-eabi/4.9.3/armv6-m/crtn.o

.text           0x00018000    0x17c14
 *(SORT(.Vectors))
 .Vectors       0x00018000       0xc0 ym/mbed-classic/existing/mbed-classic.a(startup_NRF51822.S.obj)
                0x00018000                __Vectors
 *(SORT(.text*))
 .text          0x000180c0       0x60 c:/yotta/gcc/bin/../lib/gcc/arm-none-eabi/4.9.3/armv6-m/crtbegin.o
 .text          0x00018120       0x78 c:/yotta/gcc/bin/../lib/gcc/arm-none-eabi/4.9.3/../../../../arm-none-eabi/lib/armv6-m/crt0.o
                0x00018120                _start
                0x00018120                _mainCRTStartup
 .text._ZN12SDFileSystemD2Ev
                0x00018198       0x18 source/CMakeFiles/spaceracerocket.dir/C_/Users/paulfo/Documents/Git/SpaceRaceRocket/source/SDFileSystem.cpp.o
                0x00018198                SDFileSystem::~SDFileSystem()
                0x00018198                SDFileSystem::~SDFileSystem()
 .text._ZN12SDFileSystemC2E7PinNameS0_S0_S0_PKc
                0x000181b0       0x84 source/CMakeFiles/spaceracerocket.dir/C_/Users/paulfo/Documents/Git/SpaceRaceRocket/source/SDFileSystem.cpp.o
                0x000181b0                SDFileSystem::SDFileSystem(PinName, PinName, PinName, PinName, char const*)
                0x000181b0                SDFileSystem::SDFileSystem(PinName, PinName, PinName, PinName, char const*)
 .text._ZN12SDFileSystem4_cmdEii
                0x00018234       0x88 source/CMakeFiles/spaceracerocket.dir/C_/Users/paulfo/Documents/Git/SpaceRaceRocket/source/SDFileSystem.cpp.o
                0x00018234                SDFileSystem::_cmd(int, int)
 .text._ZN12SDFileSystem18initialise_card_v1Ev
                0x000182bc       0x50 source/CMakeFiles/spaceracerocket.dir/C_/Users/paulfo/Documents/Git/SpaceRaceRocket/source/SDFileSystem.cpp.o
                0x000182bc                SDFileSystem::initialise_card_v1()
 .text._ZN12SDFileSystem5_cmdxEii
                0x0001830c       0x74 source/CMakeFiles/spaceracerocket.dir/C_/Users/paulfo/Documents/Git/SpaceRaceRocket/source/SDFileSystem.cpp.o
                0x0001830c                SDFileSystem::_cmdx(int, int)
 .text._ZN12SDFileSystem6_cmd58Ev
                0x00018380       0xa4 source/CMakeFiles/spaceracerocket.dir/C_/Users/paulfo/Documents/Git/SpaceRaceRocket/source/SDFileSystem.cpp.o
                0x00018380                SDFileSystem::_cmd58()
 .text._ZN12SDFileSystem18initialise_card_v2Ev
                0x00018424       0x60 source/CMakeFiles/spaceracerocket.dir/C_/Users/paulfo/Documents/Git/SpaceRaceRocket/source/SDFileSystem.cpp.o
                0x00018424                SDFileSystem::initialise_card_v2()
 .text._ZN12SDFileSystem5_cmd8Ev
                0x00018484       0xa0 source/CMakeFiles/spaceracerocket.dir/C_/Users/paulfo/Documents/Git/SpaceRaceRocket/source/SDFileSystem.cpp.o
                0x00018484                SDFileSystem::_cmd8()
 .text._ZN12SDFileSystem15initialise_cardEv
                0x00018524       0x88 source/CMakeFiles/spaceracerocket.dir/C_/Users/paulfo/Documents/Git/SpaceRaceRocket/source/SDFileSystem.cpp.o
                0x00018524                SDFileSystem::initialise_card()
 .text._ZN12SDFileSystem11_sd_sectorsEv
                0x000185ac       0xb0 source/CMakeFiles/spaceracerocket.dir/C_/Users/paulfo/Documents/Git/SpaceRaceRocket/source/SDFileSystem.cpp.o
                0x000185ac                SDFileSystem::_sd_sectors()
 .text._ZN12SDFileSystem15disk_initializeEv
                0x0001865c       0x60 source/CMakeFiles/spaceracerocket.dir/C_/Users/paulfo/Documents/Git/SpaceRaceRocket/source/SDFileSystem.cpp.o
                0x0001865c                SDFileSystem::disk_initialize()
 .text._ZN13FATFileHandleD2Ev
                0x000186bc       0x18 source/CMakeFiles/spaceracerocket.dir/C_/Users/paulfo/Documents/Git/SpaceRaceRocket/source/FATFileHandle.cpp.o
                0x000186bc                FATFileHandle::~FATFileHandle()
                0x000186bc                FATFileHandle::~FATFileHandle()
 .text._ZN13FATFileHandle5writeEPKvj
                0x000186d4       0x20 source/CMakeFiles/spaceracerocket.dir/C_/Users/paulfo/Documents/Git/SpaceRaceRocket/source/FATFileHandle.cpp.o
                0x000186d4                FATFileHandle::write(void const*, unsigned int)
 .text._ZN13FATFileHandle4readEPvj
                0x000186f4       0x20 source/CMakeFiles/spaceracerocket.dir/C_/Users/paulfo/Documents/Git/SpaceRaceRocket/source/FATFileHandle.cpp.o
                0x000186f4                FATFileHandle::read(void*, unsigned int)
 .text._ZN13FATFileHandle5lseekEli
                0x00018714       0x40 source/CMakeFiles/spaceracerocket.dir/C_/Users/paulfo/Documents/Git/SpaceRaceRocket/source/FATFileHandle.cpp.o
                0x00018714                FATFileHandle::lseek(long, int)
 .text._ZN13FATFileHandle5fsyncEv
                0x00018754       0x20 source/CMakeFiles/spaceracerocket.dir/C_/Users/paulfo/Documents/Git/SpaceRaceRocket/source/FATFileHandle.cpp.o
                0x00018754                FATFileHandle::fsync()
 .text._ZN13FATFileHandleC2E3FIL
                0x00018774       0x30 source/CMakeFiles/spaceracerocket.dir/C_/Users/paulfo/Documents/Git/SpaceRaceRocket/source/FATFileHandle.cpp.o
                0x00018774                FATFileHandle::FATFileHandle(FIL)
                0x00018774                FATFileHandle::FATFileHandle(FIL)
 .text.startup._GLOBAL__sub_I__ZN6sacsik9SC16IS7503i2cE
                0x000187a4       0x14 source/CMakeFiles/spaceracerocket.dir/C_/Users/paulfo/Documents/Git/SpaceRaceRocket/source/SC16IS750.cpp.o
 .text._ZN13FATFileSystem4openEPKci
                0x000187b8       0xa4 source/CMakeFiles/spaceracerocket.dir/C_/Users/paulfo/Documents/Git/SpaceRaceRocket/source/FATFileSystem.cpp.o
                0x000187b8                FATFileSystem::open(char const*, int)
 .text._ZN13FATFileSystem6removeEPKc
                0x0001885c       0x20 source/CMakeFiles/spaceracerocket.dir/C_/Users/paulfo/Documents/Git/SpaceRaceRocket/source/FATFileSystem.cpp.o
                0x0001885c                FATFileSystem::remove(char const*)
 .text._ZN13FATFileSystem6renameEPKcS1_
                0x0001887c       0x24 source/CMakeFiles/spaceracerocket.dir/C_/Users/paulfo/Documents/Git/SpaceRaceRocket/source/FATFileSystem.cpp.o
                0x0001887c                FATFileSystem::rename(char const*, char const*)
 .text._ZN13FATFileSystem6formatEv
                0x000188a0       0x2c source/CMakeFiles/spaceracerocket.dir/C_/Users/paulfo/Documents/Git/SpaceRaceRocket/source/FATFileSystem.cpp.o
                0x000188a0                FATFileSystem::format()
 .text._ZN13FATFileSystemC2EPKc
                0x000188cc       0x5c source/CMakeFiles/spaceracerocket.dir/C_/Users/paulfo/Documents/Git/SpaceRaceRocket/source/FATFileSystem.cpp.o
                0x000188cc                FATFileSystem::FATFileSystem(char const*)
                0x000188cc                FATFileSystem::FATFileSystem(char const*)
 .text._ZN13FATFileSystemD2Ev
                0x00018928       0x34 source/CMakeFiles/spaceracerocket.dir/C_/Users/paulfo/Documents/Git/SpaceRaceRocket/source/FATFileSystem.cpp.o
                0x00018928                FATFileSystem::~FATFileSystem()
                0x00018928                FATFileSystem::~FATFileSystem()
 .text.startup._GLOBAL__sub_I__ZN6sacsik6camera7i2cuartE
                0x0001895c       0x14 source/CMakeFiles/spaceracerocket.dir/C_/Users/paulfo/Documents/Git/SpaceRaceRocket/source/camera_basic.cpp.o
 .text._ZN12FATDirHandleC2ERK9FATFS_DIR
                0x00018970       0x1c source/CMakeFiles/spaceracerocket.dir/C_/Users/paulfo/Documents/Git/SpaceRaceRocket/source/FATDirHandle.cpp.o
                0x00018970                FATDirHandle::FATDirHandle(FATFS_DIR const&)
                0x00018970                FATDirHandle::FATDirHandle(FATFS_DIR const&)
 .text._ZL7sync_fsP5FATFS
                0x0001898c       0xe4 source/CMakeFiles/spaceracerocket.dir/C_/Users/paulfo/Documents/Git/SpaceRaceRocket/source/ff.cpp.o
 .text._ZL8check_fsP5FATFSm
                0x00018a70       0xa4 source/CMakeFiles/spaceracerocket.dir/C_/Users/paulfo/Documents/Git/SpaceRaceRocket/source/ff.cpp.o
 .text._ZL11find_volumePP5FATFSPPKch
                0x00018b14      0x380 source/CMakeFiles/spaceracerocket.dir/C_/Users/paulfo/Documents/Git/SpaceRaceRocket/source/ff.cpp.o
 .text._ZL12create_chainP5FATFSm
                0x00018e94       0xb0 source/CMakeFiles/spaceracerocket.dir/C_/Users/paulfo/Documents/Git/SpaceRaceRocket/source/ff.cpp.o
 .text._ZL11follow_pathP9FATFS_DIRPKc
                0x00018f44      0x18c source/CMakeFiles/spaceracerocket.dir/C_/Users/paulfo/Documents/Git/SpaceRaceRocket/source/ff.cpp.o
 .text.f_mount  0x000190d0       0x50 source/CMakeFiles/spaceracerocket.dir/C_/Users/paulfo/Documents/Git/SpaceRaceRocket/source/ff.cpp.o
                0x000190d0                f_mount
 .text.f_mkfs   0x00019120      0x5f8 source/CMakeFiles/spaceracerocket.dir/C_/Users/paulfo/Documents/Git/SpaceRaceRocket/source/ff.cpp.o
                0x00019120                f_mkfs
 .text.disk_status
                0x00019718       0x18 source/CMakeFiles/spaceracerocket.dir/C_/Users/paulfo/Documents/Git/SpaceRaceRocket/source/diskio.cpp.o
                0x00019718                disk_status
 .text.disk_initialize
                0x00019730       0x18 source/CMakeFiles/spaceracerocket.dir/C_/Users/paulfo/Documents/Git/SpaceRaceRocket/source/diskio.cpp.o
                0x00019730                disk_initialize
 .text.disk_read
                0x00019748       0x1c source/CMakeFiles/spaceracerocket.dir/C_/Users/paulfo/Documents/Git/SpaceRaceRocket/source/diskio.cpp.o
                0x00019748                disk_read
 .text.disk_write
                0x00019764       0x1c source/CMakeFiles/spaceracerocket.dir/C_/Users/paulfo/Documents/Git/SpaceRaceRocket/source/diskio.cpp.o
                0x00019764                disk_write
 .text.disk_ioctl
                0x00019780       0x5c source/CMakeFiles/spaceracerocket.dir/C_/Users/paulfo/Documents/Git/SpaceRaceRocket/source/diskio.cpp.o
                0x00019780                disk_ioctl
 .text._ZN14MicroBitSerialD2Ev
                0x000197dc       0x18 source/CMakeFiles/spaceracerocket.dir/C_/Users/paulfo/Documents/Git/SpaceRaceRocket/source/main.cpp.o
                0x000197dc                MicroBitSerial::~MicroBitSerial()
                0x000197dc                MicroBitSerial::~MicroBitSerial()
 .text.startup.main
                0x000197f4       0x9c source/CMakeFiles/spaceracerocket.dir/C_/Users/paulfo/Documents/Git/SpaceRaceRocket/source/main.cpp.o
                0x000197f4                main
 .text.startup._GLOBAL__sub_I_sd
                0x00019890       0x50 source/CMakeFiles/spaceracerocket.dir/C_/Users/paulfo/Documents/Git/SpaceRaceRocket/source/main.cpp.o
 .text._ZN8MicroBitD2Ev
                0x000198e0       0x6c source/CMakeFiles/spaceracerocket.dir/C_/Users/paulfo/Documents/Git/SpaceRaceRocket/source/main.cpp.o
                0x000198e0                MicroBit::~MicroBit()
                0x000198e0                MicroBit::~MicroBit()
 .text._ZN8MicroBitC2Ev
                0x0001994c      0x180 ym/microbit/source/microbit.a(MicroBit.cpp.o)
                0x0001994c                MicroBit::MicroBit()
                0x0001994c                MicroBit::MicroBit()
 .text._ZN8MicroBit4initEv
                0x00019acc      0x17c ym/microbit/source/microbit.a(MicroBit.cpp.o)
                0x00019acc                MicroBit::init()
 .text.NVIC_SystemReset
                0x00019c48       0x18 ym/microbit-dal/source/microbit-dal.a(MicroBitDevice.cpp.o)
 .text._Z22microbit_friendly_namev
                0x00019c60       0x5c ym/microbit-dal/source/microbit-dal.a(MicroBitDevice.cpp.o)
                0x00019c60                microbit_friendly_name()
 .text._Z14microbit_panici
                0x00019cbc      0x158 ym/microbit-dal/source/microbit-dal.a(MicroBitDevice.cpp.o)
                0x00019cbc                microbit_panic(int)
 .text._Z20microbit_seed_randomv
                0x00019e14       0x64 ym/microbit-dal/source/microbit-dal.a(MicroBitDevice.cpp.o)
                0x00019e14                microbit_seed_random()
 .text._ZN10EventModel6listenEiiPFv13MicroBitEventEt
                0x00019e78       0x60 ym/microbit-dal/source/microbit-dal.a(MicroBitFiber.cpp.o)
                0x00019e78                EventModel::listen(int, int, void (*)(MicroBitEvent), unsigned short)
 .text._Z14scheduler_tickv
                0x00019ed8       0x34 ym/microbit-dal/source/microbit-dal.a(MicroBitFiber.cpp.o)
                0x00019ed8                scheduler_tick()
 .text._Z15scheduler_event13MicroBitEvent
                0x00019f0c       0xc8 ym/microbit-dal/source/microbit-dal.a(MicroBitFiber.cpp.o)
                0x00019f0c                scheduler_event(MicroBitEvent)
 .text._Z15getFiberContextv
                0x00019fd4       0x3c ym/microbit-dal/source/microbit-dal.a(MicroBitFiber.cpp.o)
                0x00019fd4                getFiberContext()
 .text._Z23fiber_scheduler_runningv
                0x0001a010       0x10 ym/microbit-dal/source/microbit-dal.a(MicroBitFiber.cpp.o)
                0x0001a010                fiber_scheduler_running()
 .text._Z14scheduler_initR10EventModel
                0x0001a020       0xa8 ym/microbit-dal/source/microbit-dal.a(MicroBitFiber.cpp.o)
                0x0001a020                scheduler_init(EventModel&)
 .text._Z14__create_fibermmmi
                0x0001a0c8       0x50 ym/microbit-dal/source/microbit-dal.a(MicroBitFiber.cpp.o)
                0x0001a0c8                __create_fiber(unsigned long, unsigned long, unsigned long, int)
 .text._Z24scheduler_runqueue_emptyv
                0x0001a118       0x10 ym/microbit-dal/source/microbit-dal.a(MicroBitFiber.cpp.o)
                0x0001a118                scheduler_runqueue_empty()
 .text._Z24fiber_add_idle_componentP17MicroBitComponent
                0x0001a128       0x1c ym/microbit-dal/source/microbit-dal.a(MicroBitFiber.cpp.o)
                0x0001a128                fiber_add_idle_component(MicroBitComponent*)
 .text._Z27fiber_remove_idle_componentP17MicroBitComponent
                0x0001a144       0x1c ym/microbit-dal/source/microbit-dal.a(MicroBitFiber.cpp.o)
                0x0001a144                fiber_remove_idle_component(MicroBitComponent*)
 .text._Z4idlev
                0x0001a160       0x2c ym/microbit-dal/source/microbit-dal.a(MicroBitFiber.cpp.o)
                0x0001a160                idle()
 .text._Z8schedulev
                0x0001a18c       0xd0 ym/microbit-dal/source/microbit-dal.a(MicroBitFiber.cpp.o)
                0x0001a18c                schedule()
 .text._Z11fiber_sleepm
                0x0001a25c       0x54 ym/microbit-dal/source/microbit-dal.a(MicroBitFiber.cpp.o)
                0x0001a25c                fiber_sleep(unsigned long)
 .text._Z19fiber_wake_on_eventtt
                0x0001a2b0       0x9c ym/microbit-dal/source/microbit-dal.a(MicroBitFiber.cpp.o)
                0x0001a2b0                fiber_wake_on_event(unsigned short, unsigned short)
 .text._Z13release_fiberv
                0x0001a34c       0x28 ym/microbit-dal/source/microbit-dal.a(MicroBitFiber.cpp.o)
                0x0001a34c                release_fiber()
 .text._Z6invokePFvPvES_
                0x0001a374       0x80 ym/microbit-dal/source/microbit-dal.a(MicroBitFiber.cpp.o)
                0x0001a374                invoke(void (*)(void*), void*)
 .text._ZN12MicroBitFont13getSystemFontEv
                0x0001a3f4       0x10 ym/microbit-dal/source/microbit-dal.a(MicroBitFont.cpp.o)
                0x0001a3f4                MicroBitFont::getSystemFont()
 .text.startup._GLOBAL__sub_I__ZN12MicroBitFont11defaultFontE
                0x0001a404       0x18 ym/microbit-dal/source/microbit-dal.a(MicroBitFont.cpp.o)
 .text._Z20microbit_create_heapmm
                0x0001a41c       0x5c ym/microbit-dal/source/microbit-dal.a(MicroBitHeapAllocator.cpp.o)
                0x0001a41c                microbit_create_heap(unsigned long, unsigned long)
 .text._Z27microbit_create_nested_heapf
                0x0001a478       0x70 ym/microbit-dal/source/microbit-dal.a(MicroBitHeapAllocator.cpp.o)
                0x0001a478                microbit_create_nested_heap(float)
 .text._Z15microbit_mallocj
                0x0001a4e8       0x44 ym/microbit-dal/source/microbit-dal.a(MicroBitHeapAllocator.cpp.o)
                0x0001a4e8                microbit_malloc(unsigned int)
 .text._Z13microbit_freePv
                0x0001a52c       0x44 ym/microbit-dal/source/microbit-dal.a(MicroBitHeapAllocator.cpp.o)
                0x0001a52c                microbit_free(void*)
 .text._Z17system_timer_tickv
                0x0001a570       0x34 ym/microbit-dal/source/microbit-dal.a(MicroBitSystemTimer.cpp.o)
                0x0001a570                system_timer_tick()
 .text._Z23system_timer_set_periodi
                0x0001a5a4       0x48 ym/microbit-dal/source/microbit-dal.a(MicroBitSystemTimer.cpp.o)
                0x0001a5a4                system_timer_set_period(int)
 .text._Z17system_timer_initi
                0x0001a5ec       0x34 ym/microbit-dal/source/microbit-dal.a(MicroBitSystemTimer.cpp.o)
                0x0001a5ec                system_timer_init(int)
 .text._Z23system_timer_get_periodv
                0x0001a620        0xc ym/microbit-dal/source/microbit-dal.a(MicroBitSystemTimer.cpp.o)
                0x0001a620                system_timer_get_period()
 .text._Z25system_timer_current_timev
                0x0001a62c        0xc ym/microbit-dal/source/microbit-dal.a(MicroBitSystemTimer.cpp.o)
                0x0001a62c                system_timer_current_time()
 .text._Z26system_timer_add_componentP17MicroBitComponent
                0x0001a638       0x30 ym/microbit-dal/source/microbit-dal.a(MicroBitSystemTimer.cpp.o)
                0x0001a638                system_timer_add_component(MicroBitComponent*)
 .text._Z29system_timer_remove_componentP17MicroBitComponent
                0x0001a668       0x1c ym/microbit-dal/source/microbit-dal.a(MicroBitSystemTimer.cpp.o)
                0x0001a668                system_timer_remove_component(MicroBitComponent*)
 .text._ZN13ManagedStringC2EPKc
                0x0001a684       0x20 ym/microbit-dal/source/microbit-dal.a(ManagedString.cpp.o)
                0x0001a684                ManagedString::ManagedString(char const*)
                0x0001a684                ManagedString::ManagedString(char const*)
 .text._ZN13ManagedStringC2EPKcs
                0x0001a6a4       0x50 ym/microbit-dal/source/microbit-dal.a(ManagedString.cpp.o)
                0x0001a6a4                ManagedString::ManagedString(char const*, short)
                0x0001a6a4                ManagedString::ManagedString(char const*, short)
 .text._ZN13ManagedStringC2Ev
                0x0001a6f4        0xc ym/microbit-dal/source/microbit-dal.a(ManagedString.cpp.o)
                0x0001a6f4                ManagedString::ManagedString()
                0x0001a6f4                ManagedString::ManagedString()
 .text.startup._GLOBAL__sub_I__ZN13ManagedString9initEmptyEv
                0x0001a700       0x28 ym/microbit-dal/source/microbit-dal.a(ManagedString.cpp.o)
 .text._ZN13MicroBitEvent4fireEv
                0x0001a728       0x1c ym/microbit-dal/source/microbit-dal.a(MicroBitEvent.cpp.o)
                0x0001a728                MicroBitEvent::fire()
 .text.startup._GLOBAL__sub_I__ZN12PacketBuffer11EmptyPacketE
                0x0001a744       0x24 ym/microbit-dal/source/microbit-dal.a(PacketBuffer.cpp.o)
 .text._ZL16isReadOnlyInlineP10RefCounted
                0x0001a768       0x24 ym/microbit-dal/source/microbit-dal.a(RefCounted.cpp.o)
 .text._ZN21MicroBitAccelerometerD2Ev
                0x0001a78c       0x18 ym/microbit-dal/source/microbit-dal.a(MicroBitAccelerometer.cpp.o)
                0x0001a78c                MicroBitAccelerometer::~MicroBitAccelerometer()
                0x0001a78c                MicroBitAccelerometer::~MicroBitAccelerometer()
 .text._ZN21MicroBitAccelerometer9configureEv
                0x0001a7a4       0xbc ym/microbit-dal/source/microbit-dal.a(MicroBitAccelerometer.cpp.o)
                0x0001a7a4                MicroBitAccelerometer::configure()
 .text._ZN21MicroBitAccelerometer11readCommandEhPhi
                0x0001a860       0x4c ym/microbit-dal/source/microbit-dal.a(MicroBitAccelerometer.cpp.o)
                0x0001a860                MicroBitAccelerometer::readCommand(unsigned char, unsigned char*, int)
 .text._ZN21MicroBitAccelerometerC2ER11MicroBitI2Ctt
                0x0001a8ac       0x7c ym/microbit-dal/source/microbit-dal.a(MicroBitAccelerometer.cpp.o)
                0x0001a8ac                MicroBitAccelerometer::MicroBitAccelerometer(MicroBitI2C&, unsigned short, unsigned short)
                0x0001a8ac                MicroBitAccelerometer::MicroBitAccelerometer(MicroBitI2C&, unsigned short, unsigned short)
 .text._ZN21MicroBitAccelerometer12updateSampleEv
                0x0001a928       0x84 ym/microbit-dal/source/microbit-dal.a(MicroBitAccelerometer.cpp.o)
                0x0001a928                MicroBitAccelerometer::updateSample()
 .text._ZN21MicroBitAccelerometer20instantaneousPostureEv
                0x0001a9ac      0x1ec ym/microbit-dal/source/microbit-dal.a(MicroBitAccelerometer.cpp.o)
                0x0001a9ac                MicroBitAccelerometer::instantaneousPosture()
 .text._ZN14MicroBitButton10systemTickEv
                0x0001ab98       0xc8 ym/microbit-dal/source/microbit-dal.a(MicroBitButton.cpp.o)
                0x0001ab98                MicroBitButton::systemTick()
 .text._ZN14MicroBitButtonD2Ev
                0x0001ac60       0x18 ym/microbit-dal/source/microbit-dal.a(MicroBitButton.cpp.o)
                0x0001ac60                MicroBitButton::~MicroBitButton()
                0x0001ac60                MicroBitButton::~MicroBitButton()
 .text._ZN14MicroBitButtonC2E7PinNamet32MicroBitButtonEventConfiguration7PinMode
                0x0001ac78       0x5c ym/microbit-dal/source/microbit-dal.a(MicroBitButton.cpp.o)
                0x0001ac78                MicroBitButton::MicroBitButton(PinName, unsigned short, MicroBitButtonEventConfiguration, PinMode)
                0x0001ac78                MicroBitButton::MicroBitButton(PinName, unsigned short, MicroBitButtonEventConfiguration, PinMode)
 .text._ZN15MicroBitCompassD2Ev
                0x0001acd4       0x18 ym/microbit-dal/source/microbit-dal.a(MicroBitCompass.cpp.o)
                0x0001acd4                MicroBitCompass::~MicroBitCompass()
                0x0001acd4                MicroBitCompass::~MicroBitCompass()
 .text._ZN15MicroBitCompass11readCommandEhPhi
                0x0001acec       0x4c ym/microbit-dal/source/microbit-dal.a(MicroBitCompass.cpp.o)
                0x0001acec                MicroBitCompass::readCommand(unsigned char, unsigned char*, int)
 .text._ZN15MicroBitCompass6read16Eh
                0x0001ad38       0x4c ym/microbit-dal/source/microbit-dal.a(MicroBitCompass.cpp.o)
                0x0001ad38                MicroBitCompass::read16(unsigned char)
 .text._ZN15MicroBitCompass5read8Eh
                0x0001ad84       0x24 ym/microbit-dal/source/microbit-dal.a(MicroBitCompass.cpp.o)
                0x0001ad84                MicroBitCompass::read8(unsigned char)
 .text._ZN15MicroBitCompass12basicBearingEv
                0x0001ada8       0x84 ym/microbit-dal/source/microbit-dal.a(MicroBitCompass.cpp.o)
                0x0001ada8                MicroBitCompass::basicBearing()
 .text._ZN15MicroBitCompass22tiltCompensatedBearingEv
                0x0001ae2c      0x13c ym/microbit-dal/source/microbit-dal.a(MicroBitCompass.cpp.o)
                0x0001ae2c                MicroBitCompass::tiltCompensatedBearing()
 .text._ZN15MicroBitCompass9configureEv
                0x0001af68       0x8c ym/microbit-dal/source/microbit-dal.a(MicroBitCompass.cpp.o)
                0x0001af68                MicroBitCompass::configure()
 .text._ZN15MicroBitCompass9calibrateEv
                0x0001aff4       0x48 ym/microbit-dal/source/microbit-dal.a(MicroBitCompass.cpp.o)
                0x0001aff4                MicroBitCompass::calibrate()
 .text._ZN15MicroBitCompass7headingEv
                0x0001b03c       0x30 ym/microbit-dal/source/microbit-dal.a(MicroBitCompass.cpp.o)
                0x0001b03c                MicroBitCompass::heading()
 .text._ZN15MicroBitCompass14setCalibrationE13CompassSample
                0x0001b06c       0x44 ym/microbit-dal/source/microbit-dal.a(MicroBitCompass.cpp.o)
                0x0001b06c                MicroBitCompass::setCalibration(CompassSample)
 .text._ZN15MicroBitCompass4initEtt
                0x0001b0b0       0x6c ym/microbit-dal/source/microbit-dal.a(MicroBitCompass.cpp.o)
                0x0001b0b0                MicroBitCompass::init(unsigned short, unsigned short)
 .text._ZN15MicroBitCompassC2ER11MicroBitI2CR21MicroBitAccelerometerR15MicroBitStoragett
                0x0001b11c       0x50 ym/microbit-dal/source/microbit-dal.a(MicroBitCompass.cpp.o)
                0x0001b11c                MicroBitCompass::MicroBitCompass(MicroBitI2C&, MicroBitAccelerometer&, MicroBitStorage&, unsigned short, unsigned short)
                0x0001b11c                MicroBitCompass::MicroBitCompass(MicroBitI2C&, MicroBitAccelerometer&, MicroBitStorage&, unsigned short, unsigned short)
 .text._ZN25MicroBitCompassCalibrator9calibrateE13MicroBitEvent
                0x0001b16c      0x368 ym/microbit-dal/source/microbit-dal.a(MicroBitCompassCalibrator.cpp.o)
                0x0001b16c                MicroBitCompassCalibrator::calibrate(MicroBitEvent)
 .text._ZN25MicroBitCompassCalibratorC2ER15MicroBitCompassR21MicroBitAccelerometerR15MicroBitDisplay
                0x0001b4d4       0x94 ym/microbit-dal/source/microbit-dal.a(MicroBitCompassCalibrator.cpp.o)
                0x0001b4d4                MicroBitCompassCalibrator::MicroBitCompassCalibrator(MicroBitCompass&, MicroBitAccelerometer&, MicroBitDisplay&)
                0x0001b4d4                MicroBitCompassCalibrator::MicroBitCompassCalibrator(MicroBitCompass&, MicroBitAccelerometer&, MicroBitDisplay&)
 .text._ZN15MicroBitDisplay15renderGreyscaleEv
                0x0001b568       0xe0 ym/microbit-dal/source/microbit-dal.a(MicroBitDisplay.cpp.o)
                0x0001b568                MicroBitDisplay::renderGreyscale()
 .text._ZN4mbed6TickerD2Ev
                0x0001b648       0x1c ym/microbit-dal/source/microbit-dal.a(MicroBitDisplay.cpp.o)
                0x0001b648                mbed::Ticker::~Ticker()
                0x0001b648                mbed::Ticker::~Ticker()
 .text._ZN15MicroBitDisplayD2Ev
                0x0001b664       0x48 ym/microbit-dal/source/microbit-dal.a(MicroBitDisplay.cpp.o)
                0x0001b664                MicroBitDisplay::~MicroBitDisplay()
                0x0001b664                MicroBitDisplay::~MicroBitDisplay()
 .text._ZN15MicroBitDisplayC2EtRK9MatrixMap
                0x0001b6ac       0xd4 ym/microbit-dal/source/microbit-dal.a(MicroBitDisplay.cpp.o)
                0x0001b6ac                MicroBitDisplay::MicroBitDisplay(unsigned short, MatrixMap const&)
                0x0001b6ac                MicroBitDisplay::MicroBitDisplay(unsigned short, MatrixMap const&)
 .text._ZN15MicroBitDisplay6renderEv
                0x0001b780       0xe4 ym/microbit-dal/source/microbit-dal.a(MicroBitDisplay.cpp.o)
                0x0001b780                MicroBitDisplay::render()
 .text._ZN15MicroBitDisplay26sendAnimationCompleteEventEv
                0x0001b864       0x20 ym/microbit-dal/source/microbit-dal.a(MicroBitDisplay.cpp.o)
                0x0001b864                MicroBitDisplay::sendAnimationCompleteEvent()
 .text._ZN15MicroBitDisplay13stopAnimationEv
                0x0001b884       0x38 ym/microbit-dal/source/microbit-dal.a(MicroBitDisplay.cpp.o)
                0x0001b884                MicroBitDisplay::stopAnimation()
 .text._ZN15MicroBitDisplay18waitForFreeDisplayEv
                0x0001b8bc       0x20 ym/microbit-dal/source/microbit-dal.a(MicroBitDisplay.cpp.o)
                0x0001b8bc                MicroBitDisplay::waitForFreeDisplay()
 .text._ZN15MicroBitDisplay9fiberWaitEv
                0x0001b8dc       0x2c ym/microbit-dal/source/microbit-dal.a(MicroBitDisplay.cpp.o)
                0x0001b8dc                MicroBitDisplay::fiberWait()
 .text._ZN15MicroBitDisplay10printAsyncE13MicroBitImageiiii
                0x0001b908       0x58 ym/microbit-dal/source/microbit-dal.a(MicroBitDisplay.cpp.o)
                0x0001b908                MicroBitDisplay::printAsync(MicroBitImage, int, int, int, int)
 .text._ZN15MicroBitDisplay5printE13MicroBitImageiiii
                0x0001b960       0x64 ym/microbit-dal/source/microbit-dal.a(MicroBitDisplay.cpp.o)
                0x0001b960                MicroBitDisplay::print(MicroBitImage, int, int, int, int)
 .text._ZN15MicroBitDisplay11scrollAsyncE13ManagedStringi
                0x0001b9c4       0x54 ym/microbit-dal/source/microbit-dal.a(MicroBitDisplay.cpp.o)
                0x0001b9c4                MicroBitDisplay::scrollAsync(ManagedString, int)
 .text._ZN15MicroBitDisplay6scrollE13ManagedStringi
                0x0001ba18       0x50 ym/microbit-dal/source/microbit-dal.a(MicroBitDisplay.cpp.o)
                0x0001ba18                MicroBitDisplay::scroll(ManagedString, int)
 .text._ZN15MicroBitDisplay13setBrightnessEi
                0x0001ba68       0x14 ym/microbit-dal/source/microbit-dal.a(MicroBitDisplay.cpp.o)
                0x0001ba68                MicroBitDisplay::setBrightness(int)
 .text._ZN11MicroBitI2C4readEiPcib
                0x0001ba7c       0x94 ym/microbit-dal/source/microbit-dal.a(MicroBitI2C.cpp.o)
                0x0001ba7c                MicroBitI2C::read(int, char*, int, bool)
 .text._ZN11MicroBitI2C5writeEiPKcib
                0x0001bb10       0x94 ym/microbit-dal/source/microbit-dal.a(MicroBitI2C.cpp.o)
                0x0001bb10                MicroBitI2C::write(int, char const*, int, bool)
 .text._ZThn4_N18MicroBitMessageBus20isIdleCallbackNeededEv
                0x0001bba4       0x10 ym/microbit-dal/source/microbit-dal.a(MicroBitMessageBus.cpp.o)
                0x0001bba4                non-virtual thunk to MicroBitMessageBus::isIdleCallbackNeeded()
 .text._ZN18MicroBitMessageBus6removeEP16MicroBitListener
                0x0001bbb4       0x7c ym/microbit-dal/source/microbit-dal.a(MicroBitMessageBus.cpp.o)
                0x0001bbb4                MicroBitMessageBus::remove(MicroBitListener*)
 .text._ZN18MicroBitMessageBus3addEP16MicroBitListener
                0x0001bc30       0xd0 ym/microbit-dal/source/microbit-dal.a(MicroBitMessageBus.cpp.o)
                0x0001bc30                MicroBitMessageBus::add(MicroBitListener*)
 .text._ZN18MicroBitMessageBusD2Ev
                0x0001bd00       0x20 ym/microbit-dal/source/microbit-dal.a(MicroBitMessageBus.cpp.o)
                0x0001bd00                MicroBitMessageBus::~MicroBitMessageBus()
                0x0001bd00                MicroBitMessageBus::~MicroBitMessageBus()
 .text._ZThn4_N18MicroBitMessageBusD1Ev
                0x0001bd20       0x10 ym/microbit-dal/source/microbit-dal.a(MicroBitMessageBus.cpp.o)
                0x0001bd20                non-virtual thunk to MicroBitMessageBus::~MicroBitMessageBus()
 .text._ZThn4_N18MicroBitMessageBusD0Ev
                0x0001bd30       0x10 ym/microbit-dal/source/microbit-dal.a(MicroBitMessageBus.cpp.o)
                0x0001bd30                non-virtual thunk to MicroBitMessageBus::~MicroBitMessageBus()
 .text._ZN18MicroBitMessageBusC2Ev
                0x0001bd40       0x3c ym/microbit-dal/source/microbit-dal.a(MicroBitMessageBus.cpp.o)
                0x0001bd40                MicroBitMessageBus::MicroBitMessageBus()
                0x0001bd40                MicroBitMessageBus::MicroBitMessageBus()
 .text._ZN18MicroBitMessageBus7processER13MicroBitEventb
                0x0001bd7c       0x84 ym/microbit-dal/source/microbit-dal.a(MicroBitMessageBus.cpp.o)
                0x0001bd7c                MicroBitMessageBus::process(MicroBitEvent&, bool)
 .text._ZThn4_N18MicroBitMessageBus8idleTickEv
                0x0001be00       0x10 ym/microbit-dal/source/microbit-dal.a(MicroBitMessageBus.cpp.o)
                0x0001be00                non-virtual thunk to MicroBitMessageBus::idleTick()
 .text._ZN10EventModel6listenI19MicroBitMultiButtonEEittPT_MS2_Fv13MicroBitEventEt
                0x0001be10       0xac ym/microbit-dal/source/microbit-dal.a(MicroBitMultiButton.cpp.o)
                0x0001be10                int EventModel::listen<MicroBitMultiButton>(unsigned short, unsigned short, MicroBitMultiButton*, void (MicroBitMultiButton::*)(MicroBitEvent), unsigned short)
 .text._ZN19MicroBitMultiButtonC2Ettt
                0x0001bebc       0x70 ym/microbit-dal/source/microbit-dal.a(MicroBitMultiButton.cpp.o)
                0x0001bebc                MicroBitMultiButton::MicroBitMultiButton(unsigned short, unsigned short, unsigned short)
                0x0001bebc                MicroBitMultiButton::MicroBitMultiButton(unsigned short, unsigned short, unsigned short)
 .text._ZN11MicroBitPinC2Ei7PinName13PinCapability
                0x0001bf2c       0x18 ym/microbit-dal/source/microbit-dal.a(MicroBitPin.cpp.o)
                0x0001bf2c                MicroBitPin::MicroBitPin(int, PinName, PinCapability)
                0x0001bf2c                MicroBitPin::MicroBitPin(int, PinName, PinCapability)
 .text._ZN13MicroBitRadioC2Et
                0x0001bf44       0x44 ym/microbit-dal/source/microbit-dal.a(MicroBitRadio.cpp.o)
                0x0001bf44                MicroBitRadio::MicroBitRadio(unsigned short)
                0x0001bf44                MicroBitRadio::MicroBitRadio(unsigned short)
 .text._ZN13MicroBitRadio7setRSSIEh
                0x0001bf88       0x14 ym/microbit-dal/source/microbit-dal.a(MicroBitRadio.cpp.o)
                0x0001bf88                MicroBitRadio::setRSSI(unsigned char)
 .text._ZN13MicroBitRadio7getRSSIEv
                0x0001bf9c       0x14 ym/microbit-dal/source/microbit-dal.a(MicroBitRadio.cpp.o)
                0x0001bf9c                MicroBitRadio::getRSSI()
 .text._ZN13MicroBitRadio10queueRxBufEv
                0x0001bfb0       0x60 ym/microbit-dal/source/microbit-dal.a(MicroBitRadio.cpp.o)
                0x0001bfb0                MicroBitRadio::queueRxBuf()
 .text.RADIO_IRQHandler
                0x0001c010       0x60 ym/microbit-dal/source/microbit-dal.a(MicroBitRadio.cpp.o)
                0x0001c010                RADIO_IRQHandler
 .text._ZN14MicroBitSerial4baudEi
                0x0001c070       0x14 ym/microbit-dal/source/microbit-dal.a(MicroBitSerial.cpp.o)
                0x0001c070                MicroBitSerial::baud(int)
 .text._ZN14MicroBitSerialC2E7PinNameS0_hh
                0x0001c084       0x4c ym/microbit-dal/source/microbit-dal.a(MicroBitSerial.cpp.o)
                0x0001c084                MicroBitSerial::MicroBitSerial(PinName, PinName, unsigned char, unsigned char)
                0x0001c084                MicroBitSerial::MicroBitSerial(PinName, PinName, unsigned char, unsigned char)
 .text._ZN15MicroBitStorage14flashPageEraseEPm
                0x0001c0d0       0x40 ym/microbit-dal/source/microbit-dal.a(MicroBitStorage.cpp.o)
                0x0001c0d0                MicroBitStorage::flashPageErase(unsigned long*)
 .text._ZN15MicroBitStorage9flashCopyEPmS0_i
                0x0001c110       0x48 ym/microbit-dal/source/microbit-dal.a(MicroBitStorage.cpp.o)
                0x0001c110                MicroBitStorage::flashCopy(unsigned long*, unsigned long*, int)
 .text._ZN15MicroBitStorage14flashWordWriteEPmm
                0x0001c158       0x38 ym/microbit-dal/source/microbit-dal.a(MicroBitStorage.cpp.o)
                0x0001c158                MicroBitStorage::flashWordWrite(unsigned long*, unsigned long)
 .text._ZN15MicroBitStorage4sizeEv
                0x0001c190       0x60 ym/microbit-dal/source/microbit-dal.a(MicroBitStorage.cpp.o)
                0x0001c190                MicroBitStorage::size()
 .text._ZN15MicroBitStorage3putEPKcPh
                0x0001c1f0      0x170 ym/microbit-dal/source/microbit-dal.a(MicroBitStorage.cpp.o)
                0x0001c1f0                MicroBitStorage::put(char const*, unsigned char*)
 .text._ZN19MicroBitThermometerC2ER15MicroBitStoraget
                0x0001c360       0x5c ym/microbit-dal/source/microbit-dal.a(MicroBitThermometer.cpp.o)
                0x0001c360                MicroBitThermometer::MicroBitThermometer(MicroBitStorage&, unsigned short)
                0x0001c360                MicroBitThermometer::MicroBitThermometer(MicroBitStorage&, unsigned short)
 .text._ZN19MicroBitThermometer12updateSampleEv
                0x0001c3bc       0x8c ym/microbit-dal/source/microbit-dal.a(MicroBitThermometer.cpp.o)
                0x0001c3bc                MicroBitThermometer::updateSample()
 .text._ZN18MicroBitBLEManagerD2Ev
                0x0001c448       0x20 ym/microbit-dal/source/microbit-dal.a(MicroBitBLEManager.cpp.o)
                0x0001c448                MicroBitBLEManager::~MicroBitBLEManager()
                0x0001c448                MicroBitBLEManager::~MicroBitBLEManager()
 .text._ZL25bleSysAttrMissingCallbackPK32GattSysAttrMissingCallbackParams
                0x0001c468       0xc4 ym/microbit-dal/source/microbit-dal.a(MicroBitBLEManager.cpp.o)
 .text._ZN18MicroBitBLEManager8idleTickEv
                0x0001c52c       0x28 ym/microbit-dal/source/microbit-dal.a(MicroBitBLEManager.cpp.o)
                0x0001c52c                MicroBitBLEManager::idleTick()
 .text._ZN18GapAdvertisingData8addFieldENS_10DataType_tEPKhhPh
                0x0001c554       0xac ym/microbit-dal/source/microbit-dal.a(MicroBitBLEManager.cpp.o)
                0x0001c554                GapAdvertisingData::addField(GapAdvertisingData::DataType_t, unsigned char const*, unsigned char, unsigned char*)
 .text._ZN18GattCharacteristicC2ERK4UUIDPhtthPP13GattAttributejb
                0x0001c600       0x94 ym/microbit-dal/source/microbit-dal.a(MicroBitBLEManager.cpp.o)
                0x0001c600                GattCharacteristic::GattCharacteristic(UUID const&, unsigned char*, unsigned short, unsigned short, unsigned char, GattAttribute**, unsigned int, bool)
                0x0001c600                GattCharacteristic::GattCharacteristic(UUID const&, unsigned char*, unsigned short, unsigned short, unsigned char, GattAttribute**, unsigned int, bool)
 .text._ZN3BLE22setAdvertisingIntervalEt
                0x0001c694       0x3c ym/microbit-dal/source/microbit-dal.a(MicroBitBLEManager.cpp.o)
                0x0001c694                BLE::setAdvertisingInterval(unsigned short)
 .text._ZN24DeviceInformationServiceC2ER3BLEPKcS3_S3_S3_S3_S3_
                0x0001c6d0      0x1d8 ym/microbit-dal/source/microbit-dal.a(MicroBitBLEManager.cpp.o)
                0x0001c6d0                DeviceInformationService::DeviceInformationService(BLE&, char const*, char const*, char const*, char const*, char const*, char const*)
                0x0001c6d0                DeviceInformationService::DeviceInformationService(BLE&, char const*, char const*, char const*, char const*, char const*, char const*)
 .text._ZN18MicroBitBLEManagerC2ER15MicroBitStorage
                0x0001c8a8       0x34 ym/microbit-dal/source/microbit-dal.a(MicroBitBLEManager.cpp.o)
                0x0001c8a8                MicroBitBLEManager::MicroBitBLEManager(MicroBitStorage&)
                0x0001c8a8                MicroBitBLEManager::MicroBitBLEManager(MicroBitStorage&)
 .text._ZL24bleDisconnectionCallbackPKN3Gap29DisconnectionCallbackParams_tE
                0x0001c8dc       0xd4 ym/microbit-dal/source/microbit-dal.a(MicroBitBLEManager.cpp.o)
 .text._ZN18MicroBitBLEManager16setTransmitPowerEi
                0x0001c9b0       0x30 ym/microbit-dal/source/microbit-dal.a(MicroBitBLEManager.cpp.o)
                0x0001c9b0                MicroBitBLEManager::setTransmitPower(int)
 .text._ZN18MicroBitBLEManager4initE13ManagedStringS0_R10EventModelb
                0x0001c9e0      0x2bc ym/microbit-dal/source/microbit-dal.a(MicroBitBLEManager.cpp.o)
                0x0001c9e0                MicroBitBLEManager::init(ManagedString, ManagedString, EventModel&, bool)
 .text._ZL22passkeyDisplayCallbacktPKh
                0x0001cc9c       0x34 ym/microbit-dal/source/microbit-dal.a(MicroBitBLEManager.cpp.o)
 .text._ZL30securitySetupCompletedCallbacktN15SecurityManager26SecurityCompletionStatus_tE
                0x0001ccd0       0x40 ym/microbit-dal/source/microbit-dal.a(MicroBitBLEManager.cpp.o)
 .text._ZN18MicroBitBLEManager11pairingModeER15MicroBitDisplayR14MicroBitButton
                0x0001cd10      0x28c ym/microbit-dal/source/microbit-dal.a(MicroBitBLEManager.cpp.o)
                0x0001cd10                MicroBitBLEManager::pairingMode(MicroBitDisplay&, MicroBitButton&)
 .text._ZN18MicroBitDFUServiceC2ER3BLE
                0x0001cf9c      0x180 ym/microbit-dal/source/microbit-dal.a(MicroBitDFUService.cpp.o)
                0x0001cf9c                MicroBitDFUService::MicroBitDFUService(BLE&)
                0x0001cf9c                MicroBitDFUService::MicroBitDFUService(BLE&)
 .text._ZN20MicroBitEventServiceC2ER3BLER10EventModel
                0x0001d11c      0x208 ym/microbit-dal/source/microbit-dal.a(MicroBitEventService.cpp.o)
                0x0001d11c                MicroBitEventService::MicroBitEventService(BLE&, EventModel&)
                0x0001d11c                MicroBitEventService::MicroBitEventService(BLE&, EventModel&)
 .text._ZN16MicroBitListenerC2I20MicroBitEventServiceEEttPT_MS2_Fv13MicroBitEventEt
                0x0001d324       0x68 ym/microbit-dal/source/microbit-dal.a(MicroBitEventService.cpp.o)
                0x0001d324                MicroBitListener::MicroBitListener<MicroBitEventService>(unsigned short, unsigned short, MicroBitEventService*, void (MicroBitEventService::*)(MicroBitEvent), unsigned short)
                0x0001d324                MicroBitListener::MicroBitListener<MicroBitEventService>(unsigned short, unsigned short, MicroBitEventService*, void (MicroBitEventService::*)(MicroBitEvent), unsigned short)
 .text._ZN20MicroBitEventService13onDataWrittenEPK23GattWriteCallbackParams
                0x0001d38c       0xa4 ym/microbit-dal/source/microbit-dal.a(MicroBitEventService.cpp.o)
                0x0001d38c                MicroBitEventService::onDataWritten(GattWriteCallbackParams const*)
 .text._ZN20MicroBitEventService8idleTickEv
                0x0001d430       0x54 ym/microbit-dal/source/microbit-dal.a(MicroBitEventService.cpp.o)
                0x0001d430                MicroBitEventService::idleTick()
 .text          0x0001d484      0x124 ym/microbit-dal/source/microbit-dal.a(CortexContextSwitch.s.obj)
                0x0001d484                swap_context
                0x0001d506                save_context
                0x0001d54a                save_register_context
                0x0001d57a                restore_register_context
 .text._Z14string_reversePc
                0x0001d5a8       0x30 ym/microbit-dal/source/microbit-dal.a(MicroBitCompat.cpp.o)
                0x0001d5a8                string_reverse(char*)
 .text._Z4itoaiPc
                0x0001d5d8       0x64 ym/microbit-dal/source/microbit-dal.a(MicroBitCompat.cpp.o)
                0x0001d5d8                itoa(int, char*)
 .text._ZN13MicroBitImageC2Ev
                0x0001d63c        0xc ym/microbit-dal/source/microbit-dal.a(MicroBitImage.cpp.o)
                0x0001d63c                MicroBitImage::MicroBitImage()
                0x0001d63c                MicroBitImage::MicroBitImage()
 .text._ZN13MicroBitImage13setPixelValueEssh
                0x0001d648       0x2c ym/microbit-dal/source/microbit-dal.a(MicroBitImage.cpp.o)
                0x0001d648                MicroBitImage::setPixelValue(short, short, unsigned char)
 .text._ZN13MicroBitImage10printImageEssPKh
                0x0001d674       0x5c ym/microbit-dal/source/microbit-dal.a(MicroBitImage.cpp.o)
                0x0001d674                MicroBitImage::printImage(short, short, unsigned char const*)
 .text._ZN13MicroBitImage4initEssPKh
                0x0001d6d0       0x4c ym/microbit-dal/source/microbit-dal.a(MicroBitImage.cpp.o)
                0x0001d6d0                MicroBitImage::init(short, short, unsigned char const*)
 .text._ZN13MicroBitImageC2EPKc
                0x0001d71c       0xa4 ym/microbit-dal/source/microbit-dal.a(MicroBitImage.cpp.o)
                0x0001d71c                MicroBitImage::MicroBitImage(char const*)
                0x0001d71c                MicroBitImage::MicroBitImage(char const*)
 .text._ZN13MicroBitImage5printEcss
                0x0001d7c0       0x94 ym/microbit-dal/source/microbit-dal.a(MicroBitImage.cpp.o)
                0x0001d7c0                MicroBitImage::print(char, short, short)
 .text._ZN13MicroBitImage9shiftLeftEs
                0x0001d854       0x54 ym/microbit-dal/source/microbit-dal.a(MicroBitImage.cpp.o)
                0x0001d854                MicroBitImage::shiftLeft(short)
 .text.startup._GLOBAL__sub_I__ZN13MicroBitImage10EmptyImageE
                0x0001d8a8       0x28 ym/microbit-dal/source/microbit-dal.a(MicroBitImage.cpp.o)
 .text._ZN3BLEC2Ej
                0x0001d8d0       0x2c ym/ble/source/ble.a(BLE.cpp.o)
                0x0001d8d0                BLE::BLE(unsigned int)
                0x0001d8d0                BLE::BLE(unsigned int)
 .text._ZN3BLE8InstanceEj
                0x0001d8fc       0x44 ym/ble/source/ble.a(BLE.cpp.o)
                0x0001d8fc                BLE::Instance(unsigned int)
 .text._ZNK3BLE3gapEv
                0x0001d940       0x20 ym/ble/source/ble.a(BLE.cpp.o)
                0x0001d940                BLE::gap() const
 .text._ZN3BLE3gapEv
                0x0001d960       0x20 ym/ble/source/ble.a(BLE.cpp.o)
                0x0001d960                BLE::gap()
 .text._ZN3BLE10gattServerEv
                0x0001d980       0x20 ym/ble/source/ble.a(BLE.cpp.o)
                0x0001d980                BLE::gattServer()
 .text._ZN3BLE15securityManagerEv
                0x0001d9a0       0x20 ym/ble/source/ble.a(BLE.cpp.o)
                0x0001d9a0                BLE::securityManager()
 .text._ZNK3Gap25getMaxAdvertisingIntervalEv
                0x0001d9c0        0x8 ym/ble-nrf51822/source/ble-nrf51822.a(nRF5xn.cpp.o)
                0x0001d9c0                Gap::getMaxAdvertisingInterval() const
 .text._ZN6nRF5xn10getVersionEv
                0x0001d9c8       0x78 ym/ble-nrf51822/source/ble-nrf51822.a(nRF5xn.cpp.o)
                0x0001d9c8                nRF5xn::getVersion()
 .text._ZN38CallChainOfFunctionPointersWithContextIPK23GattWriteCallbackParamsED2Ev
                0x0001da40       0x14 ym/ble-nrf51822/source/ble-nrf51822.a(nRF5xn.cpp.o)
                0x0001da40                CallChainOfFunctionPointersWithContext<GattWriteCallbackParams const*>::~CallChainOfFunctionPointersWithContext()
                0x0001da40                CallChainOfFunctionPointersWithContext<GattWriteCallbackParams const*>::~CallChainOfFunctionPointersWithContext()
 .text._ZN38CallChainOfFunctionPointersWithContextIPK22GattReadCallbackParamsED2Ev
                0x0001da54       0x14 ym/ble-nrf51822/source/ble-nrf51822.a(nRF5xn.cpp.o)
                0x0001da54                CallChainOfFunctionPointersWithContext<GattReadCallbackParams const*>::~CallChainOfFunctionPointersWithContext()
                0x0001da54                CallChainOfFunctionPointersWithContext<GattReadCallbackParams const*>::~CallChainOfFunctionPointersWithContext()
 .text._ZN10GattClient16discoverServicesEt26FunctionPointerWithContextIPK17DiscoveredServiceERK4UUID
                0x0001da68       0x60 ym/ble-nrf51822/source/ble-nrf51822.a(nRF5xn.cpp.o)
                0x0001da68                GattClient::discoverServices(unsigned short, FunctionPointerWithContext<DiscoveredService const*>, UUID const&)
 .text._ZN38CallChainOfFunctionPointersWithContextIN3Gap15TimeoutSource_tEED2Ev
                0x0001dac8       0x20 ym/ble-nrf51822/source/ble-nrf51822.a(nRF5xn.cpp.o)
                0x0001dac8                CallChainOfFunctionPointersWithContext<Gap::TimeoutSource_t>::~CallChainOfFunctionPointersWithContext()
                0x0001dac8                CallChainOfFunctionPointersWithContext<Gap::TimeoutSource_t>::~CallChainOfFunctionPointersWithContext()
 .text._ZN38CallChainOfFunctionPointersWithContextIPK15SecurityManagerED2Ev
                0x0001dae8       0x20 ym/ble-nrf51822/source/ble-nrf51822.a(nRF5xn.cpp.o)
                0x0001dae8                CallChainOfFunctionPointersWithContext<SecurityManager const*>::~CallChainOfFunctionPointersWithContext()
                0x0001dae8                CallChainOfFunctionPointersWithContext<SecurityManager const*>::~CallChainOfFunctionPointersWithContext()
 .text._ZN38CallChainOfFunctionPointersWithContextIjED2Ev
                0x0001db08       0x20 ym/ble-nrf51822/source/ble-nrf51822.a(nRF5xn.cpp.o)
                0x0001db08                CallChainOfFunctionPointersWithContext<unsigned int>::~CallChainOfFunctionPointersWithContext()
                0x0001db08                CallChainOfFunctionPointersWithContext<unsigned int>::~CallChainOfFunctionPointersWithContext()
 .text._ZN38CallChainOfFunctionPointersWithContextIPK32GattSysAttrMissingCallbackParamsED2Ev
                0x0001db28       0x20 ym/ble-nrf51822/source/ble-nrf51822.a(nRF5xn.cpp.o)
                0x0001db28                CallChainOfFunctionPointersWithContext<GattSysAttrMissingCallbackParams const*>::~CallChainOfFunctionPointersWithContext()
                0x0001db28                CallChainOfFunctionPointersWithContext<GattSysAttrMissingCallbackParams const*>::~CallChainOfFunctionPointersWithContext()
 .text._ZN38CallChainOfFunctionPointersWithContextIPK10GattServerED2Ev
                0x0001db48       0x20 ym/ble-nrf51822/source/ble-nrf51822.a(nRF5xn.cpp.o)
                0x0001db48                CallChainOfFunctionPointersWithContext<GattServer const*>::~CallChainOfFunctionPointersWithContext()
                0x0001db48                CallChainOfFunctionPointersWithContext<GattServer const*>::~CallChainOfFunctionPointersWithContext()
 .text._ZN38CallChainOfFunctionPointersWithContextIPKN3Gap29DisconnectionCallbackParams_tEED2Ev
                0x0001db68       0x20 ym/ble-nrf51822/source/ble-nrf51822.a(nRF5xn.cpp.o)
                0x0001db68                CallChainOfFunctionPointersWithContext<Gap::DisconnectionCallbackParams_t const*>::~CallChainOfFunctionPointersWithContext()
                0x0001db68                CallChainOfFunctionPointersWithContext<Gap::DisconnectionCallbackParams_t const*>::~CallChainOfFunctionPointersWithContext()
 .text._ZN38CallChainOfFunctionPointersWithContextIPK3GapED2Ev
                0x0001db88       0x20 ym/ble-nrf51822/source/ble-nrf51822.a(nRF5xn.cpp.o)
                0x0001db88                CallChainOfFunctionPointersWithContext<Gap const*>::~CallChainOfFunctionPointersWithContext()
                0x0001db88                CallChainOfFunctionPointersWithContext<Gap const*>::~CallChainOfFunctionPointersWithContext()
 .text._ZN38CallChainOfFunctionPointersWithContextIPKN3Gap26ConnectionCallbackParams_tEED2Ev
                0x0001dba8       0x20 ym/ble-nrf51822/source/ble-nrf51822.a(nRF5xn.cpp.o)
                0x0001dba8                CallChainOfFunctionPointersWithContext<Gap::ConnectionCallbackParams_t const*>::~CallChainOfFunctionPointersWithContext()
                0x0001dba8                CallChainOfFunctionPointersWithContext<Gap::ConnectionCallbackParams_t const*>::~CallChainOfFunctionPointersWithContext()
 .text._ZN38CallChainOfFunctionPointersWithContextIPK21GattHVXCallbackParamsED2Ev
                0x0001dbc8       0x20 ym/ble-nrf51822/source/ble-nrf51822.a(nRF5xn.cpp.o)
                0x0001dbc8                CallChainOfFunctionPointersWithContext<GattHVXCallbackParams const*>::~CallChainOfFunctionPointersWithContext()
                0x0001dbc8                CallChainOfFunctionPointersWithContext<GattHVXCallbackParams const*>::~CallChainOfFunctionPointersWithContext()
 .text._ZN38CallChainOfFunctionPointersWithContextIPK10GattClientED2Ev
                0x0001dbe8       0x20 ym/ble-nrf51822/source/ble-nrf51822.a(nRF5xn.cpp.o)
                0x0001dbe8                CallChainOfFunctionPointersWithContext<GattClient const*>::~CallChainOfFunctionPointersWithContext()
                0x0001dbe8                CallChainOfFunctionPointersWithContext<GattClient const*>::~CallChainOfFunctionPointersWithContext()
 .text._ZN6nRF5xn13getGattClientEv
                0x0001dc08       0x54 ym/ble-nrf51822/source/ble-nrf51822.a(nRF5xn.cpp.o)
                0x0001dc08                nRF5xn::getGattClient()
 .text._ZN6nRF5xn18getSecurityManagerEv
                0x0001dc5c       0x34 ym/ble-nrf51822/source/ble-nrf51822.a(nRF5xn.cpp.o)
                0x0001dc5c                nRF5xn::getSecurityManager()
 .text._ZNK6nRF5xn18getSecurityManagerEv
                0x0001dc90       0x34 ym/ble-nrf51822/source/ble-nrf51822.a(nRF5xn.cpp.o)
                0x0001dc90                nRF5xn::getSecurityManager() const
 .text._ZN6nRF5xnD2Ev
                0x0001dcc4       0x54 ym/ble-nrf51822/source/ble-nrf51822.a(nRF5xn.cpp.o)
                0x0001dcc4                nRF5xn::~nRF5xn()
                0x0001dcc4                nRF5xn::~nRF5xn()
 .text._ZN3Gap5resetEv
                0x0001dd18       0xe0 ym/ble-nrf51822/source/ble-nrf51822.a(nRF5xn.cpp.o)
                0x0001dd18                Gap::reset()
 .text._ZN6nRF5xnC2Ev
                0x0001ddf8      0x11c ym/ble-nrf51822/source/ble-nrf51822.a(nRF5xn.cpp.o)
                0x0001ddf8                nRF5xn::nRF5xn()
                0x0001ddf8                nRF5xn::nRF5xn()
 .text._ZN6nRF5xn8InstanceEj
                0x0001df14       0x24 ym/ble-nrf51822/source/ble-nrf51822.a(nRF5xn.cpp.o)
                0x0001df14                nRF5xn::Instance(unsigned int)
 .text._ZN26FunctionPointerWithContextItEC2EPFvtE
                0x0001df38       0x20 ym/ble-nrf51822/source/ble-nrf51822.a(nRF5xn.cpp.o)
                0x0001df38                FunctionPointerWithContext<unsigned short>::FunctionPointerWithContext(void (*)(unsigned short))
                0x0001df38                FunctionPointerWithContext<unsigned short>::FunctionPointerWithContext(void (*)(unsigned short))
 .text._ZN15nRF5xGattServerC2Ev
                0x0001df58       0xc0 ym/ble-nrf51822/source/ble-nrf51822.a(nRF5xn.cpp.o)
                0x0001df58                nRF5xGattServer::nRF5xGattServer()
                0x0001df58                nRF5xGattServer::nRF5xGattServer()
 .text._ZL12btle_handlerP9ble_evt_t
                0x0001e018      0x184 ym/ble-nrf51822/source/ble-nrf51822.a(btle.cpp.o)
 .text.btle_set_gatt_table_size
                0x0001e19c       0x14 ym/ble-nrf51822/source/ble-nrf51822.a(btle.cpp.o)
                0x0001e19c                btle_set_gatt_table_size
 .text.btle_init
                0x0001e1b0       0xa4 ym/ble-nrf51822/source/ble-nrf51822.a(btle.cpp.o)
                0x0001e1b0                btle_init
 .text.app_error_handler
                0x0001e254       0x20 ym/ble-nrf51822/source/ble-nrf51822.a(btle.cpp.o)
                0x0001e254                app_error_handler
 .text._ZN15nRF5xGattServer4readEtPhPt
                0x0001e274       0x1c ym/ble-nrf51822/source/ble-nrf51822.a(nRF5xGattServer.cpp.o)
                0x0001e274                nRF5xGattServer::read(unsigned short, unsigned char*, unsigned short*)
 .text._ZN15nRF5xGattServer5writeEtPKhtb
                0x0001e290       0x20 ym/ble-nrf51822/source/ble-nrf51822.a(nRF5xGattServer.cpp.o)
                0x0001e290                nRF5xGattServer::write(unsigned short, unsigned char const*, unsigned short, bool)
 .text._ZN15nRF5xGattServer5writeEttPKhtb
                0x0001e2b0       0xe8 ym/ble-nrf51822/source/ble-nrf51822.a(nRF5xGattServer.cpp.o)
                0x0001e2b0                nRF5xGattServer::write(unsigned short, unsigned short, unsigned char const*, unsigned short, bool)
 .text._ZN15nRF5xGattServer10addServiceER11GattService
                0x0001e398      0x1d0 ym/ble-nrf51822/source/ble-nrf51822.a(nRF5xGattServer.cpp.o)
                0x0001e398                nRF5xGattServer::addService(GattService&)
 .text._ZN15nRF5xGattServer5resetEv
                0x0001e568       0x50 ym/ble-nrf51822/source/ble-nrf51822.a(nRF5xGattServer.cpp.o)
                0x0001e568                nRF5xGattServer::reset()
 .text._ZNK8SafeBoolI26FunctionPointerWithContextItEEcvMN9SafeBool_4baseEKFvvEEv
                0x0001e5b8       0x18 ym/ble-nrf51822/source/ble-nrf51822.a(nRF5xGattServer.cpp.o)
                0x0001e5b8                SafeBool<FunctionPointerWithContext<unsigned short> >::operator void (SafeBool_::base::*)() const() const
 .text._ZL10dm_handlerPK13device_handlePK10dm_event_tm
                0x0001e5d0       0xac ym/ble-nrf51822/source/ble-nrf51822.a(btle_security.cpp.o)
 .text._Z27btle_hasInitializedSecurityv
                0x0001e67c        0xc ym/ble-nrf51822/source/ble-nrf51822.a(btle_security.cpp.o)
                0x0001e67c                btle_hasInitializedSecurity()
 .text._Z23btle_initializeSecuritybbN15SecurityManager24SecurityIOCapabilities_tEPKh
                0x0001e688       0xd8 ym/ble-nrf51822/source/ble-nrf51822.a(btle_security.cpp.o)
                0x0001e688                btle_initializeSecurity(bool, bool, SecurityManager::SecurityIOCapabilities_t, unsigned char const*)
 .text._Z25btle_purgeAllBondingStatev
                0x0001e760       0x24 ym/ble-nrf51822/source/ble-nrf51822.a(btle_security.cpp.o)
                0x0001e760                btle_purgeAllBondingState()
 .text._Z20btle_getLinkSecuritytPN15SecurityManager20LinkSecurityStatus_tE
                0x0001e784       0x48 ym/ble-nrf51822/source/ble-nrf51822.a(btle_security.cpp.o)
                0x0001e784                btle_getLinkSecurity(unsigned short, SecurityManager::LinkSecurityStatus_t*)
 .text._Z20btle_setLinkSecuritytN15SecurityManager14SecurityMode_tE
                0x0001e7cc       0x48 ym/ble-nrf51822/source/ble-nrf51822.a(btle_security.cpp.o)
                0x0001e7cc                btle_setLinkSecurity(unsigned short, SecurityManager::SecurityMode_t)
 .text._Z33btle_createWhitelistFromBondTableP19ble_gap_whitelist_t
                0x0001e814       0x30 ym/ble-nrf51822/source/ble-nrf51822.a(btle_security.cpp.o)
                0x0001e814                btle_createWhitelistFromBondTable(ble_gap_whitelist_t*)
 .text._ZN8nRF5xGap25getPermittedTxPowerValuesEPPKaPj
                0x0001e844       0x10 ym/ble-nrf51822/source/ble-nrf51822.a(nRF5xGap.cpp.o)
                0x0001e844                nRF5xGap::getPermittedTxPowerValues(signed char const**, unsigned int*)
 .text._Z31radioNotificationStaticCallbackb
                0x0001e854       0x3c ym/ble-nrf51822/source/ble-nrf51822.a(nRF5xGap.cpp.o)
                0x0001e854                radioNotificationStaticCallback(bool)
 .text._ZN8nRF5xGap21initRadioNotificationEv
                0x0001e890       0x1c ym/ble-nrf51822/source/ble-nrf51822.a(nRF5xGap.cpp.o)
                0x0001e890                nRF5xGap::initRadioNotification()
 .text._ZN8nRF5xGap22generateStackWhitelistER19ble_gap_whitelist_t
                0x0001e8ac       0xe8 ym/ble-nrf51822/source/ble-nrf51822.a(nRF5xGap.cpp.o)
                0x0001e8ac                nRF5xGap::generateStackWhitelist(ble_gap_whitelist_t&)
 .text._ZN8nRF5xGap16startAdvertisingERK20GapAdvertisingParams
                0x0001e994       0xa8 ym/ble-nrf51822/source/ble-nrf51822.a(nRF5xGap.cpp.o)
                0x0001e994                nRF5xGap::startAdvertising(GapAdvertisingParams const&)
 .text._ZN8nRF5xGap7connectEPKhN11BLEProtocol11AddressType4TypeEPKN3Gap18ConnectionParams_tEPK17GapScanningParams
                0x0001ea3c       0xf0 ym/ble-nrf51822/source/ble-nrf51822.a(nRF5xGap.cpp.o)
                0x0001ea3c                nRF5xGap::connect(unsigned char const*, BLEProtocol::AddressType::Type, Gap::ConnectionParams_t const*, GapScanningParams const*)
 .text._Z13btle_gap_initv
                0x0001eb2c       0x54 ym/ble-nrf51822/source/ble-nrf51822.a(btle_gap.cpp.o)
                0x0001eb2c                btle_gap_init()
 .text.custom_convert_to_nordic_uuid
                0x0001eb80       0xa4 ym/ble-nrf51822/source/ble-nrf51822.a(custom_helper.cpp.o)
                0x0001eb80                custom_convert_to_nordic_uuid
 .text._ZN17GapScanningParamsC2Etttb
                0x0001ec24       0x6c ym/ble/source/ble.a(GapScanningParams.cpp.o)
                0x0001ec24                GapScanningParams::GapScanningParams(unsigned short, unsigned short, unsigned short, bool)
                0x0001ec24                GapScanningParams::GapScanningParams(unsigned short, unsigned short, unsigned short, bool)
 .text.dfu_app_on_dfu_evt
                0x0001ec90      0x16c ym/nrf51-sdk/source/nrf51-sdk.a(dfu_app_handler.c.o)
                0x0001ec90                dfu_app_on_dfu_evt
 .text.SWI1_IRQHandler
                0x0001edfc       0x20 ym/nrf51-sdk/source/nrf51-sdk.a(ble_radio_notification.c.o)
                0x0001edfc                SWI1_IRQHandler
 .text.ble_radio_notification_init
                0x0001ee1c       0x38 ym/nrf51-sdk/source/nrf51-sdk.a(ble_radio_notification.c.o)
                0x0001ee1c                ble_radio_notification_init
 .text.bootloader_util_app_start
                0x0001ee54       0x3c ym/nrf51-sdk/source/nrf51-sdk.a(bootloader_util.c.o)
                0x0001ee54                bootloader_util_app_start
 .text.intern_softdevice_events_execute
                0x0001ee90       0xb0 ym/nrf51-sdk/source/nrf51-sdk.a(softdevice_handler.c.o)
                0x0001ee90                intern_softdevice_events_execute
 .text.softdevice_handler_init
                0x0001ef40       0x48 ym/nrf51-sdk/source/nrf51-sdk.a(softdevice_handler.c.o)
                0x0001ef40                softdevice_handler_init
 .text.softdevice_handler_sd_disable
                0x0001ef88       0x18 ym/nrf51-sdk/source/nrf51-sdk.a(softdevice_handler.c.o)
                0x0001ef88                softdevice_handler_sd_disable
 .text.softdevice_ble_evt_handler_set
                0x0001efa0       0x14 ym/nrf51-sdk/source/nrf51-sdk.a(softdevice_handler.c.o)
                0x0001efa0                softdevice_ble_evt_handler_set
 .text.softdevice_sys_evt_handler_set
                0x0001efb4       0x14 ym/nrf51-sdk/source/nrf51-sdk.a(softdevice_handler.c.o)
                0x0001efb4                softdevice_sys_evt_handler_set
 .text.SWI2_IRQHandler
                0x0001efc8       0x24 ym/nrf51-sdk/source/nrf51-sdk.a(softdevice_handler.c.o)
                0x0001efc8                SWI2_IRQHandler
 .text.pstorage_flash_page_end
                0x0001efec       0x20 ym/nrf51-sdk/source/nrf51-sdk.a(pstorage.c.o)
 .text.swap_sub_state_entry_action_run
                0x0001f00c       0x18 ym/nrf51-sdk/source/nrf51-sdk.a(pstorage.c.o)
 .text.app_notify
                0x0001f024       0x2c ym/nrf51-sdk/source/nrf51-sdk.a(pstorage.c.o)
 .text.is_page_erase_required
                0x0001f050       0x50 ym/nrf51-sdk/source/nrf51-sdk.a(pstorage.c.o)
 .text.swap_sub_state_err_busy_process
                0x0001f0a0       0x18 ym/nrf51-sdk/source/nrf51-sdk.a(pstorage.c.o)
 .text.data_to_swap_write_state_run
                0x0001f0b8       0x30 ym/nrf51-sdk/source/nrf51-sdk.a(pstorage.c.o)
 .text.swap_erase_state_run
                0x0001f0e8       0x24 ym/nrf51-sdk/source/nrf51-sdk.a(pstorage.c.o)
 .text.flash_api_err_code_process
                0x0001f10c       0x40 ym/nrf51-sdk/source/nrf51-sdk.a(pstorage.c.o)
 .text.store_cmd_flash_write_execute
                0x0001f14c       0x60 ym/nrf51-sdk/source/nrf51-sdk.a(pstorage.c.o)
 .text.state_restore_head_entry_run
                0x0001f1ac       0x34 ym/nrf51-sdk/source/nrf51-sdk.a(pstorage.c.o)
 .text.state_restore_tail_entry_run
                0x0001f1e0       0x48 ym/nrf51-sdk/source/nrf51-sdk.a(pstorage.c.o)
 .text.state_write_data_swap_entry_run
                0x0001f228       0x2c ym/nrf51-sdk/source/nrf51-sdk.a(pstorage.c.o)
 .text.state_entry_action_run
                0x0001f254       0xd4 ym/nrf51-sdk/source/nrf51-sdk.a(pstorage.c.o)
 .text.clear_operation_execute
                0x0001f328      0x158 ym/nrf51-sdk/source/nrf51-sdk.a(pstorage.c.o)
 .text.cmd_process
                0x0001f480       0x3c ym/nrf51-sdk/source/nrf51-sdk.a(pstorage.c.o)
 .text.unlikely.cmd_queue_enqueue
                0x0001f4bc       0x54 ym/nrf51-sdk/source/nrf51-sdk.a(pstorage.c.o)
 .text.command_end_procedure_run
                0x0001f510       0x50 ym/nrf51-sdk/source/nrf51-sdk.a(pstorage.c.o)
 .text.clear_post_processing_run
                0x0001f560       0x2c ym/nrf51-sdk/source/nrf51-sdk.a(pstorage.c.o)
 .text.head_restore_state_run
                0x0001f58c       0x94 ym/nrf51-sdk/source/nrf51-sdk.a(pstorage.c.o)
 .text.tail_restore_state_run
                0x0001f620       0x1c ym/nrf51-sdk/source/nrf51-sdk.a(pstorage.c.o)
 .text.data_page_erase_state_run
                0x0001f63c       0x6c ym/nrf51-sdk/source/nrf51-sdk.a(pstorage.c.o)
 .text.flash_operation_success_run
                0x0001f6a8       0x98 ym/nrf51-sdk/source/nrf51-sdk.a(pstorage.c.o)
 .text.state_erase_data_page_entry_run
                0x0001f740       0x10 ym/nrf51-sdk/source/nrf51-sdk.a(pstorage.c.o)
 .text.pstorage_sys_event_handler
                0x0001f750       0x64 ym/nrf51-sdk/source/nrf51-sdk.a(pstorage.c.o)
                0x0001f750                pstorage_sys_event_handler
 .text.pstorage_init
                0x0001f7b4       0x84 ym/nrf51-sdk/source/nrf51-sdk.a(pstorage.c.o)
                0x0001f7b4                pstorage_init
 .text.pstorage_register
                0x0001f838       0xc4 ym/nrf51-sdk/source/nrf51-sdk.a(pstorage.c.o)
                0x0001f838                pstorage_register
 .text.pstorage_block_identifier_get
                0x0001f8fc       0x4c ym/nrf51-sdk/source/nrf51-sdk.a(pstorage.c.o)
                0x0001f8fc                pstorage_block_identifier_get
 .text.pstorage_store
                0x0001f948       0x7c ym/nrf51-sdk/source/nrf51-sdk.a(pstorage.c.o)
                0x0001f948                pstorage_store
 .text.pstorage_update
                0x0001f9c4       0x7c ym/nrf51-sdk/source/nrf51-sdk.a(pstorage.c.o)
                0x0001f9c4                pstorage_update
 .text.pstorage_load
                0x0001fa40       0x98 ym/nrf51-sdk/source/nrf51-sdk.a(pstorage.c.o)
                0x0001fa40                pstorage_load
 .text.pstorage_clear
                0x0001fad8       0x88 ym/nrf51-sdk/source/nrf51-sdk.a(pstorage.c.o)
                0x0001fad8                pstorage_clear
 .text.gatts_context_store
                0x0001fb60       0xb8 ym/nrf51-sdk/source/nrf51-sdk.a(device_manager_peripheral.c.o)
 .text.device_context_store
                0x0001fc18       0xb8 ym/nrf51-sdk/source/nrf51-sdk.a(device_manager_peripheral.c.o)
 .text.gatts_context_apply
                0x0001fcd0       0xc4 ym/nrf51-sdk/source/nrf51-sdk.a(device_manager_peripheral.c.o)
 .text.gatts_context_load
                0x0001fd94       0x34 ym/nrf51-sdk/source/nrf51-sdk.a(device_manager_peripheral.c.o)
 .text.dm_pstorage_cb_handler
                0x0001fdc8      0x134 ym/nrf51-sdk/source/nrf51-sdk.a(device_manager_peripheral.c.o)
 .text.peer_instance_init
                0x0001fefc       0x44 ym/nrf51-sdk/source/nrf51-sdk.a(device_manager_peripheral.c.o)
 .text.device_instance_free
                0x0001ff40       0x2c ym/nrf51-sdk/source/nrf51-sdk.a(device_manager_peripheral.c.o)
 .text.dm_init  0x0001ff6c       0xe0 ym/nrf51-sdk/source/nrf51-sdk.a(device_manager_peripheral.c.o)
                0x0001ff6c                dm_init
 .text.dm_register
                0x0002004c       0x74 ym/nrf51-sdk/source/nrf51-sdk.a(device_manager_peripheral.c.o)
                0x0002004c                dm_register
 .text.dm_security_status_req
                0x000200c0       0x70 ym/nrf51-sdk/source/nrf51-sdk.a(device_manager_peripheral.c.o)
                0x000200c0                dm_security_status_req
 .text.dm_whitelist_create
                0x00020130       0xb0 ym/nrf51-sdk/source/nrf51-sdk.a(device_manager_peripheral.c.o)
                0x00020130                dm_whitelist_create
 .text.dm_device_delete_all
                0x000201e0       0x58 ym/nrf51-sdk/source/nrf51-sdk.a(device_manager_peripheral.c.o)
                0x000201e0                dm_device_delete_all
 .text.dm_application_context_set
                0x00020238        0x8 ym/nrf51-sdk/source/nrf51-sdk.a(device_manager_peripheral.c.o)
                0x00020238                dm_application_context_set
 .text.dm_peer_addr_get
                0x00020240       0x84 ym/nrf51-sdk/source/nrf51-sdk.a(device_manager_peripheral.c.o)
                0x00020240                dm_peer_addr_get
 .text.dm_distributed_keys_get
                0x000202c4       0xb8 ym/nrf51-sdk/source/nrf51-sdk.a(device_manager_peripheral.c.o)
                0x000202c4                dm_distributed_keys_get
 .text.bond_data_load
                0x0002037c       0x48 ym/nrf51-sdk/source/nrf51-sdk.a(device_manager_peripheral.c.o)
                0x0002037c                bond_data_load
 .text.address_to_device_id
                0x000203c4       0x2c ym/nrf51-sdk/source/nrf51-sdk.a(device_manager_peripheral.c.o)
                0x000203c4                address_to_device_id
 .text.dm_ble_evt_handler
                0x000203f0      0x394 ym/nrf51-sdk/source/nrf51-sdk.a(device_manager_peripheral.c.o)
                0x000203f0                dm_ble_evt_handler
 .text.dm_handle_get
                0x00020784       0x48 ym/nrf51-sdk/source/nrf51-sdk.a(device_manager_peripheral.c.o)
                0x00020784                dm_handle_get
 .text.ble_dfu_response_send
                0x000207cc       0x64 ym/nrf51-sdk/source/nrf51-sdk.a(ble_dfu.c.o)
                0x000207cc                ble_dfu_response_send
 .text._ZN4mbed14FileSystemLikeC2EPKc
                0x00020830       0x18 ym/mbed-classic/existing/mbed-classic.a(FileSystemLike.cpp.o)
                0x00020830                mbed::FileSystemLike::FileSystemLike(char const*)
                0x00020830                mbed::FileSystemLike::FileSystemLike(char const*)
 .text._ZN4mbed14FileSystemLikeD2Ev
                0x00020848       0x18 ym/mbed-classic/existing/mbed-classic.a(FileSystemLike.cpp.o)
                0x00020848                mbed::FileSystemLike::~FileSystemLike()
                0x00020848                mbed::FileSystemLike::~FileSystemLike()
 .text._ZN4mbed14FileSystemLike7opendirEv
                0x00020860       0x28 ym/mbed-classic/existing/mbed-classic.a(FileSystemLike.cpp.o)
                0x00020860                mbed::FileSystemLike::opendir()
 .text._ZN4mbed3I2CC2E7PinNameS1_
                0x00020888       0x30 ym/mbed-classic/existing/mbed-classic.a(I2C.cpp.o)
                0x00020888                mbed::I2C::I2C(PinName, PinName)
                0x00020888                mbed::I2C::I2C(PinName, PinName)
 .text._ZN4mbed3I2C6aquireEv
                0x000208b8       0x1c ym/mbed-classic/existing/mbed-classic.a(I2C.cpp.o)
                0x000208b8                mbed::I2C::aquire()
 .text._ZN4mbed11InterruptInD2Ev
                0x000208d4       0x18 ym/mbed-classic/existing/mbed-classic.a(InterruptIn.cpp.o)
                0x000208d4                mbed::InterruptIn::~InterruptIn()
                0x000208d4                mbed::InterruptIn::~InterruptIn()
 .text._ZN4mbed11InterruptInC2E7PinName
                0x000208ec       0x48 ym/mbed-classic/existing/mbed-classic.a(InterruptIn.cpp.o)
                0x000208ec                mbed::InterruptIn::InterruptIn(PinName)
                0x000208ec                mbed::InterruptIn::InterruptIn(PinName)
 .text._ZN4mbed9RawSerialC2E7PinNameS1_
                0x00020934       0x14 ym/mbed-classic/existing/mbed-classic.a(RawSerial.cpp.o)
                0x00020934                mbed::RawSerial::RawSerial(PinName, PinName)
                0x00020934                mbed::RawSerial::RawSerial(PinName, PinName)
 .text._ZL11init_serialv
                0x00020948       0x20 ym/mbed-classic/existing/mbed-classic.a(retarget.cpp.o)
 .text._ZN4mbed10FileHandleD2Ev
                0x00020968       0x28 ym/mbed-classic/existing/mbed-classic.a(retarget.cpp.o)
                0x00020968                mbed::FileHandle::~FileHandle()
                0x00020968                mbed::FileHandle::~FileHandle()
 .text._close   0x00020990       0x2c ym/mbed-classic/existing/mbed-classic.a(retarget.cpp.o)
                0x00020990                _close
 .text._write   0x000209bc       0x54 ym/mbed-classic/existing/mbed-classic.a(retarget.cpp.o)
                0x000209bc                _write
 .text._read    0x00020a10       0x48 ym/mbed-classic/existing/mbed-classic.a(retarget.cpp.o)
                0x00020a10                _read
 .text._isatty  0x00020a58       0x28 ym/mbed-classic/existing/mbed-classic.a(retarget.cpp.o)
                0x00020a58                _isatty
 .text._lseek   0x00020a80       0x28 ym/mbed-classic/existing/mbed-classic.a(retarget.cpp.o)
                0x00020a80                _lseek
 .text._ZN9__gnu_cxx27__verbose_terminate_handlerEv
                0x00020aa8       0x10 ym/mbed-classic/existing/mbed-classic.a(retarget.cpp.o)
                0x00020aa8                __gnu_cxx::__verbose_terminate_handler()
 .text._sbrk    0x00020ab8       0x28 ym/mbed-classic/existing/mbed-classic.a(retarget.cpp.o)
                0x00020ab8                _sbrk
 .text._ZN4mbed10SerialBaseC2E7PinNameS1_
                0x00020ae0       0x3c ym/mbed-classic/existing/mbed-classic.a(SerialBase.cpp.o)
                0x00020ae0                mbed::SerialBase::SerialBase(PinName, PinName)
                0x00020ae0                mbed::SerialBase::SerialBase(PinName, PinName)
 .text._ZN4mbed3SPIC2E7PinNameS1_S1_S1_
                0x00020b1c       0x4c ym/mbed-classic/existing/mbed-classic.a(SPI.cpp.o)
                0x00020b1c                mbed::SPI::SPI(PinName, PinName, PinName, PinName)
                0x00020b1c                mbed::SPI::SPI(PinName, PinName, PinName, PinName)
 .text._ZN4mbed3SPI6aquireEv
                0x00020b68       0x2c ym/mbed-classic/existing/mbed-classic.a(SPI.cpp.o)
                0x00020b68                mbed::SPI::aquire()
 .text._ZN4mbed3SPI9frequencyEi
                0x00020b94       0x14 ym/mbed-classic/existing/mbed-classic.a(SPI.cpp.o)
                0x00020b94                mbed::SPI::frequency(int)
 .text._ZN4mbed7TimeoutD2Ev
                0x00020ba8       0x1c ym/mbed-classic/existing/mbed-classic.a(Timeout.cpp.o)
                0x00020ba8                mbed::Timeout::~Timeout()
                0x00020ba8                mbed::Timeout::~Timeout()
 .text._ZN4mbed10TimerEventC2Ev
                0x00020bc4       0x2c ym/mbed-classic/existing/mbed-classic.a(TimerEvent.cpp.o)
                0x00020bc4                mbed::TimerEvent::TimerEvent()
                0x00020bc4                mbed::TimerEvent::TimerEvent()
 .text._ZN4mbed10TimerEventD2Ev
                0x00020bf0       0x18 ym/mbed-classic/existing/mbed-classic.a(TimerEvent.cpp.o)
                0x00020bf0                mbed::TimerEvent::~TimerEvent()
                0x00020bf0                mbed::TimerEvent::~TimerEvent()
 .text.get_us_ticker_data
                0x00020c08        0x8 ym/mbed-classic/existing/mbed-classic.a(us_ticker_api.c.o)
                0x00020c08                get_us_ticker_data
 .text.us_ticker_irq_handler
                0x00020c10       0x10 ym/mbed-classic/existing/mbed-classic.a(us_ticker_api.c.o)
                0x00020c10                us_ticker_irq_handler
 .text          0x00020c20       0x48 ym/mbed-classic/existing/mbed-classic.a(startup_NRF51822.S.obj)
                0x00020c20                Reset_Handler
                0x00020c5c                NMI_Handler
                0x00020c5e                HardFault_Handler
                0x00020c60                SVC_Handler
                0x00020c62                PendSV_Handler
                0x00020c64                SysTick_Handler
                0x00020c66                POWER_CLOCK_IRQHandler
                0x00020c66                RTC0_IRQHandler
                0x00020c66                SWI4_IRQHandler
                0x00020c66                TEMP_IRQHandler
                0x00020c66                QDEC_IRQHandler
                0x00020c66                SWI5_IRQHandler
                0x00020c66                TIMER0_IRQHandler
                0x00020c66                LPCOMP_IRQHandler
                0x00020c66                SWI0_IRQHandler
                0x00020c66                ECB_IRQHandler
                0x00020c66                Default_Handler
                0x00020c66                ADC_IRQHandler
                0x00020c66                SWI3_IRQHandler
                0x00020c66                CCM_AAR_IRQHandler
                0x00020c66                WDT_IRQHandler
                0x00020c66                SPI0_TWI0_IRQHandler
                0x00020c66                RNG_IRQHandler
                0x00020c66                SPI1_TWI1_IRQHandler
                0x00020c66                RTC1_IRQHandler
 .text.gpio_init
                0x00020c68       0x30 ym/mbed-classic/existing/mbed-classic.a(gpio_api.c.o)
                0x00020c68                gpio_init
 .text.GPIOTE_IRQHandler
                0x00020c98       0xf4 ym/mbed-classic/existing/mbed-classic.a(gpio_irq_api.c.o)
                0x00020c98                GPIOTE_IRQHandler
 .text.gpio_irq_init
                0x00020d8c       0x60 ym/mbed-classic/existing/mbed-classic.a(gpio_irq_api.c.o)
                0x00020d8c                gpio_irq_init
 .text.gpio_irq_free
                0x00020dec       0x10 ym/mbed-classic/existing/mbed-classic.a(gpio_irq_api.c.o)
                0x00020dec                gpio_irq_free
 .text.gpio_irq_set
                0x00020dfc       0xa4 ym/mbed-classic/existing/mbed-classic.a(gpio_irq_api.c.o)
                0x00020dfc                gpio_irq_set
 .text.i2c_do_write
                0x00020ea0       0x2c ym/mbed-classic/existing/mbed-classic.a(i2c_api.c.o)
                0x00020ea0                i2c_do_write
 .text.i2c_do_read
                0x00020ecc       0x3c ym/mbed-classic/existing/mbed-classic.a(i2c_api.c.o)
                0x00020ecc                i2c_do_read
 .text.i2c_frequency
                0x00020f08       0x48 ym/mbed-classic/existing/mbed-classic.a(i2c_api.c.o)
                0x00020f08                i2c_frequency
 .text.twi_master_init
                0x00020f50       0x44 ym/mbed-classic/existing/mbed-classic.a(i2c_api.c.o)
                0x00020f50                twi_master_init
 .text.i2c_init
                0x00020f94       0xc4 ym/mbed-classic/existing/mbed-classic.a(i2c_api.c.o)
                0x00020f94                i2c_init
 .text.i2c_reset
                0x00021058       0x34 ym/mbed-classic/existing/mbed-classic.a(i2c_api.c.o)
                0x00021058                i2c_reset
 .text.i2c_stop
                0x0002108c       0x34 ym/mbed-classic/existing/mbed-classic.a(i2c_api.c.o)
                0x0002108c                i2c_stop
 .text.checkError
                0x000210c0       0x28 ym/mbed-classic/existing/mbed-classic.a(i2c_api.c.o)
                0x000210c0                checkError
 .text.port_init
                0x000210e8       0x28 ym/mbed-classic/existing/mbed-classic.a(port_api.c.o)
                0x000210e8                port_init
 .text.TIMER2_IRQHandler
                0x00021110       0x64 ym/mbed-classic/existing/mbed-classic.a(pwmout_api.c.o)
                0x00021110                TIMER2_IRQHandler
 .text.serial_baud.part.0
                0x00021174       0x38 ym/mbed-classic/existing/mbed-classic.a(serial_api.c.o)
 .text.serial_init
                0x000211ac       0xb8 ym/mbed-classic/existing/mbed-classic.a(serial_api.c.o)
                0x000211ac                serial_init
 .text.serial_baud
                0x00021264       0x20 ym/mbed-classic/existing/mbed-classic.a(serial_api.c.o)
                0x00021264                serial_baud
 .text.UART0_IRQHandler
                0x00021284       0x4c ym/mbed-classic/existing/mbed-classic.a(serial_api.c.o)
                0x00021284                UART0_IRQHandler
 .text.serial_irq_handler
                0x000212d0       0x18 ym/mbed-classic/existing/mbed-classic.a(serial_api.c.o)
                0x000212d0                serial_irq_handler
 .text.serial_putc
                0x000212e8       0x1c ym/mbed-classic/existing/mbed-classic.a(serial_api.c.o)
                0x000212e8                serial_putc
 .text.spi_format
                0x00021304       0x70 ym/mbed-classic/existing/mbed-classic.a(spi_api.c.o)
                0x00021304                spi_format
 .text.spi_frequency
                0x00021374       0x84 ym/mbed-classic/existing/mbed-classic.a(spi_api.c.o)
                0x00021374                spi_frequency
 .text.spi_init
                0x000213f8      0x1d4 ym/mbed-classic/existing/mbed-classic.a(spi_api.c.o)
                0x000213f8                spi_init
 .text.spi_master_write
                0x000215cc       0x28 ym/mbed-classic/existing/mbed-classic.a(spi_api.c.o)
                0x000215cc                spi_master_write
 .text.twi_master_clear_bus
                0x000215f4       0xb4 ym/mbed-classic/existing/mbed-classic.a(twi_master.c.o)
 .text.twi_master_init_and_clear
                0x000216a8       0x74 ym/mbed-classic/existing/mbed-classic.a(twi_master.c.o)
                0x000216a8                twi_master_init_and_clear
 .text.tmr1_getCounter64
                0x0002171c       0x30 ym/mbed-classic/existing/mbed-classic.a(us_ticker.c.o)
 .text.TIMER1_IRQHandler
                0x0002174c       0x50 ym/mbed-classic/existing/mbed-classic.a(us_ticker.c.o)
                0x0002174c                TIMER1_IRQHandler
 .text.us_ticker_init
                0x0002179c       0x8c ym/mbed-classic/existing/mbed-classic.a(us_ticker.c.o)
                0x0002179c                us_ticker_init
 .text.us_ticker_read
                0x00021828       0x18 ym/mbed-classic/existing/mbed-classic.a(us_ticker.c.o)
                0x00021828                us_ticker_read
 .text.us_ticker_set_interrupt
                0x00021840       0x54 ym/mbed-classic/existing/mbed-classic.a(us_ticker.c.o)
                0x00021840                us_ticker_set_interrupt
 .text._ZN4mbed8FileBaseD2Ev
                0x00021894       0x34 ym/mbed-classic/existing/mbed-classic.a(FileBase.cpp.o)
                0x00021894                mbed::FileBase::~FileBase()
                0x00021894                mbed::FileBase::~FileBase()
 .text._ZN4mbed8FileBaseC2EPKcNS_8PathTypeE
                0x000218c8       0x24 ym/mbed-classic/existing/mbed-classic.a(FileBase.cpp.o)
                0x000218c8                mbed::FileBase::FileBase(char const*, mbed::PathType)
                0x000218c8                mbed::FileBase::FileBase(char const*, mbed::PathType)
 .text._ZN4mbed8FileBase6lookupEPKcj
                0x000218ec       0x38 ym/mbed-classic/existing/mbed-classic.a(FileBase.cpp.o)
                0x000218ec                mbed::FileBase::lookup(char const*, unsigned int)
 .text._ZN4mbed8FileBase3getEi
                0x00021924       0x1c ym/mbed-classic/existing/mbed-classic.a(FileBase.cpp.o)
                0x00021924                mbed::FileBase::get(int)
 .text.SystemInit
                0x00021940       0xb0 ym/mbed-classic/existing/mbed-classic.a(system_nrf51.c.o)
                0x00021940                SystemInit
 .text._ZSt9terminatev
                0x000219f0       0x10 c:/yotta/gcc/bin/../lib/gcc/arm-none-eabi/4.9.3/../../../../arm-none-eabi/lib/armv6-m\libstdc++_nano.a(eh_terminate.o)
                0x000219f0                std::terminate()
 .text._ZSt10unexpectedv
                0x00021a00       0x10 c:/yotta/gcc/bin/../lib/gcc/arm-none-eabi/4.9.3/../../../../arm-none-eabi/lib/armv6-m\libstdc++_nano.a(eh_terminate.o)
                0x00021a00                std::unexpected()
 .text.__cxa_type_match
                0x00021a10       0xb8 c:/yotta/gcc/bin/../lib/gcc/arm-none-eabi/4.9.3/../../../../arm-none-eabi/lib/armv6-m\libstdc++_nano.a(eh_arm.o)
                0x00021a10                __cxa_type_match
 .text._ZSt15get_new_handlerv
                0x00021ac8        0xc c:/yotta/gcc/bin/../lib/gcc/arm-none-eabi/4.9.3/../../../../arm-none-eabi/lib/armv6-m\libstdc++_nano.a(new_handler.o)
                0x00021ac8                std::get_new_handler()
 .text.__cxa_get_globals
                0x00021ad4        0x8 c:/yotta/gcc/bin/../lib/gcc/arm-none-eabi/4.9.3/../../../../arm-none-eabi/lib/armv6-m\libstdc++_nano.a(eh_globals.o)
                0x00021ad4                __cxa_get_globals
 .text._ZN10__cxxabiv117__class_type_infoD2Ev
                0x00021adc       0x18 c:/yotta/gcc/bin/../lib/gcc/arm-none-eabi/4.9.3/../../../../arm-none-eabi/lib/armv6-m\libstdc++_nano.a(class_type_info.o)
                0x00021adc                __cxxabiv1::__class_type_info::~__class_type_info()
                0x00021adc                __cxxabiv1::__class_type_info::~__class_type_info()
 .text._ZN10__cxxabiv120__si_class_type_infoD2Ev
                0x00021af4       0x18 c:/yotta/gcc/bin/../lib/gcc/arm-none-eabi/4.9.3/../../../../arm-none-eabi/lib/armv6-m\libstdc++_nano.a(si_class_type_info.o)
                0x00021af4                __cxxabiv1::__si_class_type_info::~__si_class_type_info()
                0x00021af4                __cxxabiv1::__si_class_type_info::~__si_class_type_info()
 .text          0x00021b0c       0x14 c:/yotta/gcc/bin/../lib/gcc/arm-none-eabi/4.9.3/armv6-m\libgcc.a(_thumb1_case_sqi.o)
                0x00021b0c                __gnu_thumb1_case_sqi
 .text          0x00021b20       0x14 c:/yotta/gcc/bin/../lib/gcc/arm-none-eabi/4.9.3/armv6-m\libgcc.a(_thumb1_case_uqi.o)
                0x00021b20                __gnu_thumb1_case_uqi
 .text          0x00021b34      0x120 c:/yotta/gcc/bin/../lib/gcc/arm-none-eabi/4.9.3/armv6-m\libgcc.a(_udivsi3.o)
                0x00021b34                __aeabi_uidiv
                0x00021b34                __udivsi3
                0x00021c40                __aeabi_uidivmod
 .text          0x00021c54      0x1e0 c:/yotta/gcc/bin/../lib/gcc/arm-none-eabi/4.9.3/armv6-m\libgcc.a(_divsi3.o)
                0x00021c54                __divsi3
                0x00021c54                __aeabi_idiv
                0x00021e20                __aeabi_idivmod
 .text          0x00021e34        0x4 c:/yotta/gcc/bin/../lib/gcc/arm-none-eabi/4.9.3/armv6-m\libgcc.a(_dvmd_tls.o)
                0x00021e34                __aeabi_idiv0
                0x00021e34                __aeabi_ldiv0
 .text          0x00021e38       0x74 c:/yotta/gcc/bin/../lib/gcc/arm-none-eabi/4.9.3/armv6-m\libgcc.a(_arm_cmpsf2.o)
                0x00021e38                __aeabi_cfrcmple
                0x00021e40                __aeabi_cfcmpeq
                0x00021e40                __aeabi_cfcmple
                0x00021e50                __aeabi_fcmpeq
                0x00021e5c                __aeabi_fcmplt
                0x00021e70                __aeabi_fcmple
                0x00021e84                __aeabi_fcmpgt
                0x00021e98                __aeabi_fcmpge
 .text          0x00021eac       0x30 c:/yotta/gcc/bin/../lib/gcc/arm-none-eabi/4.9.3/armv6-m\libgcc.a(_fixunssfsi.o)
                0x00021eac                __fixunssfsi
                0x00021eac                __aeabi_f2uiz
 .text          0x00021edc      0x2f8 c:/yotta/gcc/bin/../lib/gcc/arm-none-eabi/4.9.3/armv6-m\libgcc.a(addsf3.o)
                0x00021edc                __aeabi_fadd
 .text          0x000221d4      0x270 c:/yotta/gcc/bin/../lib/gcc/arm-none-eabi/4.9.3/armv6-m\libgcc.a(divsf3.o)
                0x000221d4                __aeabi_fdiv
 .text          0x00022444       0x54 c:/yotta/gcc/bin/../lib/gcc/arm-none-eabi/4.9.3/armv6-m\libgcc.a(eqsf2.o)
                0x00022444                __eqsf2
                0x00022444                __nesf2
 .text          0x00022498       0x94 c:/yotta/gcc/bin/../lib/gcc/arm-none-eabi/4.9.3/armv6-m\libgcc.a(gesf2.o)
                0x00022498                __gesf2
                0x00022498                __gtsf2
 .text          0x0002252c       0x8c c:/yotta/gcc/bin/../lib/gcc/arm-none-eabi/4.9.3/armv6-m\libgcc.a(lesf2.o)
                0x0002252c                __ltsf2
                0x0002252c                __lesf2
 .text          0x000225b8      0x264 c:/yotta/gcc/bin/../lib/gcc/arm-none-eabi/4.9.3/armv6-m\libgcc.a(mulsf3.o)
                0x000225b8                __aeabi_fmul
 .text          0x0002281c      0x2fc c:/yotta/gcc/bin/../lib/gcc/arm-none-eabi/4.9.3/armv6-m\libgcc.a(subsf3.o)
                0x0002281c                __aeabi_fsub
 .text          0x00022b18       0x40 c:/yotta/gcc/bin/../lib/gcc/arm-none-eabi/4.9.3/armv6-m\libgcc.a(fixsfsi.o)
                0x00022b18                __aeabi_f2iz
 .text          0x00022b58       0x90 c:/yotta/gcc/bin/../lib/gcc/arm-none-eabi/4.9.3/armv6-m\libgcc.a(floatsisf.o)
                0x00022b58                __aeabi_i2f
 .text          0x00022be8       0x90 c:/yotta/gcc/bin/../lib/gcc/arm-none-eabi/4.9.3/armv6-m\libgcc.a(floatunsisf.o)
                0x00022be8                __aeabi_ui2f
 .text          0x00022c78      0x650 c:/yotta/gcc/bin/../lib/gcc/arm-none-eabi/4.9.3/armv6-m\libgcc.a(adddf3.o)
                0x00022c78                __aeabi_dadd
 .text          0x000232c8      0x648 c:/yotta/gcc/bin/../lib/gcc/arm-none-eabi/4.9.3/armv6-m\libgcc.a(divdf3.o)
                0x000232c8                __aeabi_ddiv
 .text          0x00023910      0x534 c:/yotta/gcc/bin/../lib/gcc/arm-none-eabi/4.9.3/armv6-m\libgcc.a(muldf3.o)
                0x00023910                __aeabi_dmul
 .text          0x00023e44      0x6f4 c:/yotta/gcc/bin/../lib/gcc/arm-none-eabi/4.9.3/armv6-m\libgcc.a(subdf3.o)
                0x00023e44                __aeabi_dsub
 .text          0x00024538       0x6c c:/yotta/gcc/bin/../lib/gcc/arm-none-eabi/4.9.3/armv6-m\libgcc.a(fixdfsi.o)
                0x00024538                __aeabi_d2iz
 .text          0x000245a4       0x78 c:/yotta/gcc/bin/../lib/gcc/arm-none-eabi/4.9.3/armv6-m\libgcc.a(floatsidf.o)