Archive member included because of file (symbol)

ym/microbit/source/microbit.a(MicroBit.cpp.o)
                              source/CMakeFiles/datalogger.dir/C_/Users/paulfo/Documents/Git/DataLogger/source/main.cpp.o (MicroBit::MicroBit())
ym/microbit-dal/source/microbit-dal.a(MicroBitDevice.cpp.o)
                              ym/microbit/source/microbit.a(MicroBit.cpp.o) (microbit_serial_number())
ym/microbit-dal/source/microbit-dal.a(MicroBitFiber.cpp.o)
                              ym/microbit/source/microbit.a(MicroBit.cpp.o) (scheduler_init(EventModel&))
ym/microbit-dal/source/microbit-dal.a(MicroBitFont.cpp.o)
                              ym/microbit-dal/source/microbit-dal.a(MicroBitDevice.cpp.o) (MicroBitFont::defaultFont)
ym/microbit-dal/source/microbit-dal.a(MicroBitHeapAllocator.cpp.o)
                              ym/microbit/source/microbit.a(MicroBit.cpp.o) (microbit_create_heap(unsigned long, unsigned long))
ym/microbit-dal/source/microbit-dal.a(MicroBitListener.cpp.o)
                              ym/microbit-dal/source/microbit-dal.a(MicroBitFiber.cpp.o) (MicroBitListener::MicroBitListener(unsigned short, unsigned short, void (*)(MicroBitEvent), unsigned short))
ym/microbit-dal/source/microbit-dal.a(MicroBitSystemTimer.cpp.o)
                              ym/microbit-dal/source/microbit-dal.a(MicroBitFiber.cpp.o) (system_timer_current_time())
ym/microbit-dal/source/microbit-dal.a(ManagedString.cpp.o)
                              source/CMakeFiles/datalogger.dir/C_/Users/paulfo/Documents/Git/DataLogger/source/main.cpp.o (ManagedString::~ManagedString())
ym/microbit-dal/source/microbit-dal.a(MicroBitEvent.cpp.o)
                              ym/microbit/source/microbit.a(MicroBit.cpp.o) (MicroBitEvent::MicroBitEvent())
ym/microbit-dal/source/microbit-dal.a(PacketBuffer.cpp.o)
                              ym/microbit-dal/source/microbit-dal.a(ManagedString.cpp.o) (PacketBuffer::getBytes())
ym/microbit-dal/source/microbit-dal.a(RefCounted.cpp.o)
                              ym/microbit-dal/source/microbit-dal.a(ManagedString.cpp.o) (RefCounted::init())
ym/microbit-dal/source/microbit-dal.a(MicroBitAccelerometer.cpp.o)
                              source/CMakeFiles/datalogger.dir/C_/Users/paulfo/Documents/Git/DataLogger/source/main.cpp.o (MicroBitAccelerometer::~MicroBitAccelerometer())
ym/microbit-dal/source/microbit-dal.a(MicroBitButton.cpp.o)
                              source/CMakeFiles/datalogger.dir/C_/Users/paulfo/Documents/Git/DataLogger/source/main.cpp.o (MicroBitButton::~MicroBitButton())
ym/microbit-dal/source/microbit-dal.a(MicroBitCompass.cpp.o)
                              source/CMakeFiles/datalogger.dir/C_/Users/paulfo/Documents/Git/DataLogger/source/main.cpp.o (MicroBitCompass::~MicroBitCompass())
ym/microbit-dal/source/microbit-dal.a(MicroBitCompassCalibrator.cpp.o)
                              ym/microbit/source/microbit.a(MicroBit.cpp.o) (MicroBitCompassCalibrator::MicroBitCompassCalibrator(MicroBitCompass&, MicroBitAccelerometer&, MicroBitDisplay&))
ym/microbit-dal/source/microbit-dal.a(MicroBitDisplay.cpp.o)
                              source/CMakeFiles/datalogger.dir/C_/Users/paulfo/Documents/Git/DataLogger/source/main.cpp.o (MicroBitDisplay::~MicroBitDisplay())
ym/microbit-dal/source/microbit-dal.a(MicroBitI2C.cpp.o)
                              ym/microbit/source/microbit.a(MicroBit.cpp.o) (MicroBitI2C::MicroBitI2C(PinName, PinName))
ym/microbit-dal/source/microbit-dal.a(MicroBitIO.cpp.o)
                              ym/microbit/source/microbit.a(MicroBit.cpp.o) (MicroBitIO::MicroBitIO(int, int, int, int, int, int, int, int, int, int, int, int, int, int, int, int, int, int, int))
ym/microbit-dal/source/microbit-dal.a(MicroBitLightSensor.cpp.o)
                              ym/microbit-dal/source/microbit-dal.a(MicroBitDisplay.cpp.o) (MicroBitLightSensor::read())
ym/microbit-dal/source/microbit-dal.a(MicroBitMessageBus.cpp.o)
                              ym/microbit/source/microbit.a(MicroBit.cpp.o) (MicroBitMessageBus::add(MicroBitListener*))
ym/microbit-dal/source/microbit-dal.a(MicroBitMultiButton.cpp.o)
                              ym/microbit/source/microbit.a(MicroBit.cpp.o) (MicroBitMultiButton::setEventConfiguration(MicroBitButtonEventConfiguration))
ym/microbit-dal/source/microbit-dal.a(MicroBitPin.cpp.o)
                              ym/microbit-dal/source/microbit-dal.a(MicroBitIO.cpp.o) (MicroBitPin::MicroBitPin(int, PinName, PinCapability))
ym/microbit-dal/source/microbit-dal.a(MicroBitRadio.cpp.o)
                              ym/microbit/source/microbit.a(MicroBit.cpp.o) (MicroBitRadio::MicroBitRadio(unsigned short))
ym/microbit-dal/source/microbit-dal.a(MicroBitRadioDatagram.cpp.o)
                              ym/microbit-dal/source/microbit-dal.a(MicroBitRadio.cpp.o) (MicroBitRadioDatagram::MicroBitRadioDatagram(MicroBitRadio&))
ym/microbit-dal/source/microbit-dal.a(MicroBitRadioEvent.cpp.o)
[...]
Memory Configuration

Name             Origin             Length             Attributes
FLASH            0x00018000         0x00028000         xr
RAM              0x20002000         0x00002000         xrw
*default*        0x00000000         0xffffffff

Linker script and memory map

LOAD c:/yotta/gcc/bin/../lib/gcc/arm-none-eabi/4.9.3/armv6-m/crti.o
LOAD c:/yotta/gcc/bin/../lib/gcc/arm-none-eabi/4.9.3/armv6-m/crtbegin.o
LOAD c:/yotta/gcc/bin/../lib/gcc/arm-none-eabi/4.9.3/../../../../arm-none-eabi/lib/armv6-m/crt0.o
START GROUP
LOAD source/CMakeFiles/datalogger.dir/C_/Users/paulfo/Documents/Git/DataLogger/source/SDFileSystem.cpp.o
LOAD source/CMakeFiles/datalogger.dir/C_/Users/paulfo/Documents/Git/DataLogger/source/FATDirHandle.cpp.o
LOAD source/CMakeFiles/datalogger.dir/C_/Users/paulfo/Documents/Git/DataLogger/source/I2CCommon.cpp.o
LOAD source/CMakeFiles/datalogger.dir/C_/Users/paulfo/Documents/Git/DataLogger/source/ff.cpp.o
LOAD source/CMakeFiles/datalogger.dir/C_/Users/paulfo/Documents/Git/DataLogger/source/FATFileHandle.cpp.o
LOAD source/CMakeFiles/datalogger.dir/C_/Users/paulfo/Documents/Git/DataLogger/source/diskio.cpp.o
LOAD source/CMakeFiles/datalogger.dir/C_/Users/paulfo/Documents/Git/DataLogger/source/FATFileSystem.cpp.o
LOAD source/CMakeFiles/datalogger.dir/C_/Users/paulfo/Documents/Git/DataLogger/source/SC16IS750.cpp.o
LOAD source/CMakeFiles/datalogger.dir/C_/Users/paulfo/Documents/Git/DataLogger/source/main.cpp.o
LOAD source/CMakeFiles/datalogger.dir/C_/Users/paulfo/Documents/Git/DataLogger/source/camera_basic.cpp.o
LOAD ym/microbit/source/microbit.a
LOAD ym/microbit-dal/source/microbit-dal.a
LOAD ym/ble/source/ble.a
LOAD ym/ble-nrf51822/source/ble-nrf51822.a
LOAD ym/ble/source/ble.a
LOAD ym/ble-nrf51822/source/ble-nrf51822.a
LOAD ym/nrf51-sdk/source/nrf51-sdk.a
LOAD ym/mbed-classic/existing/mbed-classic.a
LOAD c:/yotta/gcc/bin/../lib/gcc/arm-none-eabi/4.9.3/../../../../arm-none-eabi/lib/armv6-m\libnosys.a
LOAD c:/yotta/gcc/bin/../lib/gcc/arm-none-eabi/4.9.3/../../../../arm-none-eabi/lib/armv6-m\libstdc++_nano.a
LOAD c:/yotta/gcc/bin/../lib/gcc/arm-none-eabi/4.9.3/../../../../arm-none-eabi/lib/armv6-m\libsupc++_nano.a
LOAD c:/yotta/gcc/bin/../lib/gcc/arm-none-eabi/4.9.3/armv6-m\libgcc.a
LOAD c:/yotta/gcc/bin/../lib/gcc/arm-none-eabi/4.9.3/../../../../arm-none-eabi/lib/armv6-m\libstdc++_nano.a
LOAD c:/yotta/gcc/bin/../lib/gcc/arm-none-eabi/4.9.3/../../../../arm-none-eabi/lib/armv6-m\libsupc++_nano.a
LOAD c:/yotta/gcc/bin/../lib/gcc/arm-none-eabi/4.9.3/../../../../arm-none-eabi/lib/armv6-m\libm.a
LOAD c:/yotta/gcc/bin/../lib/gcc/arm-none-eabi/4.9.3/../../../../arm-none-eabi/lib/armv6-m\libc_nano.a
LOAD c:/yotta/gcc/bin/../lib/gcc/arm-none-eabi/4.9.3/armv6-m\libgcc.a
END GROUP
LOAD c:/yotta/gcc/bin/../lib/gcc/arm-none-eabi/4.9.3/../../../../arm-none-eabi/lib/armv6-m\libstdc++_nano.a
LOAD c:/yotta/gcc/bin/../lib/gcc/arm-none-eabi/4.9.3/../../../../arm-none-eabi/lib/armv6-m\libm.a
LOAD c:/yotta/gcc/bin/../lib/gcc/arm-none-eabi/4.9.3/../../../../arm-none-eabi/lib/armv6-m\libc_nano.a
START GROUP
LOAD c:/yotta/gcc/bin/../lib/gcc/arm-none-eabi/4.9.3/armv6-m\libgcc.a
LOAD c:/yotta/gcc/bin/../lib/gcc/arm-none-eabi/4.9.3/../../../../arm-none-eabi/lib/armv6-m\libc_nano.a
END GROUP
START GROUP
LOAD c:/yotta/gcc/bin/../lib/gcc/arm-none-eabi/4.9.3/armv6-m\libgcc.a
LOAD c:/yotta/gcc/bin/../lib/gcc/arm-none-eabi/4.9.3/../../../../arm-none-eabi/lib/armv6-m\libc_nano.a
END GROUP
LOAD c:/yotta/gcc/bin/../lib/gcc/arm-none-eabi/4.9.3/armv6-m/crtend.o
LOAD c:/yotta/gcc/bin/../lib/gcc/arm-none-eabi/4.9.3/armv6-m/crtn.o

.text           0x00018000    0x16f78
 *(SORT(.Vectors))
 .Vectors       0x00018000       0xc0 ym/mbed-classic/existing/mbed-classic.a(startup_NRF51822.S.obj)
                0x00018000                __Vectors
 *(SORT(.text*))
 .text          0x000180c0       0x60 c:/yotta/gcc/bin/../lib/gcc/arm-none-eabi/4.9.3/armv6-m/crtbegin.o
 .text          0x00018120       0x78 c:/yotta/gcc/bin/../lib/gcc/arm-none-eabi/4.9.3/../../../../arm-none-eabi/lib/armv6-m/crt0.o
                0x00018120                _start
                0x00018120                _mainCRTStartup
 .text._ZN12SDFileSystemD2Ev
                0x00018198       0x18 source/CMakeFiles/datalogger.dir/C_/Users/paulfo/Documents/Git/DataLogger/source/SDFileSystem.cpp.o
                0x00018198                SDFileSystem::~SDFileSystem()
                0x00018198                SDFileSystem::~SDFileSystem()
 .text._ZN12SDFileSystemC2E7PinNameS0_S0_S0_PKc
                0x000181b0       0x7c source/CMakeFiles/datalogger.dir/C_/Users/paulfo/Documents/Git/DataLogger/source/SDFileSystem.cpp.o
                0x000181b0                SDFileSystem::SDFileSystem(PinName, PinName, PinName, PinName, char const*)
                0x000181b0                SDFileSystem::SDFileSystem(PinName, PinName, PinName, PinName, char const*)
 .text._ZN12SDFileSystem4_cmdEii
                0x0001822c       0x88 source/CMakeFiles/datalogger.dir/C_/Users/paulfo/Documents/Git/DataLogger/source/SDFileSystem.cpp.o
                0x0001822c                SDFileSystem::_cmd(int, int)
 .text._ZN12SDFileSystem18initialise_card_v1Ev
                0x000182b4       0x50 source/CMakeFiles/datalogger.dir/C_/Users/paulfo/Documents/Git/DataLogger/source/SDFileSystem.cpp.o
                0x000182b4                SDFileSystem::initialise_card_v1()
 .text._ZN12SDFileSystem5_cmdxEii
                0x00018304       0x74 source/CMakeFiles/datalogger.dir/C_/Users/paulfo/Documents/Git/DataLogger/source/SDFileSystem.cpp.o
                0x00018304                SDFileSystem::_cmdx(int, int)
 .text._ZN12SDFileSystem6_cmd58Ev
                0x00018378       0xa4 source/CMakeFiles/datalogger.dir/C_/Users/paulfo/Documents/Git/DataLogger/source/SDFileSystem.cpp.o
                0x00018378                SDFileSystem::_cmd58()
 .text._ZN12SDFileSystem18initialise_card_v2Ev
                0x0001841c       0x60 source/CMakeFiles/datalogger.dir/C_/Users/paulfo/Documents/Git/DataLogger/source/SDFileSystem.cpp.o
                0x0001841c                SDFileSystem::initialise_card_v2()
 .text._ZN12SDFileSystem5_cmd8Ev
                0x0001847c       0xa0 source/CMakeFiles/datalogger.dir/C_/Users/paulfo/Documents/Git/DataLogger/source/SDFileSystem.cpp.o
                0x0001847c                SDFileSystem::_cmd8()
 .text._ZN12SDFileSystem15initialise_cardEv
                0x0001851c       0x74 source/CMakeFiles/datalogger.dir/C_/Users/paulfo/Documents/Git/DataLogger/source/SDFileSystem.cpp.o
                0x0001851c                SDFileSystem::initialise_card()
 .text._ZN12SDFileSystem11_sd_sectorsEv
                0x00018590       0xb0 source/CMakeFiles/datalogger.dir/C_/Users/paulfo/Documents/Git/DataLogger/source/SDFileSystem.cpp.o
                0x00018590                SDFileSystem::_sd_sectors()
 .text._ZN12SDFileSystem15disk_initializeEv
                0x00018640       0x60 source/CMakeFiles/datalogger.dir/C_/Users/paulfo/Documents/Git/DataLogger/source/SDFileSystem.cpp.o
                0x00018640                SDFileSystem::disk_initialize()
 .text._ZN12FATDirHandleC2ERK9FATFS_DIR
                0x000186a0       0x1c source/CMakeFiles/datalogger.dir/C_/Users/paulfo/Documents/Git/DataLogger/source/FATDirHandle.cpp.o
                0x000186a0                FATDirHandle::FATDirHandle(FATFS_DIR const&)
                0x000186a0                FATDirHandle::FATDirHandle(FATFS_DIR const&)
 .text._ZL7sync_fsP5FATFS
                0x000186bc       0xe4 source/CMakeFiles/datalogger.dir/C_/Users/paulfo/Documents/Git/DataLogger/source/ff.cpp.o
 .text._ZL8check_fsP5FATFSm
                0x000187a0       0xa4 source/CMakeFiles/datalogger.dir/C_/Users/paulfo/Documents/Git/DataLogger/source/ff.cpp.o
 .text._ZL11find_volumePP5FATFSPPKch
                0x00018844      0x380 source/CMakeFiles/datalogger.dir/C_/Users/paulfo/Documents/Git/DataLogger/source/ff.cpp.o
 .text._ZL12create_chainP5FATFSm
                0x00018bc4       0xb0 source/CMakeFiles/datalogger.dir/C_/Users/paulfo/Documents/Git/DataLogger/source/ff.cpp.o
 .text._ZL11follow_pathP9FATFS_DIRPKc
                0x00018c74      0x18c source/CMakeFiles/datalogger.dir/C_/Users/paulfo/Documents/Git/DataLogger/source/ff.cpp.o
 .text.f_mount  0x00018e00       0x50 source/CMakeFiles/datalogger.dir/C_/Users/paulfo/Documents/Git/DataLogger/source/ff.cpp.o
                0x00018e00                f_mount
 .text.f_mkfs   0x00018e50      0x5f8 source/CMakeFiles/datalogger.dir/C_/Users/paulfo/Documents/Git/DataLogger/source/ff.cpp.o
                0x00018e50                f_mkfs
 .text._ZN13FATFileHandleD2Ev
                0x00019448       0x18 source/CMakeFiles/datalogger.dir/C_/Users/paulfo/Documents/Git/DataLogger/source/FATFileHandle.cpp.o
                0x00019448                FATFileHandle::~FATFileHandle()
                0x00019448                FATFileHandle::~FATFileHandle()
 .text._ZN13FATFileHandle5writeEPKvj
                0x00019460       0x20 source/CMakeFiles/datalogger.dir/C_/Users/paulfo/Documents/Git/DataLogger/source/FATFileHandle.cpp.o
                0x00019460                FATFileHandle::write(void const*, unsigned int)
 .text._ZN13FATFileHandle4readEPvj
                0x00019480       0x20 source/CMakeFiles/datalogger.dir/C_/Users/paulfo/Documents/Git/DataLogger/source/FATFileHandle.cpp.o
                0x00019480                FATFileHandle::read(void*, unsigned int)
 .text._ZN13FATFileHandle5lseekEli
                0x000194a0       0x40 source/CMakeFiles/datalogger.dir/C_/Users/paulfo/Documents/Git/DataLogger/source/FATFileHandle.cpp.o
                0x000194a0                FATFileHandle::lseek(long, int)
 .text._ZN13FATFileHandle5fsyncEv
                0x000194e0       0x20 source/CMakeFiles/datalogger.dir/C_/Users/paulfo/Documents/Git/DataLogger/source/FATFileHandle.cpp.o
                0x000194e0                FATFileHandle::fsync()
 .text._ZN13FATFileHandleC2E3FIL
                0x00019500       0x30 source/CMakeFiles/datalogger.dir/C_/Users/paulfo/Documents/Git/DataLogger/source/FATFileHandle.cpp.o
                0x00019500                FATFileHandle::FATFileHandle(FIL)
                0x00019500                FATFileHandle::FATFileHandle(FIL)
 .text.disk_status
                0x00019530       0x18 source/CMakeFiles/datalogger.dir/C_/Users/paulfo/Documents/Git/DataLogger/source/diskio.cpp.o
                0x00019530                disk_status
 .text.disk_initialize
                0x00019548       0x18 source/CMakeFiles/datalogger.dir/C_/Users/paulfo/Documents/Git/DataLogger/source/diskio.cpp.o
                0x00019548                disk_initialize
 .text.disk_read
                0x00019560       0x1c source/CMakeFiles/datalogger.dir/C_/Users/paulfo/Documents/Git/DataLogger/source/diskio.cpp.o
                0x00019560                disk_read
 .text.disk_write
                0x0001957c       0x1c source/CMakeFiles/datalogger.dir/C_/Users/paulfo/Documents/Git/DataLogger/source/diskio.cpp.o
                0x0001957c                disk_write
 .text.disk_ioctl
                0x00019598       0x5c source/CMakeFiles/datalogger.dir/C_/Users/paulfo/Documents/Git/DataLogger/source/diskio.cpp.o
                0x00019598                disk_ioctl
 .text._ZN13FATFileSystem4openEPKci
                0x000195f4       0x98 source/CMakeFiles/datalogger.dir/C_/Users/paulfo/Documents/Git/DataLogger/source/FATFileSystem.cpp.o
                0x000195f4                FATFileSystem::open(char const*, int)
 .text._ZN13FATFileSystem6removeEPKc
                0x0001968c       0x20 source/CMakeFiles/datalogger.dir/C_/Users/paulfo/Documents/Git/DataLogger/source/FATFileSystem.cpp.o
                0x0001968c                FATFileSystem::remove(char const*)
 .text._ZN13FATFileSystem6renameEPKcS1_
                0x000196ac       0x24 source/CMakeFiles/datalogger.dir/C_/Users/paulfo/Documents/Git/DataLogger/source/FATFileSystem.cpp.o
                0x000196ac                FATFileSystem::rename(char const*, char const*)
 .text._ZN13FATFileSystem6formatEv
                0x000196d0       0x2c source/CMakeFiles/datalogger.dir/C_/Users/paulfo/Documents/Git/DataLogger/source/FATFileSystem.cpp.o
                0x000196d0                FATFileSystem::format()
 .text._ZN13FATFileSystemC2EPKc
                0x000196fc       0x50 source/CMakeFiles/datalogger.dir/C_/Users/paulfo/Documents/Git/DataLogger/source/FATFileSystem.cpp.o
                0x000196fc                FATFileSystem::FATFileSystem(char const*)
                0x000196fc                FATFileSystem::FATFileSystem(char const*)
 .text._ZN13FATFileSystemD2Ev
                0x0001974c       0x34 source/CMakeFiles/datalogger.dir/C_/Users/paulfo/Documents/Git/DataLogger/source/FATFileSystem.cpp.o
                0x0001974c                FATFileSystem::~FATFileSystem()
                0x0001974c                FATFileSystem::~FATFileSystem()
 .text.startup._GLOBAL__sub_I__ZN6sacsik9SC16IS7503i2cE
                0x00019780       0x14 source/CMakeFiles/datalogger.dir/C_/Users/paulfo/Documents/Git/DataLogger/source/SC16IS750.cpp.o
 .text._ZN14MicroBitSerialD2Ev
                0x00019794       0x18 source/CMakeFiles/datalogger.dir/C_/Users/paulfo/Documents/Git/DataLogger/source/main.cpp.o
                0x00019794                MicroBitSerial::~MicroBitSerial()
                0x00019794                MicroBitSerial::~MicroBitSerial()
 .text.startup.main
                0x000197ac       0xe0 source/CMakeFiles/datalogger.dir/C_/Users/paulfo/Documents/Git/DataLogger/source/main.cpp.o
                0x000197ac                main
 .text.startup._GLOBAL__sub_I_sd
                0x0001988c       0x50 source/CMakeFiles/datalogger.dir/C_/Users/paulfo/Documents/Git/DataLogger/source/main.cpp.o
 .text._ZN8MicroBitD2Ev
                0x000198dc       0x6c source/CMakeFiles/datalogger.dir/C_/Users/paulfo/Documents/Git/DataLogger/source/main.cpp.o
                0x000198dc                MicroBit::~MicroBit()
                0x000198dc                MicroBit::~MicroBit()
 .text.startup._GLOBAL__sub_I__ZN6sacsik6camera7i2cuartE
                0x00019948       0x14 source/CMakeFiles/datalogger.dir/C_/Users/paulfo/Documents/Git/DataLogger/source/camera_basic.cpp.o
 .text._ZN8MicroBitC2Ev
                0x0001995c      0x180 ym/microbit/source/microbit.a(MicroBit.cpp.o)
                0x0001995c                MicroBit::MicroBit()
                0x0001995c                MicroBit::MicroBit()
 .text._ZN8MicroBit4initEv
                0x00019adc      0x17c ym/microbit/source/microbit.a(MicroBit.cpp.o)
                0x00019adc                MicroBit::init()
 .text.NVIC_SystemReset
                0x00019c58       0x18 ym/microbit-dal/source/microbit-dal.a(MicroBitDevice.cpp.o)
 .text._Z22microbit_friendly_namev
                0x00019c70       0x5c ym/microbit-dal/source/microbit-dal.a(MicroBitDevice.cpp.o)
                0x00019c70                microbit_friendly_name()
 .text._Z14microbit_panici
                0x00019ccc      0x158 ym/microbit-dal/source/microbit-dal.a(MicroBitDevice.cpp.o)
                0x00019ccc                microbit_panic(int)
 .text._Z20microbit_seed_randomv
                0x00019e24       0x64 ym/microbit-dal/source/microbit-dal.a(MicroBitDevice.cpp.o)
                0x00019e24                microbit_seed_random()
 .text._ZN10EventModel6listenEiiPFv13MicroBitEventEt
                0x00019e88       0x60 ym/microbit-dal/source/microbit-dal.a(MicroBitFiber.cpp.o)
                0x00019e88                EventModel::listen(int, int, void (*)(MicroBitEvent), unsigned short)
 .text._Z14scheduler_tickv
                0x00019ee8       0x34 ym/microbit-dal/source/microbit-dal.a(MicroBitFiber.cpp.o)
                0x00019ee8                scheduler_tick()
 .text._Z15scheduler_event13MicroBitEvent
                0x00019f1c       0xc8 ym/microbit-dal/source/microbit-dal.a(MicroBitFiber.cpp.o)
                0x00019f1c                scheduler_event(MicroBitEvent)
 .text._Z15getFiberContextv
                0x00019fe4       0x3c ym/microbit-dal/source/microbit-dal.a(MicroBitFiber.cpp.o)
                0x00019fe4                getFiberContext()
 .text._Z23fiber_scheduler_runningv
                0x0001a020       0x10 ym/microbit-dal/source/microbit-dal.a(MicroBitFiber.cpp.o)
                0x0001a020                fiber_scheduler_running()
 .text._Z14scheduler_initR10EventModel
                0x0001a030       0xa8 ym/microbit-dal/source/microbit-dal.a(MicroBitFiber.cpp.o)
                0x0001a030                scheduler_init(EventModel&)
 .text._Z14__create_fibermmmi
                0x0001a0d8       0x50 ym/microbit-dal/source/microbit-dal.a(MicroBitFiber.cpp.o)
                0x0001a0d8                __create_fiber(unsigned long, unsigned long, unsigned long, int)
 .text._Z24scheduler_runqueue_emptyv
                0x0001a128       0x10 ym/microbit-dal/source/microbit-dal.a(MicroBitFiber.cpp.o)
                0x0001a128                scheduler_runqueue_empty()
 .text._Z24fiber_add_idle_componentP17MicroBitComponent
                0x0001a138       0x1c ym/microbit-dal/source/microbit-dal.a(MicroBitFiber.cpp.o)
                0x0001a138                fiber_add_idle_component(MicroBitComponent*)
 .text._Z27fiber_remove_idle_componentP17MicroBitComponent
                0x0001a154       0x1c ym/microbit-dal/source/microbit-dal.a(MicroBitFiber.cpp.o)
                0x0001a154                fiber_remove_idle_component(MicroBitComponent*)
 .text._Z4idlev
                0x0001a170       0x2c ym/microbit-dal/source/microbit-dal.a(MicroBitFiber.cpp.o)
                0x0001a170                idle()
 .text._Z8schedulev
                0x0001a19c       0xd0 ym/microbit-dal/source/microbit-dal.a(MicroBitFiber.cpp.o)
                0x0001a19c                schedule()
 .text._Z11fiber_sleepm
                0x0001a26c       0x54 ym/microbit-dal/source/microbit-dal.a(MicroBitFiber.cpp.o)
                0x0001a26c                fiber_sleep(unsigned long)
 .text._Z19fiber_wake_on_eventtt
                0x0001a2c0       0x9c ym/microbit-dal/source/microbit-dal.a(MicroBitFiber.cpp.o)
                0x0001a2c0                fiber_wake_on_event(unsigned short, unsigned short)
 .text._Z13release_fiberv
                0x0001a35c       0x28 ym/microbit-dal/source/microbit-dal.a(MicroBitFiber.cpp.o)
                0x0001a35c                release_fiber()
 .text._Z6invokePFvPvES_
                0x0001a384       0x80 ym/microbit-dal/source/microbit-dal.a(MicroBitFiber.cpp.o)
                0x0001a384                invoke(void (*)(void*), void*)
 .text._ZN12MicroBitFont13getSystemFontEv
                0x0001a404       0x10 ym/microbit-dal/source/microbit-dal.a(MicroBitFont.cpp.o)
                0x0001a404                MicroBitFont::getSystemFont()
 .text.startup._GLOBAL__sub_I__ZN12MicroBitFont11defaultFontE
                0x0001a414       0x18 ym/microbit-dal/source/microbit-dal.a(MicroBitFont.cpp.o)
 .text._Z20microbit_create_heapmm
                0x0001a42c       0x5c ym/microbit-dal/source/microbit-dal.a(MicroBitHeapAllocator.cpp.o)
                0x0001a42c                microbit_create_heap(unsigned long, unsigned long)
 .text._Z27microbit_create_nested_heapf
                0x0001a488       0x70 ym/microbit-dal/source/microbit-dal.a(MicroBitHeapAllocator.cpp.o)
                0x0001a488                microbit_create_nested_heap(float)
 .text._Z15microbit_mallocj
                0x0001a4f8       0x44 ym/microbit-dal/source/microbit-dal.a(MicroBitHeapAllocator.cpp.o)
                0x0001a4f8                microbit_malloc(unsigned int)
 .text._Z13microbit_freePv
                0x0001a53c       0x44 ym/microbit-dal/source/microbit-dal.a(MicroBitHeapAllocator.cpp.o)
                0x0001a53c                microbit_free(void*)
 .text._Z17system_timer_tickv
                0x0001a580       0x34 ym/microbit-dal/source/microbit-dal.a(MicroBitSystemTimer.cpp.o)
                0x0001a580                system_timer_tick()
 .text._Z23system_timer_set_periodi
                0x0001a5b4       0x48 ym/microbit-dal/source/microbit-dal.a(MicroBitSystemTimer.cpp.o)
                0x0001a5b4                system_timer_set_period(int)
 .text._Z17system_timer_initi
                0x0001a5fc       0x34 ym/microbit-dal/source/microbit-dal.a(MicroBitSystemTimer.cpp.o)
                0x0001a5fc                system_timer_init(int)
 .text._Z23system_timer_get_periodv
                0x0001a630        0xc ym/microbit-dal/source/microbit-dal.a(MicroBitSystemTimer.cpp.o)
                0x0001a630                system_timer_get_period()
 .text._Z25system_timer_current_timev
                0x0001a63c        0xc ym/microbit-dal/source/microbit-dal.a(MicroBitSystemTimer.cpp.o)
                0x0001a63c                system_timer_current_time()
 .text._Z26system_timer_add_componentP17MicroBitComponent
                0x0001a648       0x30 ym/microbit-dal/source/microbit-dal.a(MicroBitSystemTimer.cpp.o)
                0x0001a648                system_timer_add_component(MicroBitComponent*)
 .text._Z29system_timer_remove_componentP17MicroBitComponent
                0x0001a678       0x1c ym/microbit-dal/source/microbit-dal.a(MicroBitSystemTimer.cpp.o)
                0x0001a678                system_timer_remove_component(MicroBitComponent*)
 .text._ZN13ManagedStringC2EPKc
                0x0001a694       0x20 ym/microbit-dal/source/microbit-dal.a(ManagedString.cpp.o)
                0x0001a694                ManagedString::ManagedString(char const*)
                0x0001a694                ManagedString::ManagedString(char const*)
 .text._ZN13ManagedStringC2EPKcs
                0x0001a6b4       0x50 ym/microbit-dal/source/microbit-dal.a(ManagedString.cpp.o)
                0x0001a6b4                ManagedString::ManagedString(char const*, short)
                0x0001a6b4                ManagedString::ManagedString(char const*, short)
 .text._ZN13ManagedStringC2Ev
                0x0001a704        0xc ym/microbit-dal/source/microbit-dal.a(ManagedString.cpp.o)
                0x0001a704                ManagedString::ManagedString()
                0x0001a704                ManagedString::ManagedString()
 .text.startup._GLOBAL__sub_I__ZN13ManagedString9initEmptyEv
                0x0001a710       0x28 ym/microbit-dal/source/microbit-dal.a(ManagedString.cpp.o)
 .text._ZN13MicroBitEvent4fireEv
                0x0001a738       0x1c ym/microbit-dal/source/microbit-dal.a(MicroBitEvent.cpp.o)
                0x0001a738                MicroBitEvent::fire()
 .text.startup._GLOBAL__sub_I__ZN12PacketBuffer11EmptyPacketE
                0x0001a754       0x24 ym/microbit-dal/source/microbit-dal.a(PacketBuffer.cpp.o)
 .text._ZL16isReadOnlyInlineP10RefCounted
                0x0001a778       0x24 ym/microbit-dal/source/microbit-dal.a(RefCounted.cpp.o)
 .text._ZN21MicroBitAccelerometerD2Ev
                0x0001a79c       0x18 ym/microbit-dal/source/microbit-dal.a(MicroBitAccelerometer.cpp.o)
                0x0001a79c                MicroBitAccelerometer::~MicroBitAccelerometer()
                0x0001a79c                MicroBitAccelerometer::~MicroBitAccelerometer()
 .text._ZN21MicroBitAccelerometer9configureEv
                0x0001a7b4       0xbc ym/microbit-dal/source/microbit-dal.a(MicroBitAccelerometer.cpp.o)
                0x0001a7b4                MicroBitAccelerometer::configure()
 .text._ZN21MicroBitAccelerometer11readCommandEhPhi
                0x0001a870       0x4c ym/microbit-dal/source/microbit-dal.a(MicroBitAccelerometer.cpp.o)
                0x0001a870                MicroBitAccelerometer::readCommand(unsigned char, unsigned char*, int)
 .text._ZN21MicroBitAccelerometerC2ER11MicroBitI2Ctt
                0x0001a8bc       0x7c ym/microbit-dal/source/microbit-dal.a(MicroBitAccelerometer.cpp.o)
                0x0001a8bc                MicroBitAccelerometer::MicroBitAccelerometer(MicroBitI2C&, unsigned short, unsigned short)
                0x0001a8bc                MicroBitAccelerometer::MicroBitAccelerometer(MicroBitI2C&, unsigned short, unsigned short)
 .text._ZN21MicroBitAccelerometer12updateSampleEv
                0x0001a938       0x84 ym/microbit-dal/source/microbit-dal.a(MicroBitAccelerometer.cpp.o)
                0x0001a938                MicroBitAccelerometer::updateSample()
 .text._ZN21MicroBitAccelerometer20instantaneousPostureEv
                0x0001a9bc      0x1ec ym/microbit-dal/source/microbit-dal.a(MicroBitAccelerometer.cpp.o)
                0x0001a9bc                MicroBitAccelerometer::instantaneousPosture()
 .text._ZN14MicroBitButton10systemTickEv
                0x0001aba8       0xc8 ym/microbit-dal/source/microbit-dal.a(MicroBitButton.cpp.o)
                0x0001aba8                MicroBitButton::systemTick()
 .text._ZN14MicroBitButtonD2Ev
                0x0001ac70       0x18 ym/microbit-dal/source/microbit-dal.a(MicroBitButton.cpp.o)
                0x0001ac70                MicroBitButton::~MicroBitButton()
                0x0001ac70                MicroBitButton::~MicroBitButton()
 .text._ZN14MicroBitButtonC2E7PinNamet32MicroBitButtonEventConfiguration7PinMode
                0x0001ac88       0x5c ym/microbit-dal/source/microbit-dal.a(MicroBitButton.cpp.o)
                0x0001ac88                MicroBitButton::MicroBitButton(PinName, unsigned short, MicroBitButtonEventConfiguration, PinMode)
                0x0001ac88                MicroBitButton::MicroBitButton(PinName, unsigned short, MicroBitButtonEventConfiguration, PinMode)
 .text._ZN15MicroBitCompassD2Ev
                0x0001ace4       0x18 ym/microbit-dal/source/microbit-dal.a(MicroBitCompass.cpp.o)
                0x0001ace4                MicroBitCompass::~MicroBitCompass()
                0x0001ace4                MicroBitCompass::~MicroBitCompass()
 .text._ZN15MicroBitCompass11readCommandEhPhi
                0x0001acfc       0x4c ym/microbit-dal/source/microbit-dal.a(MicroBitCompass.cpp.o)
                0x0001acfc                MicroBitCompass::readCommand(unsigned char, unsigned char*, int)
 .text._ZN15MicroBitCompass6read16Eh
                0x0001ad48       0x4c ym/microbit-dal/source/microbit-dal.a(MicroBitCompass.cpp.o)
                0x0001ad48                MicroBitCompass::read16(unsigned char)
 .text._ZN15MicroBitCompass5read8Eh
                0x0001ad94       0x24 ym/microbit-dal/source/microbit-dal.a(MicroBitCompass.cpp.o)
                0x0001ad94                MicroBitCompass::read8(unsigned char)
 .text._ZN15MicroBitCompass12basicBearingEv
                0x0001adb8       0x84 ym/microbit-dal/source/microbit-dal.a(MicroBitCompass.cpp.o)
                0x0001adb8                MicroBitCompass::basicBearing()
 .text._ZN15MicroBitCompass22tiltCompensatedBearingEv
                0x0001ae3c      0x13c ym/microbit-dal/source/microbit-dal.a(MicroBitCompass.cpp.o)
                0x0001ae3c                MicroBitCompass::tiltCompensatedBearing()
 .text._ZN15MicroBitCompass9configureEv
                0x0001af78       0x8c ym/microbit-dal/source/microbit-dal.a(MicroBitCompass.cpp.o)
                0x0001af78                MicroBitCompass::configure()
 .text._ZN15MicroBitCompass9calibrateEv
                0x0001b004       0x48 ym/microbit-dal/source/microbit-dal.a(MicroBitCompass.cpp.o)
                0x0001b004                MicroBitCompass::calibrate()
 .text._ZN15MicroBitCompass7headingEv
                0x0001b04c       0x30 ym/microbit-dal/source/microbit-dal.a(MicroBitCompass.cpp.o)
                0x0001b04c                MicroBitCompass::heading()
 .text._ZN15MicroBitCompass14setCalibrationE13CompassSample
                0x0001b07c       0x44 ym/microbit-dal/source/microbit-dal.a(MicroBitCompass.cpp.o)
                0x0001b07c                MicroBitCompass::setCalibration(CompassSample)
 .text._ZN15MicroBitCompass4initEtt
                0x0001b0c0       0x6c ym/microbit-dal/source/microbit-dal.a(MicroBitCompass.cpp.o)
                0x0001b0c0                MicroBitCompass::init(unsigned short, unsigned short)
 .text._ZN15MicroBitCompassC2ER11MicroBitI2CR21MicroBitAccelerometerR15MicroBitStoragett
                0x0001b12c       0x50 ym/microbit-dal/source/microbit-dal.a(MicroBitCompass.cpp.o)
                0x0001b12c                MicroBitCompass::MicroBitCompass(MicroBitI2C&, MicroBitAccelerometer&, MicroBitStorage&, unsigned short, unsigned short)
                0x0001b12c                MicroBitCompass::MicroBitCompass(MicroBitI2C&, MicroBitAccelerometer&, MicroBitStorage&, unsigned short, unsigned short)
 .text._ZN25MicroBitCompassCalibrator9calibrateE13MicroBitEvent
                0x0001b17c      0x368 ym/microbit-dal/source/microbit-dal.a(MicroBitCompassCalibrator.cpp.o)
                0x0001b17c                MicroBitCompassCalibrator::calibrate(MicroBitEvent)
 .text._ZN25MicroBitCompassCalibratorC2ER15MicroBitCompassR21MicroBitAccelerometerR15MicroBitDisplay
                0x0001b4e4       0x94 ym/microbit-dal/source/microbit-dal.a(MicroBitCompassCalibrator.cpp.o)
                0x0001b4e4                MicroBitCompassCalibrator::MicroBitCompassCalibrator(MicroBitCompass&, MicroBitAccelerometer&, MicroBitDisplay&)
                0x0001b4e4                MicroBitCompassCalibrator::MicroBitCompassCalibrator(MicroBitCompass&, MicroBitAccelerometer&, MicroBitDisplay&)
 .text._ZN15MicroBitDisplay15renderGreyscaleEv
                0x0001b578       0xe0 ym/microbit-dal/source/microbit-dal.a(MicroBitDisplay.cpp.o)
                0x0001b578                MicroBitDisplay::renderGreyscale()
 .text._ZN4mbed6TickerD2Ev
                0x0001b658       0x1c ym/microbit-dal/source/microbit-dal.a(MicroBitDisplay.cpp.o)
                0x0001b658                mbed::Ticker::~Ticker()
                0x0001b658                mbed::Ticker::~Ticker()
 .text._ZN15MicroBitDisplayD2Ev
                0x0001b674       0x48 ym/microbit-dal/source/microbit-dal.a(MicroBitDisplay.cpp.o)
                0x0001b674                MicroBitDisplay::~MicroBitDisplay()
                0x0001b674                MicroBitDisplay::~MicroBitDisplay()
 .text._ZN15MicroBitDisplayC2EtRK9MatrixMap
                0x0001b6bc       0xd4 ym/microbit-dal/source/microbit-dal.a(MicroBitDisplay.cpp.o)
                0x0001b6bc                MicroBitDisplay::MicroBitDisplay(unsigned short, MatrixMap const&)
                0x0001b6bc                MicroBitDisplay::MicroBitDisplay(unsigned short, MatrixMap const&)
 .text._ZN15MicroBitDisplay6renderEv
                0x0001b790       0xe4 ym/microbit-dal/source/microbit-dal.a(MicroBitDisplay.cpp.o)
                0x0001b790                MicroBitDisplay::render()
 .text._ZN15MicroBitDisplay26sendAnimationCompleteEventEv
                0x0001b874       0x20 ym/microbit-dal/source/microbit-dal.a(MicroBitDisplay.cpp.o)
                0x0001b874                MicroBitDisplay::sendAnimationCompleteEvent()
 .text._ZN15MicroBitDisplay13stopAnimationEv
                0x0001b894       0x38 ym/microbit-dal/source/microbit-dal.a(MicroBitDisplay.cpp.o)
                0x0001b894                MicroBitDisplay::stopAnimation()
 .text._ZN15MicroBitDisplay18waitForFreeDisplayEv
                0x0001b8cc       0x20 ym/microbit-dal/source/microbit-dal.a(MicroBitDisplay.cpp.o)
                0x0001b8cc                MicroBitDisplay::waitForFreeDisplay()
 .text._ZN15MicroBitDisplay9fiberWaitEv
                0x0001b8ec       0x2c ym/microbit-dal/source/microbit-dal.a(MicroBitDisplay.cpp.o)
                0x0001b8ec                MicroBitDisplay::fiberWait()
 .text._ZN15MicroBitDisplay10printAsyncE13MicroBitImageiiii
                0x0001b918       0x58 ym/microbit-dal/source/microbit-dal.a(MicroBitDisplay.cpp.o)
                0x0001b918                MicroBitDisplay::printAsync(MicroBitImage, int, int, int, int)
 .text._ZN15MicroBitDisplay5printE13MicroBitImageiiii
                0x0001b970       0x64 ym/microbit-dal/source/microbit-dal.a(MicroBitDisplay.cpp.o)
                0x0001b970                MicroBitDisplay::print(MicroBitImage, int, int, int, int)
 .text._ZN15MicroBitDisplay11scrollAsyncE13ManagedStringi
                0x0001b9d4       0x54 ym/microbit-dal/source/microbit-dal.a(MicroBitDisplay.cpp.o)
                0x0001b9d4                MicroBitDisplay::scrollAsync(ManagedString, int)
 .text._ZN15MicroBitDisplay6scrollE13ManagedStringi
                0x0001ba28       0x50 ym/microbit-dal/source/microbit-dal.a(MicroBitDisplay.cpp.o)
                0x0001ba28                MicroBitDisplay::scroll(ManagedString, int)
 .text._ZN15MicroBitDisplay13setBrightnessEi
                0x0001ba78       0x14 ym/microbit-dal/source/microbit-dal.a(MicroBitDisplay.cpp.o)
                0x0001ba78                MicroBitDisplay::setBrightness(int)
 .text._ZN11MicroBitI2C4readEiPcib
                0x0001ba8c       0x94 ym/microbit-dal/source/microbit-dal.a(MicroBitI2C.cpp.o)
                0x0001ba8c                MicroBitI2C::read(int, char*, int, bool)
 .text._ZN11MicroBitI2C5writeEiPKcib
                0x0001bb20       0x94 ym/microbit-dal/source/microbit-dal.a(MicroBitI2C.cpp.o)
                0x0001bb20                MicroBitI2C::write(int, char const*, int, bool)
 .text._ZThn4_N18MicroBitMessageBus20isIdleCallbackNeededEv
                0x0001bbb4       0x10 ym/microbit-dal/source/microbit-dal.a(MicroBitMessageBus.cpp.o)
                0x0001bbb4                non-virtual thunk to MicroBitMessageBus::isIdleCallbackNeeded()
 .text._ZN18MicroBitMessageBus6removeEP16MicroBitListener
                0x0001bbc4       0x7c ym/microbit-dal/source/microbit-dal.a(MicroBitMessageBus.cpp.o)
                0x0001bbc4                MicroBitMessageBus::remove(MicroBitListener*)
 .text._ZN18MicroBitMessageBus3addEP16MicroBitListener
                0x0001bc40       0xd0 ym/microbit-dal/source/microbit-dal.a(MicroBitMessageBus.cpp.o)
                0x0001bc40                MicroBitMessageBus::add(MicroBitListener*)
 .text._ZN18MicroBitMessageBusD2Ev
                0x0001bd10       0x20 ym/microbit-dal/source/microbit-dal.a(MicroBitMessageBus.cpp.o)
                0x0001bd10                MicroBitMessageBus::~MicroBitMessageBus()
                0x0001bd10                MicroBitMessageBus::~MicroBitMessageBus()
 .text._ZThn4_N18MicroBitMessageBusD1Ev
                0x0001bd30       0x10 ym/microbit-dal/source/microbit-dal.a(MicroBitMessageBus.cpp.o)
                0x0001bd30                non-virtual thunk to MicroBitMessageBus::~MicroBitMessageBus()
 .text._ZThn4_N18MicroBitMessageBusD0Ev
                0x0001bd40       0x10 ym/microbit-dal/source/microbit-dal.a(MicroBitMessageBus.cpp.o)
                0x0001bd40                non-virtual thunk to MicroBitMessageBus::~MicroBitMessageBus()
 .text._ZN18MicroBitMessageBusC2Ev
                0x0001bd50       0x3c ym/microbit-dal/source/microbit-dal.a(MicroBitMessageBus.cpp.o)
                0x0001bd50                MicroBitMessageBus::MicroBitMessageBus()
                0x0001bd50                MicroBitMessageBus::MicroBitMessageBus()
 .text._ZN18MicroBitMessageBus7processER13MicroBitEventb
                0x0001bd8c       0x84 ym/microbit-dal/source/microbit-dal.a(MicroBitMessageBus.cpp.o)
                0x0001bd8c                MicroBitMessageBus::process(MicroBitEvent&, bool)
 .text._ZThn4_N18MicroBitMessageBus8idleTickEv
                0x0001be10       0x10 ym/microbit-dal/source/microbit-dal.a(MicroBitMessageBus.cpp.o)
                0x0001be10                non-virtual thunk to MicroBitMessageBus::idleTick()
 .text._ZN10EventModel6listenI19MicroBitMultiButtonEEittPT_MS2_Fv13MicroBitEventEt
                0x0001be20       0xac ym/microbit-dal/source/microbit-dal.a(MicroBitMultiButton.cpp.o)
                0x0001be20                int EventModel::listen<MicroBitMultiButton>(unsigned short, unsigned short, MicroBitMultiButton*, void (MicroBitMultiButton::*)(MicroBitEvent), unsigned short)
 .text._ZN19MicroBitMultiButtonC2Ettt
                0x0001becc       0x70 ym/microbit-dal/source/microbit-dal.a(MicroBitMultiButton.cpp.o)
                0x0001becc                MicroBitMultiButton::MicroBitMultiButton(unsigned short, unsigned short, unsigned short)
                0x0001becc                MicroBitMultiButton::MicroBitMultiButton(unsigned short, unsigned short, unsigned short)
 .text._ZN11MicroBitPinC2Ei7PinName13PinCapability
                0x0001bf3c       0x18 ym/microbit-dal/source/microbit-dal.a(MicroBitPin.cpp.o)
                0x0001bf3c                MicroBitPin::MicroBitPin(int, PinName, PinCapability)
                0x0001bf3c                MicroBitPin::MicroBitPin(int, PinName, PinCapability)
 .text._ZN13MicroBitRadioC2Et
                0x0001bf54       0x44 ym/microbit-dal/source/microbit-dal.a(MicroBitRadio.cpp.o)
                0x0001bf54                MicroBitRadio::MicroBitRadio(unsigned short)
                0x0001bf54                MicroBitRadio::MicroBitRadio(unsigned short)
 .text._ZN13MicroBitRadio7setRSSIEh
                0x0001bf98       0x14 ym/microbit-dal/source/microbit-dal.a(MicroBitRadio.cpp.o)
                0x0001bf98                MicroBitRadio::setRSSI(unsigned char)
 .text._ZN13MicroBitRadio7getRSSIEv
                0x0001bfac       0x14 ym/microbit-dal/source/microbit-dal.a(MicroBitRadio.cpp.o)
                0x0001bfac                MicroBitRadio::getRSSI()
 .text._ZN13MicroBitRadio10queueRxBufEv
                0x0001bfc0       0x60 ym/microbit-dal/source/microbit-dal.a(MicroBitRadio.cpp.o)
                0x0001bfc0                MicroBitRadio::queueRxBuf()
 .text.RADIO_IRQHandler
                0x0001c020       0x60 ym/microbit-dal/source/microbit-dal.a(MicroBitRadio.cpp.o)
                0x0001c020                RADIO_IRQHandler
 .text._ZN14MicroBitSerial4baudEi
                0x0001c080       0x14 ym/microbit-dal/source/microbit-dal.a(MicroBitSerial.cpp.o)
                0x0001c080                MicroBitSerial::baud(int)
 .text._ZN14MicroBitSerialC2E7PinNameS0_hh
                0x0001c094       0x4c ym/microbit-dal/source/microbit-dal.a(MicroBitSerial.cpp.o)
                0x0001c094                MicroBitSerial::MicroBitSerial(PinName, PinName, unsigned char, unsigned char)
                0x0001c094                MicroBitSerial::MicroBitSerial(PinName, PinName, unsigned char, unsigned char)
 .text._ZN15MicroBitStorage14flashPageEraseEPm
                0x0001c0e0       0x40 ym/microbit-dal/source/microbit-dal.a(MicroBitStorage.cpp.o)
                0x0001c0e0                MicroBitStorage::flashPageErase(unsigned long*)
 .text._ZN15MicroBitStorage9flashCopyEPmS0_i
                0x0001c120       0x48 ym/microbit-dal/source/microbit-dal.a(MicroBitStorage.cpp.o)
                0x0001c120                MicroBitStorage::flashCopy(unsigned long*, unsigned long*, int)
 .text._ZN15MicroBitStorage14flashWordWriteEPmm
                0x0001c168       0x38 ym/microbit-dal/source/microbit-dal.a(MicroBitStorage.cpp.o)
                0x0001c168                MicroBitStorage::flashWordWrite(unsigned long*, unsigned long)
 .text._ZN15MicroBitStorage4sizeEv
                0x0001c1a0       0x60 ym/microbit-dal/source/microbit-dal.a(MicroBitStorage.cpp.o)
                0x0001c1a0                MicroBitStorage::size()
 .text._ZN15MicroBitStorage3putEPKcPh
                0x0001c200      0x170 ym/microbit-dal/source/microbit-dal.a(MicroBitStorage.cpp.o)
                0x0001c200                MicroBitStorage::put(char const*, unsigned char*)
 .text._ZN19MicroBitThermometerC2ER15MicroBitStoraget
                0x0001c370       0x5c ym/microbit-dal/source/microbit-dal.a(MicroBitThermometer.cpp.o)
                0x0001c370                MicroBitThermometer::MicroBitThermometer(MicroBitStorage&, unsigned short)
                0x0001c370                MicroBitThermometer::MicroBitThermometer(MicroBitStorage&, unsigned short)
 .text._ZN19MicroBitThermometer12updateSampleEv
                0x0001c3cc       0x8c ym/microbit-dal/source/microbit-dal.a(MicroBitThermometer.cpp.o)
                0x0001c3cc                MicroBitThermometer::updateSample()
 .text._ZN18MicroBitBLEManagerD2Ev
                0x0001c458       0x20 ym/microbit-dal/source/microbit-dal.a(MicroBitBLEManager.cpp.o)
                0x0001c458                MicroBitBLEManager::~MicroBitBLEManager()
                0x0001c458                MicroBitBLEManager::~MicroBitBLEManager()
 .text._ZL25bleSysAttrMissingCallbackPK32GattSysAttrMissingCallbackParams
                0x0001c478       0xc4 ym/microbit-dal/source/microbit-dal.a(MicroBitBLEManager.cpp.o)
 .text._ZN18MicroBitBLEManager8idleTickEv
                0x0001c53c       0x28 ym/microbit-dal/source/microbit-dal.a(MicroBitBLEManager.cpp.o)
                0x0001c53c                MicroBitBLEManager::idleTick()
 .text._ZN18GapAdvertisingData8addFieldENS_10DataType_tEPKhhPh
                0x0001c564       0xac ym/microbit-dal/source/microbit-dal.a(MicroBitBLEManager.cpp.o)
                0x0001c564                GapAdvertisingData::addField(GapAdvertisingData::DataType_t, unsigned char const*, unsigned char, unsigned char*)
 .text._ZN18GattCharacteristicC2ERK4UUIDPhtthPP13GattAttributejb
                0x0001c610       0x94 ym/microbit-dal/source/microbit-dal.a(MicroBitBLEManager.cpp.o)
                0x0001c610                GattCharacteristic::GattCharacteristic(UUID const&, unsigned char*, unsigned short, unsigned short, unsigned char, GattAttribute**, unsigned int, bool)
                0x0001c610                GattCharacteristic::GattCharacteristic(UUID const&, unsigned char*, unsigned short, unsigned short, unsigned char, GattAttribute**, unsigned int, bool)
 .text._ZN3BLE22setAdvertisingIntervalEt
                0x0001c6a4       0x3c ym/microbit-dal/source/microbit-dal.a(MicroBitBLEManager.cpp.o)
                0x0001c6a4                BLE::setAdvertisingInterval(unsigned short)
 .text._ZN24DeviceInformationServiceC2ER3BLEPKcS3_S3_S3_S3_S3_
                0x0001c6e0      0x1d8 ym/microbit-dal/source/microbit-dal.a(MicroBitBLEManager.cpp.o)
                0x0001c6e0                DeviceInformationService::DeviceInformationService(BLE&, char const*, char const*, char const*, char const*, char const*, char const*)
                0x0001c6e0                DeviceInformationService::DeviceInformationService(BLE&, char const*, char const*, char const*, char const*, char const*, char const*)
 .text._ZN18MicroBitBLEManagerC2ER15MicroBitStorage
                0x0001c8b8       0x34 ym/microbit-dal/source/microbit-dal.a(MicroBitBLEManager.cpp.o)
                0x0001c8b8                MicroBitBLEManager::MicroBitBLEManager(MicroBitStorage&)
                0x0001c8b8                MicroBitBLEManager::MicroBitBLEManager(MicroBitStorage&)
 .text._ZL24bleDisconnectionCallbackPKN3Gap29DisconnectionCallbackParams_tE
                0x0001c8ec       0xd4 ym/microbit-dal/source/microbit-dal.a(MicroBitBLEManager.cpp.o)
 .text._ZN18MicroBitBLEManager16setTransmitPowerEi
                0x0001c9c0       0x30 ym/microbit-dal/source/microbit-dal.a(MicroBitBLEManager.cpp.o)
                0x0001c9c0                MicroBitBLEManager::setTransmitPower(int)
 .text._ZN18MicroBitBLEManager4initE13ManagedStringS0_R10EventModelb
                0x0001c9f0      0x2bc ym/microbit-dal/source/microbit-dal.a(MicroBitBLEManager.cpp.o)
                0x0001c9f0                MicroBitBLEManager::init(ManagedString, ManagedString, EventModel&, bool)
 .text._ZL22passkeyDisplayCallbacktPKh
                0x0001ccac       0x34 ym/microbit-dal/source/microbit-dal.a(MicroBitBLEManager.cpp.o)
 .text._ZL30securitySetupCompletedCallbacktN15SecurityManager26SecurityCompletionStatus_tE
                0x0001cce0       0x40 ym/microbit-dal/source/microbit-dal.a(MicroBitBLEManager.cpp.o)
 .text._ZN18MicroBitBLEManager11pairingModeER15MicroBitDisplayR14MicroBitButton
                0x0001cd20      0x28c ym/microbit-dal/source/microbit-dal.a(MicroBitBLEManager.cpp.o)
                0x0001cd20                MicroBitBLEManager::pairingMode(MicroBitDisplay&, MicroBitButton&)
 .text._ZN18MicroBitDFUServiceC2ER3BLE
                0x0001cfac      0x180 ym/microbit-dal/source/microbit-dal.a(MicroBitDFUService.cpp.o)
                0x0001cfac                MicroBitDFUService::MicroBitDFUService(BLE&)
                0x0001cfac                MicroBitDFUService::MicroBitDFUService(BLE&)
 .text._ZN20MicroBitEventServiceC2ER3BLER10EventModel
                0x0001d12c      0x208 ym/microbit-dal/source/microbit-dal.a(MicroBitEventService.cpp.o)
                0x0001d12c                MicroBitEventService::MicroBitEventService(BLE&, EventModel&)
                0x0001d12c                MicroBitEventService::MicroBitEventService(BLE&, EventModel&)
 .text._ZN16MicroBitListenerC2I20MicroBitEventServiceEEttPT_MS2_Fv13MicroBitEventEt
                0x0001d334       0x68 ym/microbit-dal/source/microbit-dal.a(MicroBitEventService.cpp.o)
                0x0001d334                MicroBitListener::MicroBitListener<MicroBitEventService>(unsigned short, unsigned short, MicroBitEventService*, void (MicroBitEventService::*)(MicroBitEvent), unsigned short)
                0x0001d334                MicroBitListener::MicroBitListener<MicroBitEventService>(unsigned short, unsigned short, MicroBitEventService*, void (MicroBitEventService::*)(MicroBitEvent), unsigned short)
 .text._ZN20MicroBitEventService13onDataWrittenEPK23GattWriteCallbackParams
                0x0001d39c       0xa4 ym/microbit-dal/source/microbit-dal.a(MicroBitEventService.cpp.o)
                0x0001d39c                MicroBitEventService::onDataWritten(GattWriteCallbackParams const*)
 .text._ZN20MicroBitEventService8idleTickEv
                0x0001d440       0x54 ym/microbit-dal/source/microbit-dal.a(MicroBitEventService.cpp.o)
                0x0001d440                MicroBitEventService::idleTick()
 .text          0x0001d494      0x124 ym/microbit-dal/source/microbit-dal.a(CortexContextSwitch.s.obj)
                0x0001d494                swap_context
                0x0001d516                save_context
                0x0001d55a                save_register_context
                0x0001d58a                restore_register_context
 .text._Z14string_reversePc
                0x0001d5b8       0x30 ym/microbit-dal/source/microbit-dal.a(MicroBitCompat.cpp.o)
                0x0001d5b8                string_reverse(char*)
 .text._Z4itoaiPc
                0x0001d5e8       0x64 ym/microbit-dal/source/microbit-dal.a(MicroBitCompat.cpp.o)
                0x0001d5e8                itoa(int, char*)
 .text._ZN13MicroBitImageC2Ev
                0x0001d64c        0xc ym/microbit-dal/source/microbit-dal.a(MicroBitImage.cpp.o)
                0x0001d64c                MicroBitImage::MicroBitImage()
                0x0001d64c                MicroBitImage::MicroBitImage()
 .text._ZN13MicroBitImage13setPixelValueEssh
                0x0001d658       0x2c ym/microbit-dal/source/microbit-dal.a(MicroBitImage.cpp.o)
                0x0001d658                MicroBitImage::setPixelValue(short, short, unsigned char)
 .text._ZN13MicroBitImage10printImageEssPKh
                0x0001d684       0x5c ym/microbit-dal/source/microbit-dal.a(MicroBitImage.cpp.o)
                0x0001d684                MicroBitImage::printImage(short, short, unsigned char const*)
 .text._ZN13MicroBitImage4initEssPKh
                0x0001d6e0       0x4c ym/microbit-dal/source/microbit-dal.a(MicroBitImage.cpp.o)
                0x0001d6e0                MicroBitImage::init(short, short, unsigned char const*)
 .text._ZN13MicroBitImageC2EPKc
                0x0001d72c       0xa4 ym/microbit-dal/source/microbit-dal.a(MicroBitImage.cpp.o)
                0x0001d72c                MicroBitImage::MicroBitImage(char const*)
                0x0001d72c                MicroBitImage::MicroBitImage(char const*)
 .text._ZN13MicroBitImage5printEcss
                0x0001d7d0       0x94 ym/microbit-dal/source/microbit-dal.a(MicroBitImage.cpp.o)
                0x0001d7d0                MicroBitImage::print(char, short, short)
 .text._ZN13MicroBitImage9shiftLeftEs
                0x0001d864       0x54 ym/microbit-dal/source/microbit-dal.a(MicroBitImage.cpp.o)
                0x0001d864                MicroBitImage::shiftLeft(short)
 .text.startup._GLOBAL__sub_I__ZN13MicroBitImage10EmptyImageE
                0x0001d8b8       0x28 ym/microbit-dal/source/microbit-dal.a(MicroBitImage.cpp.o)
 .text._ZN3BLEC2Ej
                0x0001d8e0       0x2c ym/ble/source/ble.a(BLE.cpp.o)
                0x0001d8e0                BLE::BLE(unsigned int)
                0x0001d8e0                BLE::BLE(unsigned int)
 .text._ZN3BLE8InstanceEj
                0x0001d90c       0x44 ym/ble/source/ble.a(BLE.cpp.o)
                0x0001d90c                BLE::Instance(unsigned int)
 .text._ZNK3BLE3gapEv
                0x0001d950       0x20 ym/ble/source/ble.a(BLE.cpp.o)
                0x0001d950                BLE::gap() const
 .text._ZN3BLE3gapEv
                0x0001d970       0x20 ym/ble/source/ble.a(BLE.cpp.o)
                0x0001d970                BLE::gap()
 .text._ZN3BLE10gattServerEv
                0x0001d990       0x20 ym/ble/source/ble.a(BLE.cpp.o)
                0x0001d990                BLE::gattServer()
 .text._ZN3BLE15securityManagerEv
                0x0001d9b0       0x20 ym/ble/source/ble.a(BLE.cpp.o)
                0x0001d9b0                BLE::securityManager()
 .text._ZL12btle_handlerP9ble_evt_t
                0x0001d9d0      0x184 ym/ble-nrf51822/source/ble-nrf51822.a(btle.cpp.o)
 .text.btle_set_gatt_table_size
                0x0001db54       0x14 ym/ble-nrf51822/source/ble-nrf51822.a(btle.cpp.o)
                0x0001db54                btle_set_gatt_table_size
 .text.btle_init
                0x0001db68       0xa4 ym/ble-nrf51822/source/ble-nrf51822.a(btle.cpp.o)
                0x0001db68                btle_init
 .text.app_error_handler
                0x0001dc0c       0x20 ym/ble-nrf51822/source/ble-nrf51822.a(btle.cpp.o)
                0x0001dc0c                app_error_handler
 .text._ZNK3Gap25getMaxAdvertisingIntervalEv
                0x0001dc2c        0x8 ym/ble-nrf51822/source/ble-nrf51822.a(nRF5xn.cpp.o)
                0x0001dc2c                Gap::getMaxAdvertisingInterval() const
 .text._ZN6nRF5xn10getVersionEv
                0x0001dc34       0x78 ym/ble-nrf51822/source/ble-nrf51822.a(nRF5xn.cpp.o)
                0x0001dc34                nRF5xn::getVersion()
 .text._ZN38CallChainOfFunctionPointersWithContextIPK23GattWriteCallbackParamsED2Ev
                0x0001dcac       0x14 ym/ble-nrf51822/source/ble-nrf51822.a(nRF5xn.cpp.o)
                0x0001dcac                CallChainOfFunctionPointersWithContext<GattWriteCallbackParams const*>::~CallChainOfFunctionPointersWithContext()
                0x0001dcac                CallChainOfFunctionPointersWithContext<GattWriteCallbackParams const*>::~CallChainOfFunctionPointersWithContext()
 .text._ZN38CallChainOfFunctionPointersWithContextIPK22GattReadCallbackParamsED2Ev
                0x0001dcc0       0x14 ym/ble-nrf51822/source/ble-nrf51822.a(nRF5xn.cpp.o)
                0x0001dcc0                CallChainOfFunctionPointersWithContext<GattReadCallbackParams const*>::~CallChainOfFunctionPointersWithContext()
                0x0001dcc0                CallChainOfFunctionPointersWithContext<GattReadCallbackParams const*>::~CallChainOfFunctionPointersWithContext()
 .text._ZN10GattClient16discoverServicesEt26FunctionPointerWithContextIPK17DiscoveredServiceERK4UUID
                0x0001dcd4       0x60 ym/ble-nrf51822/source/ble-nrf51822.a(nRF5xn.cpp.o)
                0x0001dcd4                GattClient::discoverServices(unsigned short, FunctionPointerWithContext<DiscoveredService const*>, UUID const&)
 .text._ZN38CallChainOfFunctionPointersWithContextIN3Gap15TimeoutSource_tEED2Ev
                0x0001dd34       0x20 ym/ble-nrf51822/source/ble-nrf51822.a(nRF5xn.cpp.o)
                0x0001dd34                CallChainOfFunctionPointersWithContext<Gap::TimeoutSource_t>::~CallChainOfFunctionPointersWithContext()
                0x0001dd34                CallChainOfFunctionPointersWithContext<Gap::TimeoutSource_t>::~CallChainOfFunctionPointersWithContext()
 .text._ZN38CallChainOfFunctionPointersWithContextIPK15SecurityManagerED2Ev
                0x0001dd54       0x20 ym/ble-nrf51822/source/ble-nrf51822.a(nRF5xn.cpp.o)
                0x0001dd54                CallChainOfFunctionPointersWithContext<SecurityManager const*>::~CallChainOfFunctionPointersWithContext()
                0x0001dd54                CallChainOfFunctionPointersWithContext<SecurityManager const*>::~CallChainOfFunctionPointersWithContext()
 .text._ZN38CallChainOfFunctionPointersWithContextIjED2Ev
                0x0001dd74       0x20 ym/ble-nrf51822/source/ble-nrf51822.a(nRF5xn.cpp.o)
                0x0001dd74                CallChainOfFunctionPointersWithContext<unsigned int>::~CallChainOfFunctionPointersWithContext()
                0x0001dd74                CallChainOfFunctionPointersWithContext<unsigned int>::~CallChainOfFunctionPointersWithContext()
 .text._ZN38CallChainOfFunctionPointersWithContextIPK32GattSysAttrMissingCallbackParamsED2Ev
                0x0001dd94       0x20 ym/ble-nrf51822/source/ble-nrf51822.a(nRF5xn.cpp.o)
                0x0001dd94                CallChainOfFunctionPointersWithContext<GattSysAttrMissingCallbackParams const*>::~CallChainOfFunctionPointersWithContext()
                0x0001dd94                CallChainOfFunctionPointersWithContext<GattSysAttrMissingCallbackParams const*>::~CallChainOfFunctionPointersWithContext()
 .text._ZN38CallChainOfFunctionPointersWithContextIPK10GattServerED2Ev
                0x0001ddb4       0x20 ym/ble-nrf51822/source/ble-nrf51822.a(nRF5xn.cpp.o)
                0x0001ddb4                CallChainOfFunctionPointersWithContext<GattServer const*>::~CallChainOfFunctionPointersWithContext()
                0x0001ddb4                CallChainOfFunctionPointersWithContext<GattServer const*>::~CallChainOfFunctionPointersWithContext()
 .text._ZN38CallChainOfFunctionPointersWithContextIPKN3Gap29DisconnectionCallbackParams_tEED2Ev
                0x0001ddd4       0x20 ym/ble-nrf51822/source/ble-nrf51822.a(nRF5xn.cpp.o)
                0x0001ddd4                CallChainOfFunctionPointersWithContext<Gap::DisconnectionCallbackParams_t const*>::~CallChainOfFunctionPointersWithContext()
                0x0001ddd4                CallChainOfFunctionPointersWithContext<Gap::DisconnectionCallbackParams_t const*>::~CallChainOfFunctionPointersWithContext()
 .text._ZN38CallChainOfFunctionPointersWithContextIPK3GapED2Ev
                0x0001ddf4       0x20 ym/ble-nrf51822/source/ble-nrf51822.a(nRF5xn.cpp.o)
                0x0001ddf4                CallChainOfFunctionPointersWithContext<Gap const*>::~CallChainOfFunctionPointersWithContext()
                0x0001ddf4                CallChainOfFunctionPointersWithContext<Gap const*>::~CallChainOfFunctionPointersWithContext()
 .text._ZN38CallChainOfFunctionPointersWithContextIPKN3Gap26ConnectionCallbackParams_tEED2Ev
                0x0001de14       0x20 ym/ble-nrf51822/source/ble-nrf51822.a(nRF5xn.cpp.o)
                0x0001de14                CallChainOfFunctionPointersWithContext<Gap::ConnectionCallbackParams_t const*>::~CallChainOfFunctionPointersWithContext()
                0x0001de14                CallChainOfFunctionPointersWithContext<Gap::ConnectionCallbackParams_t const*>::~CallChainOfFunctionPointersWithContext()
 .text._ZN38CallChainOfFunctionPointersWithContextIPK21GattHVXCallbackParamsED2Ev
                0x0001de34       0x20 ym/ble-nrf51822/source/ble-nrf51822.a(nRF5xn.cpp.o)
                0x0001de34                CallChainOfFunctionPointersWithContext<GattHVXCallbackParams const*>::~CallChainOfFunctionPointersWithContext()
                0x0001de34                CallChainOfFunctionPointersWithContext<GattHVXCallbackParams const*>::~CallChainOfFunctionPointersWithContext()
 .text._ZN38CallChainOfFunctionPointersWithContextIPK10GattClientED2Ev
                0x0001de54       0x20 ym/ble-nrf51822/source/ble-nrf51822.a(nRF5xn.cpp.o)
                0x0001de54                CallChainOfFunctionPointersWithContext<GattClient const*>::~CallChainOfFunctionPointersWithContext()
                0x0001de54                CallChainOfFunctionPointersWithContext<GattClient const*>::~CallChainOfFunctionPointersWithContext()
 .text._ZN6nRF5xn13getGattClientEv
                0x0001de74       0x54 ym/ble-nrf51822/source/ble-nrf51822.a(nRF5xn.cpp.o)
                0x0001de74                nRF5xn::getGattClient()
 .text._ZN6nRF5xn18getSecurityManagerEv
                0x0001dec8       0x34 ym/ble-nrf51822/source/ble-nrf51822.a(nRF5xn.cpp.o)
                0x0001dec8                nRF5xn::getSecurityManager()
 .text._ZNK6nRF5xn18getSecurityManagerEv
                0x0001defc       0x34 ym/ble-nrf51822/source/ble-nrf51822.a(nRF5xn.cpp.o)
                0x0001defc                nRF5xn::getSecurityManager() const
 .text._ZN6nRF5xnD2Ev
                0x0001df30       0x54 ym/ble-nrf51822/source/ble-nrf51822.a(nRF5xn.cpp.o)
                0x0001df30                nRF5xn::~nRF5xn()
                0x0001df30                nRF5xn::~nRF5xn()
 .text._ZN3Gap5resetEv
                0x0001df84       0xe0 ym/ble-nrf51822/source/ble-nrf51822.a(nRF5xn.cpp.o)
                0x0001df84                Gap::reset()
 .text._ZN6nRF5xnC2Ev
                0x0001e064      0x11c ym/ble-nrf51822/source/ble-nrf51822.a(nRF5xn.cpp.o)
                0x0001e064                nRF5xn::nRF5xn()
                0x0001e064                nRF5xn::nRF5xn()
 .text._ZN6nRF5xn8InstanceEj
                0x0001e180       0x24 ym/ble-nrf51822/source/ble-nrf51822.a(nRF5xn.cpp.o)
                0x0001e180                nRF5xn::Instance(unsigned int)
 .text._ZN26FunctionPointerWithContextItEC2EPFvtE
                0x0001e1a4       0x20 ym/ble-nrf51822/source/ble-nrf51822.a(nRF5xn.cpp.o)
                0x0001e1a4                FunctionPointerWithContext<unsigned short>::FunctionPointerWithContext(void (*)(unsigned short))
                0x0001e1a4                FunctionPointerWithContext<unsigned short>::FunctionPointerWithContext(void (*)(unsigned short))
 .text._ZN15nRF5xGattServerC2Ev
                0x0001e1c4       0xc0 ym/ble-nrf51822/source/ble-nrf51822.a(nRF5xn.cpp.o)
                0x0001e1c4                nRF5xGattServer::nRF5xGattServer()
                0x0001e1c4                nRF5xGattServer::nRF5xGattServer()
 .text._ZN8nRF5xGap25getPermittedTxPowerValuesEPPKaPj
                0x0001e284       0x10 ym/ble-nrf51822/source/ble-nrf51822.a(nRF5xGap.cpp.o)
                0x0001e284                nRF5xGap::getPermittedTxPowerValues(signed char const**, unsigned int*)
 .text._Z31radioNotificationStaticCallbackb
                0x0001e294       0x3c ym/ble-nrf51822/source/ble-nrf51822.a(nRF5xGap.cpp.o)
                0x0001e294                radioNotificationStaticCallback(bool)
 .text._ZN8nRF5xGap21initRadioNotificationEv
                0x0001e2d0       0x1c ym/ble-nrf51822/source/ble-nrf51822.a(nRF5xGap.cpp.o)
                0x0001e2d0                nRF5xGap::initRadioNotification()
 .text._ZN8nRF5xGap22generateStackWhitelistER19ble_gap_whitelist_t
                0x0001e2ec       0xe8 ym/ble-nrf51822/source/ble-nrf51822.a(nRF5xGap.cpp.o)
                0x0001e2ec                nRF5xGap::generateStackWhitelist(ble_gap_whitelist_t&)
 .text._ZN8nRF5xGap16startAdvertisingERK20GapAdvertisingParams
                0x0001e3d4       0xa8 ym/ble-nrf51822/source/ble-nrf51822.a(nRF5xGap.cpp.o)
                0x0001e3d4                nRF5xGap::startAdvertising(GapAdvertisingParams const&)
 .text._ZN8nRF5xGap7connectEPKhN11BLEProtocol11AddressType4TypeEPKN3Gap18ConnectionParams_tEPK17GapScanningParams
                0x0001e47c       0xf0 ym/ble-nrf51822/source/ble-nrf51822.a(nRF5xGap.cpp.o)
                0x0001e47c                nRF5xGap::connect(unsigned char const*, BLEProtocol::AddressType::Type, Gap::ConnectionParams_t const*, GapScanningParams const*)
 .text._ZL10dm_handlerPK13device_handlePK10dm_event_tm
                0x0001e56c       0xac ym/ble-nrf51822/source/ble-nrf51822.a(btle_security.cpp.o)
 .text._Z27btle_hasInitializedSecurityv
                0x0001e618        0xc ym/ble-nrf51822/source/ble-nrf51822.a(btle_security.cpp.o)
                0x0001e618                btle_hasInitializedSecurity()
 .text._Z23btle_initializeSecuritybbN15SecurityManager24SecurityIOCapabilities_tEPKh
                0x0001e624       0xd8 ym/ble-nrf51822/source/ble-nrf51822.a(btle_security.cpp.o)
                0x0001e624                btle_initializeSecurity(bool, bool, SecurityManager::SecurityIOCapabilities_t, unsigned char const*)
 .text._Z25btle_purgeAllBondingStatev
                0x0001e6fc       0x24 ym/ble-nrf51822/source/ble-nrf51822.a(btle_security.cpp.o)
                0x0001e6fc                btle_purgeAllBondingState()
 .text._Z20btle_getLinkSecuritytPN15SecurityManager20LinkSecurityStatus_tE
                0x0001e720       0x48 ym/ble-nrf51822/source/ble-nrf51822.a(btle_security.cpp.o)
                0x0001e720                btle_getLinkSecurity(unsigned short, SecurityManager::LinkSecurityStatus_t*)
 .text._Z20btle_setLinkSecuritytN15SecurityManager14SecurityMode_tE
                0x0001e768       0x48 ym/ble-nrf51822/source/ble-nrf51822.a(btle_security.cpp.o)
                0x0001e768                btle_setLinkSecurity(unsigned short, SecurityManager::SecurityMode_t)
 .text._Z33btle_createWhitelistFromBondTableP19ble_gap_whitelist_t
                0x0001e7b0       0x30 ym/ble-nrf51822/source/ble-nrf51822.a(btle_security.cpp.o)
                0x0001e7b0                btle_createWhitelistFromBondTable(ble_gap_whitelist_t*)
 .text._Z13btle_gap_initv
                0x0001e7e0       0x54 ym/ble-nrf51822/source/ble-nrf51822.a(btle_gap.cpp.o)
                0x0001e7e0                btle_gap_init()
 .text._ZN15nRF5xGattServer4readEtPhPt
                0x0001e834       0x1c ym/ble-nrf51822/source/ble-nrf51822.a(nRF5xGattServer.cpp.o)
                0x0001e834                nRF5xGattServer::read(unsigned short, unsigned char*, unsigned short*)
 .text._ZN15nRF5xGattServer5writeEtPKhtb
                0x0001e850       0x20 ym/ble-nrf51822/source/ble-nrf51822.a(nRF5xGattServer.cpp.o)
                0x0001e850                nRF5xGattServer::write(unsigned short, unsigned char const*, unsigned short, bool)
 .text._ZN15nRF5xGattServer5writeEttPKhtb
                0x0001e870       0xe8 ym/ble-nrf51822/source/ble-nrf51822.a(nRF5xGattServer.cpp.o)
                0x0001e870                nRF5xGattServer::write(unsigned short, unsigned short, unsigned char const*, unsigned short, bool)
 .text._ZN15nRF5xGattServer10addServiceER11GattService
                0x0001e958      0x1d0 ym/ble-nrf51822/source/ble-nrf51822.a(nRF5xGattServer.cpp.o)
                0x0001e958                nRF5xGattServer::addService(GattService&)
 .text._ZN15nRF5xGattServer5resetEv
                0x0001eb28       0x50 ym/ble-nrf51822/source/ble-nrf51822.a(nRF5xGattServer.cpp.o)
                0x0001eb28                nRF5xGattServer::reset()
 .text._ZNK8SafeBoolI26FunctionPointerWithContextItEEcvMN9SafeBool_4baseEKFvvEEv
                0x0001eb78       0x18 ym/ble-nrf51822/source/ble-nrf51822.a(nRF5xGattServer.cpp.o)
                0x0001eb78                SafeBool<FunctionPointerWithContext<unsigned short> >::operator void (SafeBool_::base::*)() const() const
 .text.custom_convert_to_nordic_uuid
                0x0001eb90       0xa4 ym/ble-nrf51822/source/ble-nrf51822.a(custom_helper.cpp.o)
                0x0001eb90                custom_convert_to_nordic_uuid
 .text._ZN17GapScanningParamsC2Etttb
                0x0001ec34       0x6c ym/ble/source/ble.a(GapScanningParams.cpp.o)
                0x0001ec34                GapScanningParams::GapScanningParams(unsigned short, unsigned short, unsigned short, bool)
                0x0001ec34                GapScanningParams::GapScanningParams(unsigned short, unsigned short, unsigned short, bool)
 .text.SWI1_IRQHandler
                0x0001eca0       0x20 ym/nrf51-sdk/source/nrf51-sdk.a(ble_radio_notification.c.o)
                0x0001eca0                SWI1_IRQHandler
 .text.ble_radio_notification_init
                0x0001ecc0       0x38 ym/nrf51-sdk/source/nrf51-sdk.a(ble_radio_notification.c.o)
                0x0001ecc0                ble_radio_notification_init
 .text.pstorage_flash_page_end
                0x0001ecf8       0x20 ym/nrf51-sdk/source/nrf51-sdk.a(pstorage.c.o)
 .text.swap_sub_state_entry_action_run
                0x0001ed18       0x18 ym/nrf51-sdk/source/nrf51-sdk.a(pstorage.c.o)
 .text.app_notify
                0x0001ed30       0x2c ym/nrf51-sdk/source/nrf51-sdk.a(pstorage.c.o)
 .text.is_page_erase_required
                0x0001ed5c       0x50 ym/nrf51-sdk/source/nrf51-sdk.a(pstorage.c.o)
 .text.swap_sub_state_err_busy_process
                0x0001edac       0x18 ym/nrf51-sdk/source/nrf51-sdk.a(pstorage.c.o)
 .text.data_to_swap_write_state_run
                0x0001edc4       0x30 ym/nrf51-sdk/source/nrf51-sdk.a(pstorage.c.o)
 .text.swap_erase_state_run
                0x0001edf4       0x24 ym/nrf51-sdk/source/nrf51-sdk.a(pstorage.c.o)
 .text.flash_api_err_code_process
                0x0001ee18       0x40 ym/nrf51-sdk/source/nrf51-sdk.a(pstorage.c.o)
 .text.store_cmd_flash_write_execute
                0x0001ee58       0x60 ym/nrf51-sdk/source/nrf51-sdk.a(pstorage.c.o)
 .text.state_restore_head_entry_run
                0x0001eeb8       0x34 ym/nrf51-sdk/source/nrf51-sdk.a(pstorage.c.o)
 .text.state_restore_tail_entry_run
                0x0001eeec       0x48 ym/nrf51-sdk/source/nrf51-sdk.a(pstorage.c.o)
 .text.state_write_data_swap_entry_run
                0x0001ef34       0x2c ym/nrf51-sdk/source/nrf51-sdk.a(pstorage.c.o)
 .text.state_entry_action_run
                0x0001ef60       0xd4 ym/nrf51-sdk/source/nrf51-sdk.a(pstorage.c.o)
 .text.clear_operation_execute
                0x0001f034      0x158 ym/nrf51-sdk/source/nrf51-sdk.a(pstorage.c.o)
 .text.cmd_process
                0x0001f18c       0x3c ym/nrf51-sdk/source/nrf51-sdk.a(pstorage.c.o)
 .text.unlikely.cmd_queue_enqueue
                0x0001f1c8       0x54 ym/nrf51-sdk/source/nrf51-sdk.a(pstorage.c.o)
 .text.command_end_procedure_run
                0x0001f21c       0x50 ym/nrf51-sdk/source/nrf51-sdk.a(pstorage.c.o)
 .text.clear_post_processing_run
                0x0001f26c       0x2c ym/nrf51-sdk/source/nrf51-sdk.a(pstorage.c.o)
 .text.head_restore_state_run
                0x0001f298       0x94 ym/nrf51-sdk/source/nrf51-sdk.a(pstorage.c.o)
 .text.tail_restore_state_run
                0x0001f32c       0x1c ym/nrf51-sdk/source/nrf51-sdk.a(pstorage.c.o)
 .text.data_page_erase_state_run
                0x0001f348       0x6c ym/nrf51-sdk/source/nrf51-sdk.a(pstorage.c.o)
 .text.flash_operation_success_run
                0x0001f3b4       0x98 ym/nrf51-sdk/source/nrf51-sdk.a(pstorage.c.o)
 .text.state_erase_data_page_entry_run
                0x0001f44c       0x10 ym/nrf51-sdk/source/nrf51-sdk.a(pstorage.c.o)
 .text.pstorage_sys_event_handler
                0x0001f45c       0x64 ym/nrf51-sdk/source/nrf51-sdk.a(pstorage.c.o)
                0x0001f45c                pstorage_sys_event_handler
 .text.pstorage_init
                0x0001f4c0       0x84 ym/nrf51-sdk/source/nrf51-sdk.a(pstorage.c.o)
                0x0001f4c0                pstorage_init
 .text.pstorage_register
                0x0001f544       0xc4 ym/nrf51-sdk/source/nrf51-sdk.a(pstorage.c.o)
                0x0001f544                pstorage_register
 .text.pstorage_block_identifier_get
                0x0001f608       0x4c ym/nrf51-sdk/source/nrf51-sdk.a(pstorage.c.o)
                0x0001f608                pstorage_block_identifier_get
 .text.pstorage_store
                0x0001f654       0x7c ym/nrf51-sdk/source/nrf51-sdk.a(pstorage.c.o)
                0x0001f654                pstorage_store
 .text.pstorage_update
                0x0001f6d0       0x7c ym/nrf51-sdk/source/nrf51-sdk.a(pstorage.c.o)
                0x0001f6d0                pstorage_update
 .text.pstorage_load
                0x0001f74c       0x98 ym/nrf51-sdk/source/nrf51-sdk.a(pstorage.c.o)
                0x0001f74c                pstorage_load
 .text.pstorage_clear
                0x0001f7e4       0x88 ym/nrf51-sdk/source/nrf51-sdk.a(pstorage.c.o)
                0x0001f7e4                pstorage_clear
 .text.intern_softdevice_events_execute
                0x0001f86c       0xb0 ym/nrf51-sdk/source/nrf51-sdk.a(softdevice_handler.c.o)
                0x0001f86c                intern_softdevice_events_execute
 .text.softdevice_handler_init
                0x0001f91c       0x48 ym/nrf51-sdk/source/nrf51-sdk.a(softdevice_handler.c.o)
                0x0001f91c                softdevice_handler_init
 .text.softdevice_handler_sd_disable
                0x0001f964       0x18 ym/nrf51-sdk/source/nrf51-sdk.a(softdevice_handler.c.o)
                0x0001f964                softdevice_handler_sd_disable
 .text.softdevice_ble_evt_handler_set
                0x0001f97c       0x14 ym/nrf51-sdk/source/nrf51-sdk.a(softdevice_handler.c.o)
                0x0001f97c                softdevice_ble_evt_handler_set
 .text.softdevice_sys_evt_handler_set
                0x0001f990       0x14 ym/nrf51-sdk/source/nrf51-sdk.a(softdevice_handler.c.o)
                0x0001f990                softdevice_sys_evt_handler_set
 .text.SWI2_IRQHandler
                0x0001f9a4       0x24 ym/nrf51-sdk/source/nrf51-sdk.a(softdevice_handler.c.o)
                0x0001f9a4                SWI2_IRQHandler
 .text.gatts_context_store
                0x0001f9c8       0xb8 ym/nrf51-sdk/source/nrf51-sdk.a(device_manager_peripheral.c.o)
 .text.device_context_store
                0x0001fa80       0xb8 ym/nrf51-sdk/source/nrf51-sdk.a(device_manager_peripheral.c.o)
 .text.gatts_context_apply
                0x0001fb38       0xc4 ym/nrf51-sdk/source/nrf51-sdk.a(device_manager_peripheral.c.o)
 .text.gatts_context_load
                0x0001fbfc       0x34 ym/nrf51-sdk/source/nrf51-sdk.a(device_manager_peripheral.c.o)
 .text.dm_pstorage_cb_handler
                0x0001fc30      0x134 ym/nrf51-sdk/source/nrf51-sdk.a(device_manager_peripheral.c.o)
 .text.peer_instance_init
                0x0001fd64       0x44 ym/nrf51-sdk/source/nrf51-sdk.a(device_manager_peripheral.c.o)
 .text.device_instance_free
                0x0001fda8       0x2c ym/nrf51-sdk/source/nrf51-sdk.a(device_manager_peripheral.c.o)
 .text.dm_init  0x0001fdd4       0xe0 ym/nrf51-sdk/source/nrf51-sdk.a(device_manager_peripheral.c.o)
                0x0001fdd4                dm_init
 .text.dm_register
                0x0001feb4       0x74 ym/nrf51-sdk/source/nrf51-sdk.a(device_manager_peripheral.c.o)
                0x0001feb4                dm_register
 .text.dm_security_status_req
                0x0001ff28       0x70 ym/nrf51-sdk/source/nrf51-sdk.a(device_manager_peripheral.c.o)
                0x0001ff28                dm_security_status_req
 .text.dm_whitelist_create
                0x0001ff98       0xb0 ym/nrf51-sdk/source/nrf51-sdk.a(device_manager_peripheral.c.o)
                0x0001ff98                dm_whitelist_create
 .text.dm_device_delete_all
                0x00020048       0x58 ym/nrf51-sdk/source/nrf51-sdk.a(device_manager_peripheral.c.o)
                0x00020048                dm_device_delete_all
 .text.dm_application_context_set
                0x000200a0        0x8 ym/nrf51-sdk/source/nrf51-sdk.a(device_manager_peripheral.c.o)
                0x000200a0                dm_application_context_set
 .text.dm_peer_addr_get
                0x000200a8       0x84 ym/nrf51-sdk/source/nrf51-sdk.a(device_manager_peripheral.c.o)
                0x000200a8                dm_peer_addr_get
 .text.dm_distributed_keys_get
                0x0002012c       0xb8 ym/nrf51-sdk/source/nrf51-sdk.a(device_manager_peripheral.c.o)
                0x0002012c                dm_distributed_keys_get
 .text.bond_data_load
                0x000201e4       0x48 ym/nrf51-sdk/source/nrf51-sdk.a(device_manager_peripheral.c.o)
                0x000201e4                bond_data_load
 .text.address_to_device_id
                0x0002022c       0x2c ym/nrf51-sdk/source/nrf51-sdk.a(device_manager_peripheral.c.o)
                0x0002022c                address_to_device_id
 .text.dm_ble_evt_handler
                0x00020258      0x394 ym/nrf51-sdk/source/nrf51-sdk.a(device_manager_peripheral.c.o)
                0x00020258                dm_ble_evt_handler
 .text.dm_handle_get
                0x000205ec       0x48 ym/nrf51-sdk/source/nrf51-sdk.a(device_manager_peripheral.c.o)
                0x000205ec                dm_handle_get
 .text.dfu_app_on_dfu_evt
                0x00020634      0x16c ym/nrf51-sdk/source/nrf51-sdk.a(dfu_app_handler.c.o)
                0x00020634                dfu_app_on_dfu_evt
 .text.bootloader_util_app_start
                0x000207a0       0x3c ym/nrf51-sdk/source/nrf51-sdk.a(bootloader_util.c.o)
                0x000207a0                bootloader_util_app_start
 .text.ble_dfu_response_send
                0x000207dc       0x64 ym/nrf51-sdk/source/nrf51-sdk.a(ble_dfu.c.o)
                0x000207dc                ble_dfu_response_send
 .text._ZN4mbed14FileSystemLikeC2EPKc
                0x00020840       0x18 ym/mbed-classic/existing/mbed-classic.a(FileSystemLike.cpp.o)
                0x00020840                mbed::FileSystemLike::FileSystemLike(char const*)
                0x00020840                mbed::FileSystemLike::FileSystemLike(char const*)
 .text._ZN4mbed14FileSystemLikeD2Ev
                0x00020858       0x18 ym/mbed-classic/existing/mbed-classic.a(FileSystemLike.cpp.o)
                0x00020858                mbed::FileSystemLike::~FileSystemLike()
                0x00020858                mbed::FileSystemLike::~FileSystemLike()
 .text._ZN4mbed14FileSystemLike7opendirEv
                0x00020870       0x28 ym/mbed-classic/existing/mbed-classic.a(FileSystemLike.cpp.o)
                0x00020870                mbed::FileSystemLike::opendir()
 .text._ZN4mbed3I2CC2E7PinNameS1_
                0x00020898       0x30 ym/mbed-classic/existing/mbed-classic.a(I2C.cpp.o)
                0x00020898                mbed::I2C::I2C(PinName, PinName)
                0x00020898                mbed::I2C::I2C(PinName, PinName)
 .text._ZN4mbed3I2C6aquireEv
                0x000208c8       0x1c ym/mbed-classic/existing/mbed-classic.a(I2C.cpp.o)
                0x000208c8                mbed::I2C::aquire()
 .text._ZN4mbed11InterruptInD2Ev
                0x000208e4       0x18 ym/mbed-classic/existing/mbed-classic.a(InterruptIn.cpp.o)
                0x000208e4                mbed::InterruptIn::~InterruptIn()
                0x000208e4                mbed::InterruptIn::~InterruptIn()
 .text._ZN4mbed11InterruptInC2E7PinName
                0x000208fc       0x48 ym/mbed-classic/existing/mbed-classic.a(InterruptIn.cpp.o)
                0x000208fc                mbed::InterruptIn::InterruptIn(PinName)
                0x000208fc                mbed::InterruptIn::InterruptIn(PinName)
 .text._ZN4mbed9RawSerialC2E7PinNameS1_
                0x00020944       0x14 ym/mbed-classic/existing/mbed-classic.a(RawSerial.cpp.o)
                0x00020944                mbed::RawSerial::RawSerial(PinName, PinName)
                0x00020944                mbed::RawSerial::RawSerial(PinName, PinName)
 .text._ZL11init_serialv
                0x00020958       0x20 ym/mbed-classic/existing/mbed-classic.a(retarget.cpp.o)
 .text._ZN4mbed10FileHandleD2Ev
                0x00020978       0x28 ym/mbed-classic/existing/mbed-classic.a(retarget.cpp.o)
                0x00020978                mbed::FileHandle::~FileHandle()
                0x00020978                mbed::FileHandle::~FileHandle()
 .text._open    0x000209a0       0xd8 ym/mbed-classic/existing/mbed-classic.a(retarget.cpp.o)
                0x000209a0                _open
 .text._close   0x00020a78       0x2c ym/mbed-classic/existing/mbed-classic.a(retarget.cpp.o)
                0x00020a78                _close
 .text._write   0x00020aa4       0x54 ym/mbed-classic/existing/mbed-classic.a(retarget.cpp.o)
                0x00020aa4                _write
 .text._read    0x00020af8       0x48 ym/mbed-classic/existing/mbed-classic.a(retarget.cpp.o)
                0x00020af8                _read
 .text._isatty  0x00020b40       0x28 ym/mbed-classic/existing/mbed-classic.a(retarget.cpp.o)
                0x00020b40                _isatty
 .text._lseek   0x00020b68       0x28 ym/mbed-classic/existing/mbed-classic.a(retarget.cpp.o)
                0x00020b68                _lseek
 .text._sbrk    0x00020b90       0x28 ym/mbed-classic/existing/mbed-classic.a(retarget.cpp.o)
                0x00020b90                _sbrk
 .text._ZN4mbed10SerialBaseC2E7PinNameS1_
                0x00020bb8       0x3c ym/mbed-classic/existing/mbed-classic.a(SerialBase.cpp.o)
                0x00020bb8                mbed::SerialBase::SerialBase(PinName, PinName)
                0x00020bb8                mbed::SerialBase::SerialBase(PinName, PinName)
 .text._ZN4mbed3SPIC2E7PinNameS1_S1_S1_
                0x00020bf4       0x4c ym/mbed-classic/existing/mbed-classic.a(SPI.cpp.o)
                0x00020bf4                mbed::SPI::SPI(PinName, PinName, PinName, PinName)
                0x00020bf4                mbed::SPI::SPI(PinName, PinName, PinName, PinName)
 .text._ZN4mbed3SPI6aquireEv
                0x00020c40       0x2c ym/mbed-classic/existing/mbed-classic.a(SPI.cpp.o)
                0x00020c40                mbed::SPI::aquire()
 .text._ZN4mbed3SPI9frequencyEi
                0x00020c6c       0x14 ym/mbed-classic/existing/mbed-classic.a(SPI.cpp.o)
                0x00020c6c                mbed::SPI::frequency(int)
 .text._ZN4mbed7TimeoutD2Ev
                0x00020c80       0x1c ym/mbed-classic/existing/mbed-classic.a(Timeout.cpp.o)
                0x00020c80                mbed::Timeout::~Timeout()
                0x00020c80                mbed::Timeout::~Timeout()
 .text._ZN4mbed10TimerEventC2Ev
                0x00020c9c       0x2c ym/mbed-classic/existing/mbed-classic.a(TimerEvent.cpp.o)
                0x00020c9c                mbed::TimerEvent::TimerEvent()
                0x00020c9c                mbed::TimerEvent::TimerEvent()
 .text._ZN4mbed10TimerEventD2Ev
                0x00020cc8       0x18 ym/mbed-classic/existing/mbed-classic.a(TimerEvent.cpp.o)
                0x00020cc8                mbed::TimerEvent::~TimerEvent()
                0x00020cc8                mbed::TimerEvent::~TimerEvent()
 .text.get_us_ticker_data
                0x00020ce0        0x8 ym/mbed-classic/existing/mbed-classic.a(us_ticker_api.c.o)
                0x00020ce0                get_us_ticker_data
 .text.us_ticker_irq_handler
                0x00020ce8       0x10 ym/mbed-classic/existing/mbed-classic.a(us_ticker_api.c.o)
                0x00020ce8                us_ticker_irq_handler
 .text          0x00020cf8       0x48 ym/mbed-classic/existing/mbed-classic.a(startup_NRF51822.S.obj)
                0x00020cf8                Reset_Handler
                0x00020d34                NMI_Handler
                0x00020d36                HardFault_Handler
                0x00020d38                SVC_Handler
                0x00020d3a                PendSV_Handler
                0x00020d3c                SysTick_Handler
                0x00020d3e                POWER_CLOCK_IRQHandler
                0x00020d3e                RTC0_IRQHandler
                0x00020d3e                SWI4_IRQHandler
                0x00020d3e                TEMP_IRQHandler
                0x00020d3e                QDEC_IRQHandler
                0x00020d3e                SWI5_IRQHandler
                0x00020d3e                TIMER0_IRQHandler
                0x00020d3e                LPCOMP_IRQHandler
                0x00020d3e                SWI0_IRQHandler
                0x00020d3e                ECB_IRQHandler
                0x00020d3e                Default_Handler
                0x00020d3e                ADC_IRQHandler
                0x00020d3e                SWI3_IRQHandler
                0x00020d3e                CCM_AAR_IRQHandler
                0x00020d3e                WDT_IRQHandler
                0x00020d3e                SPI0_TWI0_IRQHandler
                0x00020d3e                RNG_IRQHandler
                0x00020d3e                SPI1_TWI1_IRQHandler
                0x00020d3e                RTC1_IRQHandler
 .text.gpio_init
                0x00020d40       0x30 ym/mbed-classic/existing/mbed-classic.a(gpio_api.c.o)
                0x00020d40                gpio_init
 .text.GPIOTE_IRQHandler
                0x00020d70       0xf4 ym/mbed-classic/existing/mbed-classic.a(gpio_irq_api.c.o)
                0x00020d70                GPIOTE_IRQHandler
 .text.gpio_irq_init
                0x00020e64       0x60 ym/mbed-classic/existing/mbed-classic.a(gpio_irq_api.c.o)
                0x00020e64                gpio_irq_init
 .text.gpio_irq_free
                0x00020ec4       0x10 ym/mbed-classic/existing/mbed-classic.a(gpio_irq_api.c.o)
                0x00020ec4                gpio_irq_free
 .text.gpio_irq_set
                0x00020ed4       0xa4 ym/mbed-classic/existing/mbed-classic.a(gpio_irq_api.c.o)
                0x00020ed4                gpio_irq_set
 .text.i2c_do_write
                0x00020f78       0x2c ym/mbed-classic/existing/mbed-classic.a(i2c_api.c.o)
                0x00020f78                i2c_do_write
 .text.i2c_do_read
                0x00020fa4       0x3c ym/mbed-classic/existing/mbed-classic.a(i2c_api.c.o)
                0x00020fa4                i2c_do_read
 .text.i2c_frequency
                0x00020fe0       0x48 ym/mbed-classic/existing/mbed-classic.a(i2c_api.c.o)
                0x00020fe0                i2c_frequency
 .text.twi_master_init
                0x00021028       0x44 ym/mbed-classic/existing/mbed-classic.a(i2c_api.c.o)
                0x00021028                twi_master_init
 .text.i2c_init
                0x0002106c       0xc4 ym/mbed-classic/existing/mbed-classic.a(i2c_api.c.o)
                0x0002106c                i2c_init
 .text.i2c_reset
                0x00021130       0x34 ym/mbed-classic/existing/mbed-classic.a(i2c_api.c.o)
                0x00021130                i2c_reset
 .text.i2c_stop
                0x00021164       0x34 ym/mbed-classic/existing/mbed-classic.a(i2c_api.c.o)
                0x00021164                i2c_stop
 .text.checkError
                0x00021198       0x28 ym/mbed-classic/existing/mbed-classic.a(i2c_api.c.o)
                0x00021198                checkError
 .text.port_init
                0x000211c0       0x28 ym/mbed-classic/existing/mbed-classic.a(port_api.c.o)
                0x000211c0                port_init
 .text.TIMER2_IRQHandler
                0x000211e8       0x64 ym/mbed-classic/existing/mbed-classic.a(pwmout_api.c.o)
                0x000211e8                TIMER2_IRQHandler
 .text.serial_baud.part.0
                0x0002124c       0x38 ym/mbed-classic/existing/mbed-classic.a(serial_api.c.o)
 .text.serial_init
                0x00021284       0xb8 ym/mbed-classic/existing/mbed-classic.a(serial_api.c.o)
                0x00021284                serial_init
 .text.serial_baud
                0x0002133c       0x20 ym/mbed-classic/existing/mbed-classic.a(serial_api.c.o)
                0x0002133c                serial_baud
 .text.UART0_IRQHandler
                0x0002135c       0x4c ym/mbed-classic/existing/mbed-classic.a(serial_api.c.o)
                0x0002135c                UART0_IRQHandler
 .text.serial_irq_handler
                0x000213a8       0x18 ym/mbed-classic/existing/mbed-classic.a(serial_api.c.o)
                0x000213a8                serial_irq_handler
 .text.serial_putc
                0x000213c0       0x1c ym/mbed-classic/existing/mbed-classic.a(serial_api.c.o)
                0x000213c0                serial_putc
 .text.spi_format
                0x000213dc       0x70 ym/mbed-classic/existing/mbed-classic.a(spi_api.c.o)
                0x000213dc                spi_format
 .text.spi_frequency
                0x0002144c       0x84 ym/mbed-classic/existing/mbed-classic.a(spi_api.c.o)
                0x0002144c                spi_frequency
 .text.spi_init
                0x000214d0      0x1d4 ym/mbed-classic/existing/mbed-classic.a(spi_api.c.o)
                0x000214d0                spi_init
 .text.spi_master_write
                0x000216a4       0x28 ym/mbed-classic/existing/mbed-classic.a(spi_api.c.o)
                0x000216a4                spi_master_write
 .text.twi_master_clear_bus
                0x000216cc       0xb4 ym/mbed-classic/existing/mbed-classic.a(twi_master.c.o)
 .text.twi_master_init_and_clear
                0x00021780       0x74 ym/mbed-classic/existing/mbed-classic.a(twi_master.c.o)
                0x00021780                twi_master_init_and_clear
 .text.tmr1_getCounter64
                0x000217f4       0x30 ym/mbed-classic/existing/mbed-classic.a(us_ticker.c.o)
 .text.TIMER1_IRQHandler
                0x00021824       0x50 ym/mbed-classic/existing/mbed-classic.a(us_ticker.c.o)
                0x00021824                TIMER1_IRQHandler
 .text.us_ticker_init
                0x00021874       0x8c ym/mbed-classic/existing/mbed-classic.a(us_ticker.c.o)
                0x00021874                us_ticker_init
 .text.us_ticker_read
                0x00021900       0x18 ym/mbed-classic/existing/mbed-classic.a(us_ticker.c.o)
                0x00021900                us_ticker_read
 .text.us_ticker_set_interrupt
                0x00021918       0x54 ym/mbed-classic/existing/mbed-classic.a(us_ticker.c.o)
                0x00021918                us_ticker_set_interrupt
 .text._ZN4mbed8FileBaseD2Ev
                0x0002196c       0x34 ym/mbed-classic/existing/mbed-classic.a(FileBase.cpp.o)
                0x0002196c                mbed::FileBase::~FileBase()
                0x0002196c                mbed::FileBase::~FileBase()
 .text._ZN4mbed8FileBaseC2EPKcNS_8PathTypeE
                0x000219a0       0x24 ym/mbed-classic/existing/mbed-classic.a(FileBase.cpp.o)
                0x000219a0                mbed::FileBase::FileBase(char const*, mbed::PathType)
                0x000219a0                mbed::FileBase::FileBase(char const*, mbed::PathType)
 .text._ZN4mbed8FileBase6lookupEPKcj
                0x000219c4       0x38 ym/mbed-classic/existing/mbed-classic.a(FileBase.cpp.o)
                0x000219c4                mbed::FileBase::lookup(char const*, unsigned int)
 .text._ZN4mbed8FileBase3getEi
                0x000219fc       0x1c ym/mbed-classic/existing/mbed-classic.a(FileBase.cpp.o)
                0x000219fc                mbed::FileBase::get(int)
 .text.SystemInit
                0x00021a18       0xb0 ym/mbed-classic/existing/mbed-classic.a(system_nrf51.c.o)
                0x00021a18                SystemInit
 .text._ZSt15get_new_handlerv
                0x00021ac8        0xc c:/yotta/gcc/bin/../lib/gcc/arm-none-eabi/4.9.3/../../../../arm-none-eabi/lib/armv6-m\libstdc++_nano.a(new_handler.o)
                0x00021ac8                std::get_new_handler()
 .text          0x00021ad4       0x14 c:/yotta/gcc/bin/../lib/gcc/arm-none-eabi/4.9.3/armv6-m\libgcc.a(_thumb1_case_uqi.o)
                0x00021ad4                __gnu_thumb1_case_uqi
 .text          0x00021ae8      0x120 c:/yotta/gcc/bin/../lib/gcc/arm-none-eabi/4.9.3/armv6-m\libgcc.a(_udivsi3.o)
                0x00021ae8                __aeabi_uidiv
                0x00021ae8                __udivsi3
                0x00021bf4                __aeabi_uidivmod
 .text          0x00021c08      0x1e0 c:/yotta/gcc/bin/../lib/gcc/arm-none-eabi/4.9.3/armv6-m\libgcc.a(_divsi3.o)
                0x00021c08                __divsi3
                0x00021c08                __aeabi_idiv
                0x00021dd4                __aeabi_idivmod
 .text          0x00021de8        0x4 c:/yotta/gcc/bin/../lib/gcc/arm-none-eabi/4.9.3/armv6-m\libgcc.a(_dvmd_tls.o)
                0x00021de8                __aeabi_idiv0
                0x00021de8                __aeabi_ldiv0
 .text          0x00021dec       0x74 c:/yotta/gcc/bin/../lib/gcc/arm-none-eabi/4.9.3/armv6-m\libgcc.a(_arm_cmpsf2.o)
                0x00021dec                __aeabi_cfrcmple
                0x00021df4                __aeabi_cfcmpeq
                0x00021df4                __aeabi_cfcmple
                0x00021e04                __aeabi_fcmpeq
                0x00021e10                __aeabi_fcmplt
                0x00021e24                __aeabi_fcmple
                0x00021e38                __aeabi_fcmpgt
                0x00021e4c                __aeabi_fcmpge
 .text          0x00021e60       0x30 c:/yotta/gcc/bin/../lib/gcc/arm-none-eabi/4.9.3/armv6-m\libgcc.a(_fixunssfsi.o)
                0x00021e60                __fixunssfsi
                0x00021e60                __aeabi_f2uiz
 .text          0x00021e90      0x2f8 c:/yotta/gcc/bin/../lib/gcc/arm-none-eabi/4.9.3/armv6-m\libgcc.a(addsf3.o)
                0x00021e90                __aeabi_fadd
 .text          0x00022188      0x270 c:/yotta/gcc/bin/../lib/gcc/arm-none-eabi/4.9.3/armv6-m\libgcc.a(divsf3.o)
                0x00022188                __aeabi_fdiv
 .text          0x000223f8       0x54 c:/yotta/gcc/bin/../lib/gcc/arm-none-eabi/4.9.3/armv6-m\libgcc.a(eqsf2.o)
                0x000223f8                __eqsf2
                0x000223f8                __nesf2
 .text          0x0002244c       0x94 c:/yotta/gcc/bin/../lib/gcc/arm-none-eabi/4.9.3/armv6-m\libgcc.a(gesf2.o)
                0x0002244c                __gesf2
                0x0002244c                __gtsf2
 .text          0x000224e0       0x8c c:/yotta/gcc/bin/../lib/gcc/arm-none-eabi/4.9.3/armv6-m\libgcc.a(lesf2.o)
                0x000224e0                __ltsf2
                0x000224e0                __lesf2
 .text          0x0002256c      0x264 c:/yotta/gcc/bin/../lib/gcc/arm-none-eabi/4.9.3/armv6-m\libgcc.a(mulsf3.o)
                0x0002256c                __aeabi_fmul
 .text          0x000227d0      0x2fc c:/yotta/gcc/bin/../lib/gcc/arm-none-eabi/4.9.3/armv6-m\libgcc.a(subsf3.o)
                0x000227d0                __aeabi_fsub
 .text          0x00022acc       0x40 c:/yotta/gcc/bin/../lib/gcc/arm-none-eabi/4.9.3/armv6-m\libgcc.a(fixsfsi.o)
                0x00022acc                __aeabi_f2iz
 .text          0x00022b0c       0x90 c:/yotta/gcc/bin/../lib/gcc/arm-none-eabi/4.9.3/armv6-m\libgcc.a(floatsisf.o)
                0x00022b0c                __aeabi_i2f
 .text          0x00022b9c       0x90 c:/yotta/gcc/bin/../lib/gcc/arm-none-eabi/4.9.3/armv6-m\libgcc.a(floatunsisf.o)
                0x00022b9c                __aeabi_ui2f
 .text          0x00022c2c      0x650 c:/yotta/gcc/bin/../lib/gcc/arm-none-eabi/4.9.3/armv6-m\libgcc.a(adddf3.o)
                0x00022c2c                __aeabi_dadd
 .text          0x0002327c      0x648 c:/yotta/gcc/bin/../lib/gcc/arm-none-eabi/4.9.3/armv6-m\libgcc.a(divdf3.o)
                0x0002327c                __aeabi_ddiv
 .text          0x000238c4      0x534 c:/yotta/gcc/bin/../lib/gcc/arm-none-eabi/4.9.3/armv6-m\libgcc.a(muldf3.o)
                0x000238c4                __aeabi_dmul
 .text          0x00023df8      0x6f4 c:/yotta/gcc/bin/../lib/gcc/arm-none-eabi/4.9.3/armv6-m\libgcc.a(subdf3.o)
                0x00023df8                __aeabi_dsub
 .text          0x000244ec       0x6c c:/yotta/gcc/bin/../lib/gcc/arm-none-eabi/4.9.3/armv6-m\libgcc.a(fixdfsi.o)
                0x000244ec                __aeabi_d2iz
 .text          0x00024558       0x78 c:/yotta/gcc/bin/../lib/gcc/arm-none-eabi/4.9.3/armv6-m\libgcc.a(floatsidf.o)
                0x00024558                __aeabi_i2d
 .text          0x000245d0       0xa8 c:/yotta/gcc/bin/../lib/gcc/arm-none-eabi/4.9.3/armv6-m\libgcc.a(extendsfdf2.o)
                0x000245d0                __aeabi_f2d
 .text          0x00024678      0x120 c:/yotta/gcc/bin/../lib/gcc/arm-none-eabi/4.9.3/armv6-m\libgcc.a(truncdfsf2.o)
                0x00024678                __aeabi_d2f
 .text          0x00024798       0x3c c:/yotta/gcc/bin/../lib/gcc/arm-none-eabi/4.9.3/armv6-m\libgcc.a(_clzsi2.o)
                0x00024798                __clzsi2
 .text.atan     0x000247d4      0x33c c:/yotta/gcc/bin/../lib/gcc/arm-none-eabi/4.9.3/../../../../arm-none-eabi/lib/armv6-m\libm.a(lib_a-s_atan.o)
                0x000247d4                atan
 .text.cos      0x00024b10       0x9c c:/yotta/gcc/bin/../lib/gcc/arm-none-eabi/4.9.3/../../../../arm-none-eabi/lib/armv6-m\libm.a(lib_a-s_cos.o)
                0x00024b10                cos
 .text.fabs     0x00024bac        0x8 c:/yotta/gcc/bin/../lib/gcc/arm-none-eabi/4.9.3/../../../../arm-none-eabi/lib/armv6-m\libm.a(lib_a-s_fabs.o)
                0x00024bac                fabs
 .text.sin      0x00024bb4       0xa0 c:/yotta/gcc/bin/../lib/gcc/arm-none-eabi/4.9.3/../../../../arm-none-eabi/lib/armv6-m\libm.a(lib_a-s_sin.o)
                0x00024bb4                sin
 .text.atan2    0x00024c54        0x8 c:/yotta/gcc/bin/../lib/gcc/arm-none-eabi/4.9.3/../../../../arm-none-eabi/lib/armv6-m\libm.a(lib_a-w_atan2.o)
                0x00024c54                atan2
 .text.__ieee754_atan2
                0x00024c5c      0x1a8 c:/yotta/gcc/bin/../lib/gcc/arm-none-eabi/4.9.3/../../../../arm-none-eabi/lib/armv6-m\libm.a(lib_a-e_atan2.o)
                0x00024c5c                __ieee754_atan2
 .text.__ieee754_rem_pio2
                0x00024e04      0x430 c:/yotta/gcc/bin/../lib/gcc/arm-none-eabi/4.9.3/../../../../arm-none-eabi/lib/armv6-m\libm.a(lib_a-e_rem_pio2.o)
                0x00024e04                __ieee754_rem_pio2
 .text.__kernel_cos
                0x00025234      0x234 c:/yotta/gcc/bin/../lib/gcc/arm-none-eabi/4.9.3/../../../../arm-none-eabi/lib/armv6-m\libm.a(lib_a-k_cos.o)
                0x00025234                __kernel_cos
 .text.__kernel_rem_pio2
                0x00025468      0x890 c:/yotta/gcc/bin/../lib/gcc/arm-none-eabi/4.9.3/../../../../arm-none-eabi/lib/armv6-m\libm.a(lib_a-k_rem_pio2.o)
                0x00025468                __kernel_rem_pio2
 .text.__kernel_sin